Archive member included to satisfy reference by file (symbol)

d:/simplicity_studio/developer/toolchains/gnu_arm/7.2_2017q4/bin/../lib/gcc/arm-none-eabi/7.2.1/thumb/v7e-m/fpv4-sp/softfp\libgcc.a(_arm_addsubdf3.o)
                              ./src/Source_files/si7021.o (__aeabi_dsub)
d:/simplicity_studio/developer/toolchains/gnu_arm/7.2_2017q4/bin/../lib/gcc/arm-none-eabi/7.2.1/thumb/v7e-m/fpv4-sp/softfp\libgcc.a(_arm_muldivdf3.o)
                              ./src/Source_files/si7021.o (__aeabi_dmul)
d:/simplicity_studio/developer/toolchains/gnu_arm/7.2_2017q4/bin/../lib/gcc/arm-none-eabi/7.2.1/thumb/v7e-m/fpv4-sp/softfp\libgcc.a(_arm_truncdfsf2.o)
                              ./src/Source_files/si7021.o (__aeabi_d2f)
d:/simplicity_studio/developer/toolchains/gnu_arm/7.2_2017q4/bin/../lib/gcc/arm-none-eabi/7.2.1/thumb/v7e-m/fpv4-sp/softfp\libgcc.a(_aeabi_ldivmod.o)
                              ./emlib/em_usart.o (__aeabi_ldivmod)
d:/simplicity_studio/developer/toolchains/gnu_arm/7.2_2017q4/bin/../lib/gcc/arm-none-eabi/7.2.1/thumb/v7e-m/fpv4-sp/softfp\libgcc.a(_aeabi_uldivmod.o)
                              ./emlib/em_usart.o (__aeabi_uldivmod)
d:/simplicity_studio/developer/toolchains/gnu_arm/7.2_2017q4/bin/../lib/gcc/arm-none-eabi/7.2.1/thumb/v7e-m/fpv4-sp/softfp\libgcc.a(_udivmoddi4.o)
                              d:/simplicity_studio/developer/toolchains/gnu_arm/7.2_2017q4/bin/../lib/gcc/arm-none-eabi/7.2.1/thumb/v7e-m/fpv4-sp/softfp\libgcc.a(_aeabi_ldivmod.o) (__udivmoddi4)
d:/simplicity_studio/developer/toolchains/gnu_arm/7.2_2017q4/bin/../lib/gcc/arm-none-eabi/7.2.1/thumb/v7e-m/fpv4-sp/softfp\libgcc.a(_dvmd_tls.o)
                              d:/simplicity_studio/developer/toolchains/gnu_arm/7.2_2017q4/bin/../lib/gcc/arm-none-eabi/7.2.1/thumb/v7e-m/fpv4-sp/softfp\libgcc.a(_aeabi_ldivmod.o) (__aeabi_ldiv0)
d:/simplicity_studio/developer/toolchains/gnu_arm/7.2_2017q4/bin/../lib/gcc/arm-none-eabi/7.2.1/../../../../arm-none-eabi/lib/thumb/v7e-m/fpv4-sp/softfp\libc_nano.a(lib_a-exit.o)
                              d:/simplicity_studio/developer/toolchains/gnu_arm/7.2_2017q4/bin/../lib/gcc/arm-none-eabi/7.2.1/../../../../arm-none-eabi/lib/thumb/v7e-m/fpv4-sp/softfp/crt0.o (exit)
d:/simplicity_studio/developer/toolchains/gnu_arm/7.2_2017q4/bin/../lib/gcc/arm-none-eabi/7.2.1/../../../../arm-none-eabi/lib/thumb/v7e-m/fpv4-sp/softfp\libc_nano.a(lib_a-impure.o)
                              d:/simplicity_studio/developer/toolchains/gnu_arm/7.2_2017q4/bin/../lib/gcc/arm-none-eabi/7.2.1/../../../../arm-none-eabi/lib/thumb/v7e-m/fpv4-sp/softfp\libc_nano.a(lib_a-exit.o) (_global_impure_ptr)
d:/simplicity_studio/developer/toolchains/gnu_arm/7.2_2017q4/bin/../lib/gcc/arm-none-eabi/7.2.1/../../../../arm-none-eabi/lib/thumb/v7e-m/fpv4-sp/softfp\libc_nano.a(lib_a-init.o)
                              d:/simplicity_studio/developer/toolchains/gnu_arm/7.2_2017q4/bin/../lib/gcc/arm-none-eabi/7.2.1/../../../../arm-none-eabi/lib/thumb/v7e-m/fpv4-sp/softfp/crt0.o (__libc_init_array)
d:/simplicity_studio/developer/toolchains/gnu_arm/7.2_2017q4/bin/../lib/gcc/arm-none-eabi/7.2.1/../../../../arm-none-eabi/lib/thumb/v7e-m/fpv4-sp/softfp\libc_nano.a(lib_a-memset.o)
                              d:/simplicity_studio/developer/toolchains/gnu_arm/7.2_2017q4/bin/../lib/gcc/arm-none-eabi/7.2.1/../../../../arm-none-eabi/lib/thumb/v7e-m/fpv4-sp/softfp/crt0.o (memset)
d:/simplicity_studio/developer/toolchains/gnu_arm/7.2_2017q4/bin/../lib/gcc/arm-none-eabi/7.2.1/../../../../arm-none-eabi/lib/thumb/v7e-m/fpv4-sp/softfp\libc_nano.a(lib_a-nano-vfprintf_float.o)
                              (_printf_float)
d:/simplicity_studio/developer/toolchains/gnu_arm/7.2_2017q4/bin/../lib/gcc/arm-none-eabi/7.2.1/../../../../arm-none-eabi/lib/thumb/v7e-m/fpv4-sp/softfp\libc_nano.a(lib_a-nano-vfprintf_i.o)
                              d:/simplicity_studio/developer/toolchains/gnu_arm/7.2_2017q4/bin/../lib/gcc/arm-none-eabi/7.2.1/../../../../arm-none-eabi/lib/thumb/v7e-m/fpv4-sp/softfp\libc_nano.a(lib_a-nano-vfprintf_float.o) (_printf_common)
d:/simplicity_studio/developer/toolchains/gnu_arm/7.2_2017q4/bin/../lib/gcc/arm-none-eabi/7.2.1/../../../../arm-none-eabi/lib/thumb/v7e-m/fpv4-sp/softfp\libc_nano.a(lib_a-sprintf.o)
                              ./src/Source_files/si7021.o (sprintf)
d:/simplicity_studio/developer/toolchains/gnu_arm/7.2_2017q4/bin/../lib/gcc/arm-none-eabi/7.2.1/../../../../arm-none-eabi/lib/thumb/v7e-m/fpv4-sp/softfp\libc_nano.a(lib_a-strcpy.o)
                              ./src/Source_files/ble.o (strcpy)
d:/simplicity_studio/developer/toolchains/gnu_arm/7.2_2017q4/bin/../lib/gcc/arm-none-eabi/7.2.1/../../../../arm-none-eabi/lib/thumb/v7e-m/fpv4-sp/softfp\libc_nano.a(lib_a-strlen.o)
                              ./src/Source_files/ble.o (strlen)
d:/simplicity_studio/developer/toolchains/gnu_arm/7.2_2017q4/bin/../lib/gcc/arm-none-eabi/7.2.1/../../../../arm-none-eabi/lib/thumb/v7e-m/fpv4-sp/softfp\libc_nano.a(lib_a-dtoa.o)
[...]
Memory Configuration

Name             Origin             Length             Attributes
FLASH            0x00000000         0x00100000         xr
RAM              0x20000000         0x00040000         xrw
*default*        0x00000000         0xffffffff

Linker script and memory map

LOAD d:/simplicity_studio/developer/toolchains/gnu_arm/7.2_2017q4/bin/../lib/gcc/arm-none-eabi/7.2.1/thumb/v7e-m/fpv4-sp/softfp/crti.o
LOAD d:/simplicity_studio/developer/toolchains/gnu_arm/7.2_2017q4/bin/../lib/gcc/arm-none-eabi/7.2.1/thumb/v7e-m/fpv4-sp/softfp/crtbegin.o
LOAD d:/simplicity_studio/developer/toolchains/gnu_arm/7.2_2017q4/bin/../lib/gcc/arm-none-eabi/7.2.1/../../../../arm-none-eabi/lib/thumb/v7e-m/fpv4-sp/softfp/crt0.o
LOAD ./CMSIS/EFM32PG12B/startup_gcc_efm32pg12b.o
LOAD ./CMSIS/EFM32PG12B/system_efm32pg12b.o
LOAD ./emlib/em_acmp.o
LOAD ./emlib/em_adc.o
LOAD ./emlib/em_aes.o
LOAD ./emlib/em_assert.o
LOAD ./emlib/em_burtc.o
LOAD ./emlib/em_can.o
LOAD ./emlib/em_cmu.o
LOAD ./emlib/em_core.o
LOAD ./emlib/em_cryotimer.o
LOAD ./emlib/em_crypto.o
LOAD ./emlib/em_csen.o
LOAD ./emlib/em_dac.o
LOAD ./emlib/em_dbg.o
LOAD ./emlib/em_dma.o
LOAD ./emlib/em_ebi.o
LOAD ./emlib/em_emu.o
LOAD ./emlib/em_gpcrc.o
LOAD ./emlib/em_gpio.o
LOAD ./emlib/em_i2c.o
LOAD ./emlib/em_iadc.o
LOAD ./emlib/em_idac.o
LOAD ./emlib/em_int.o
LOAD ./emlib/em_lcd.o
LOAD ./emlib/em_ldma.o
LOAD ./emlib/em_lesense.o
LOAD ./emlib/em_letimer.o
LOAD ./emlib/em_leuart.o
LOAD ./emlib/em_mpu.o
LOAD ./emlib/em_msc.o
LOAD ./emlib/em_opamp.o
LOAD ./emlib/em_pcnt.o
LOAD ./emlib/em_pdm.o
LOAD ./emlib/em_prs.o
LOAD ./emlib/em_qspi.o
LOAD ./emlib/em_rmu.o
LOAD ./emlib/em_rtc.o
LOAD ./emlib/em_rtcc.o
LOAD ./emlib/em_se.o
LOAD ./emlib/em_system.o
LOAD ./emlib/em_timer.o
LOAD ./emlib/em_usart.o
LOAD ./emlib/em_vcmp.o
LOAD ./emlib/em_vdac.o
LOAD ./emlib/em_wdog.o
LOAD ./src/Source_files/app.o
LOAD ./src/Source_files/ble.o
LOAD ./src/Source_files/cmu.o
LOAD ./src/Source_files/gpio.o
LOAD ./src/Source_files/i2c.o
LOAD ./src/Source_files/letimer.o
LOAD ./src/Source_files/leuart.o
LOAD ./src/Source_files/scheduler.o
LOAD ./src/Source_files/si7021.o
LOAD ./src/Source_files/sleep_routines.o
LOAD ./src/main.o
START GROUP
LOAD d:/simplicity_studio/developer/toolchains/gnu_arm/7.2_2017q4/bin/../lib/gcc/arm-none-eabi/7.2.1/thumb/v7e-m/fpv4-sp/softfp\libgcc.a
LOAD d:/simplicity_studio/developer/toolchains/gnu_arm/7.2_2017q4/bin/../lib/gcc/arm-none-eabi/7.2.1/../../../../arm-none-eabi/lib/thumb/v7e-m/fpv4-sp/softfp\libc_nano.a
LOAD d:/simplicity_studio/developer/toolchains/gnu_arm/7.2_2017q4/bin/../lib/gcc/arm-none-eabi/7.2.1/../../../../arm-none-eabi/lib/thumb/v7e-m/fpv4-sp/softfp\libnosys.a
END GROUP
START GROUP
LOAD d:/simplicity_studio/developer/toolchains/gnu_arm/7.2_2017q4/bin/../lib/gcc/arm-none-eabi/7.2.1/thumb/v7e-m/fpv4-sp/softfp\libgcc.a
LOAD d:/simplicity_studio/developer/toolchains/gnu_arm/7.2_2017q4/bin/../lib/gcc/arm-none-eabi/7.2.1/../../../../arm-none-eabi/lib/thumb/v7e-m/fpv4-sp/softfp\libg_nano.a
LOAD d:/simplicity_studio/developer/toolchains/gnu_arm/7.2_2017q4/bin/../lib/gcc/arm-none-eabi/7.2.1/../../../../arm-none-eabi/lib/thumb/v7e-m/fpv4-sp/softfp\libc_nano.a
END GROUP
START GROUP
LOAD d:/simplicity_studio/developer/toolchains/gnu_arm/7.2_2017q4/bin/../lib/gcc/arm-none-eabi/7.2.1/thumb/v7e-m/fpv4-sp/softfp\libgcc.a
LOAD d:/simplicity_studio/developer/toolchains/gnu_arm/7.2_2017q4/bin/../lib/gcc/arm-none-eabi/7.2.1/../../../../arm-none-eabi/lib/thumb/v7e-m/fpv4-sp/softfp\libc_nano.a
END GROUP
LOAD d:/simplicity_studio/developer/toolchains/gnu_arm/7.2_2017q4/bin/../lib/gcc/arm-none-eabi/7.2.1/thumb/v7e-m/fpv4-sp/softfp/crtend.o
LOAD d:/simplicity_studio/developer/toolchains/gnu_arm/7.2_2017q4/bin/../lib/gcc/arm-none-eabi/7.2.1/thumb/v7e-m/fpv4-sp/softfp/crtn.o

.text           0x00000000     0x6344
 *(.vectors)
 .vectors       0x00000000      0x10c ./CMSIS/EFM32PG12B/startup_gcc_efm32pg12b.o
                0x00000000                __Vectors
                0x0000010c                __Vectors_End = .
                0x0000010c                __Vectors_Size = (__Vectors_End - __Vectors)
                0x0000010c                __end__ = .
 *(.text*)
 .text          0x0000010c       0x40 d:/simplicity_studio/developer/toolchains/gnu_arm/7.2_2017q4/bin/../lib/gcc/arm-none-eabi/7.2.1/thumb/v7e-m/fpv4-sp/softfp/crtbegin.o
 .text          0x0000014c       0x74 d:/simplicity_studio/developer/toolchains/gnu_arm/7.2_2017q4/bin/../lib/gcc/arm-none-eabi/7.2.1/../../../../arm-none-eabi/lib/thumb/v7e-m/fpv4-sp/softfp/crt0.o
                0x0000014c                _start
                0x0000014c                _mainCRTStartup
 .text          0x000001c0       0x30 ./CMSIS/EFM32PG12B/startup_gcc_efm32pg12b.o
                0x000001c0                Reset_Handler
                0x000001ec                USART0_TX_IRQHandler
                0x000001ec                HardFault_Handler
                0x000001ec                SysTick_Handler
                0x000001ec                USART1_RX_IRQHandler
                0x000001ec                PendSV_Handler
                0x000001ec                NMI_Handler
                0x000001ec                I2C1_IRQHandler
                0x000001ec                WTIMER0_IRQHandler
                0x000001ec                CRYPTO0_IRQHandler
                0x000001ec                WDOG0_IRQHandler
                0x000001ec                USART1_TX_IRQHandler
                0x000001ec                SMU_IRQHandler
                0x000001ec                MSC_IRQHandler
                0x000001ec                ADC0_IRQHandler
                0x000001ec                UsageFault_Handler
                0x000001ec                WDOG1_IRQHandler
                0x000001ec                FPUEH_IRQHandler
                0x000001ec                WTIMER1_IRQHandler
                0x000001ec                GPIO_EVEN_IRQHandler
                0x000001ec                VDAC0_IRQHandler
                0x000001ec                LDMA_IRQHandler
                0x000001ec                CSEN_IRQHandler
                0x000001ec                CRYPTO1_IRQHandler
                0x000001ec                TIMER0_IRQHandler
                0x000001ec                DebugMon_Handler
                0x000001ec                PCNT2_IRQHandler
                0x000001ec                TIMER1_IRQHandler
                0x000001ec                TRNG0_IRQHandler
                0x000001ec                USART2_RX_IRQHandler
                0x000001ec                Default_Handler
                0x000001ec                EMU_IRQHandler
                0x000001ec                CRYOTIMER_IRQHandler
                0x000001ec                PCNT0_IRQHandler
                0x000001ec                PCNT1_IRQHandler
                0x000001ec                ACMP0_IRQHandler
                0x000001ec                USART0_RX_IRQHandler
                0x000001ec                MemManage_Handler
                0x000001ec                SVC_Handler
                0x000001ec                USART3_RX_IRQHandler
                0x000001ec                RTCC_IRQHandler
                0x000001ec                CMU_IRQHandler
                0x000001ec                LESENSE_IRQHandler
                0x000001ec                GPIO_ODD_IRQHandler
                0x000001ec                USART3_TX_IRQHandler
                0x000001ec                BusFault_Handler
                0x000001ec                USART2_TX_IRQHandler
                0x000001ec                IDAC0_IRQHandler
 .text.SystemMaxCoreClockGet
                0x000001f0        0x8 ./CMSIS/EFM32PG12B/system_efm32pg12b.o
                0x000001f0                SystemMaxCoreClockGet
 .text.SystemHFClockGet
                0x000001f8       0x50 ./CMSIS/EFM32PG12B/system_efm32pg12b.o
                0x000001f8                SystemHFClockGet
 .text.SystemCoreClockGet
                0x00000248       0x24 ./CMSIS/EFM32PG12B/system_efm32pg12b.o
                0x00000248                SystemCoreClockGet
 .text.SystemHFXOClockGet
                0x0000026c        0xc ./CMSIS/EFM32PG12B/system_efm32pg12b.o
                0x0000026c                SystemHFXOClockGet
 .text.SystemInit
                0x00000278       0x1c ./CMSIS/EFM32PG12B/system_efm32pg12b.o
                0x00000278                SystemInit
 .text.SystemLFRCOClockGet
                0x00000294        0x8 ./CMSIS/EFM32PG12B/system_efm32pg12b.o
                0x00000294                SystemLFRCOClockGet
 .text.SystemULFRCOClockGet
                0x0000029c        0x8 ./CMSIS/EFM32PG12B/system_efm32pg12b.o
                0x0000029c                SystemULFRCOClockGet
 .text.SystemLFXOClockGet
                0x000002a4        0xc ./CMSIS/EFM32PG12B/system_efm32pg12b.o
                0x000002a4                SystemLFXOClockGet
 .text.assertEFM
                0x000002b0        0x4 ./emlib/em_assert.o
                0x000002b0                assertEFM
 .text.CMU_HFRCODevinfoGet
                0x000002b4       0xb4 ./emlib/em_cmu.o
 .text.flashWaitStateControl
                0x00000368       0x64 ./emlib/em_cmu.o
 .text.flashWaitStateMax
                0x000003cc       0x24 ./emlib/em_cmu.o
 .text.CMU_UpdateWaitStates
                0x000003f0       0x1c ./emlib/em_cmu.o
                0x000003f0                CMU_UpdateWaitStates
 .text.CMU_ClockEnable
                0x0000040c       0xc4 ./emlib/em_cmu.o
                0x0000040c                CMU_ClockEnable
 .text.CMU_ClockSelectGet
                0x000004d0       0xe0 ./emlib/em_cmu.o
                0x000004d0                CMU_ClockSelectGet
 .text.lfClkGet
                0x000005b0       0xd0 ./emlib/em_cmu.o
 .text.CMU_ClockFreqGet
                0x00000680      0x1e8 ./emlib/em_cmu.o
                0x00000680                CMU_ClockFreqGet
 .text.CMU_HFRCOBandSet
                0x00000868      0x1dc ./emlib/em_cmu.o
                0x00000868                CMU_HFRCOBandSet
 .text.CMU_OscillatorTuningSet
                0x00000a44      0x100 ./emlib/em_cmu.o
                0x00000a44                CMU_OscillatorTuningSet
 .text.CMU_OscillatorTuningWait
                0x00000b44       0x68 ./emlib/em_cmu.o
                0x00000b44                CMU_OscillatorTuningWait
 .text.CMU_OscillatorEnable
                0x00000bac      0x168 ./emlib/em_cmu.o
                0x00000bac                CMU_OscillatorEnable
 .text.CMU_ClockSelectSet
                0x00000d14      0x2d8 ./emlib/em_cmu.o
                0x00000d14                CMU_ClockSelectSet
 .text.CMU_HFXOInit
                0x00000fec       0xc4 ./emlib/em_cmu.o
                0x00000fec                CMU_HFXOInit
 .text.lpGetDevinfoVrefLowHigh
                0x000010b0       0xf0 ./emlib/em_emu.o
 .text.vScaleDownEM23Setup
                0x000011a0       0x30 ./emlib/em_emu.o
 .text.vScaleAfterWakeup.part.1
                0x000011d0       0x20 ./emlib/em_emu.o
 .text.emState.part.2
                0x000011f0       0xc0 ./emlib/em_emu.o
 .text.lpCmpHystCalibrationLoad.isra.3
                0x000012b0       0x80 ./emlib/em_emu.o
 .text.emState.constprop.5
                0x00001330       0x50 ./emlib/em_emu.o
 .text.EMU_EnterEM2
                0x00001380       0x4c ./emlib/em_emu.o
                0x00001380                EMU_EnterEM2
 .text.EMU_EnterEM3
                0x000013cc       0x68 ./emlib/em_emu.o
                0x000013cc                EMU_EnterEM3
 .text.EMU_VScaleEM01
                0x00001434       0x94 ./emlib/em_emu.o
                0x00001434                EMU_VScaleEM01
 .text.EMU_VScaleEM01ByClock
                0x000014c8       0x50 ./emlib/em_emu.o
                0x000014c8                EMU_VScaleEM01ByClock
 .text.EMU_EM23Init
                0x00001518       0x34 ./emlib/em_emu.o
                0x00001518                EMU_EM23Init
 .text.EMU_DCDCModeSet
                0x0000154c       0x84 ./emlib/em_emu.o
                0x0000154c                EMU_DCDCModeSet
 .text.EMU_DCDCOutputVoltageSet
                0x000015d0      0x1a8 ./emlib/em_emu.o
                0x000015d0                EMU_DCDCOutputVoltageSet
 .text.EMU_DCDCOptimizeSlice
                0x00001778      0x100 ./emlib/em_emu.o
                0x00001778                EMU_DCDCOptimizeSlice
 .text.EMU_DCDCLnRcoBandSet
                0x00001878       0x40 ./emlib/em_emu.o
                0x00001878                EMU_DCDCLnRcoBandSet
 .text.EMU_DCDCInit
                0x000018b8      0x1d4 ./emlib/em_emu.o
                0x000018b8                EMU_DCDCInit
 .text.GPIO_DriveStrengthSet
                0x00001a8c       0x50 ./emlib/em_gpio.o
                0x00001a8c                GPIO_DriveStrengthSet
 .text.GPIO_PinModeSet
                0x00001adc      0x2e0 ./emlib/em_gpio.o
                0x00001adc                GPIO_PinModeSet
 .text.I2C_BusFreqSet
                0x00001dbc      0x10c ./emlib/em_i2c.o
                0x00001dbc                I2C_BusFreqSet
 .text.I2C_Enable
                0x00001ec8       0x30 ./emlib/em_i2c.o
                0x00001ec8                I2C_Enable
 .text.I2C_Init
                0x00001ef8       0x58 ./emlib/em_i2c.o
                0x00001ef8                I2C_Init
 .text.LETIMER_CompareSet
                0x00001f50       0x40 ./emlib/em_letimer.o
                0x00001f50                LETIMER_CompareSet
 .text.LETIMER_Enable
                0x00001f90       0x2c ./emlib/em_letimer.o
                0x00001f90                LETIMER_Enable
 .text.LETIMER_Init
                0x00001fbc       0x80 ./emlib/em_letimer.o
                0x00001fbc                LETIMER_Init
 .text.LEUART_BaudrateSet
                0x0000203c       0x80 ./emlib/em_leuart.o
                0x0000203c                LEUART_BaudrateSet
 .text.LEUART_Init
                0x000020bc       0x60 ./emlib/em_leuart.o
                0x000020bc                LEUART_Init
 .text.app_letimer_pwm_open
                0x0000211c       0x48 ./src/Source_files/app.o
                0x0000211c                app_letimer_pwm_open
 .text.app_peripheral_setup
                0x00002164       0x38 ./src/Source_files/app.o
                0x00002164                app_peripheral_setup
 .text.scheduled_letimer0_comp0_evt
                0x0000219c       0x18 ./src/Source_files/app.o
                0x0000219c                scheduled_letimer0_comp0_evt
 .text.scheduled_letimer0_comp1_evt
                0x000021b4       0x18 ./src/Source_files/app.o
                0x000021b4                scheduled_letimer0_comp1_evt
 .text.scheduled_letimer0_uf_evt
                0x000021cc       0x24 ./src/Source_files/app.o
                0x000021cc                scheduled_letimer0_uf_evt
 .text.scheduled_si7021_done_evt
                0x000021f0       0x4c ./src/Source_files/app.o
                0x000021f0                scheduled_si7021_done_evt
 .text.scheduled_boot_up_evt
                0x0000223c       0x18 ./src/Source_files/app.o
                0x0000223c                scheduled_boot_up_evt
 .text.scheduled_tx_done_evt
                0x00002254       0x2c ./src/Source_files/app.o
                0x00002254                scheduled_tx_done_evt
 .text.ble_open
                0x00002280       0x4c ./src/Source_files/ble.o
                0x00002280                ble_open
 .text.ble_write
                0x000022cc       0x1c ./src/Source_files/ble.o
                0x000022cc                ble_write
 .text.cmu_open
                0x000022e8       0x54 ./src/Source_files/cmu.o
                0x000022e8                cmu_open
 .text.gpio_open
                0x0000233c       0x8c ./src/Source_files/gpio.o
                0x0000233c                gpio_open
 .text.i2c_bus_reset
                0x000023c8      0x304 ./src/Source_files/i2c.o
                0x000023c8                i2c_bus_reset
 .text.i2c_open
                0x000026cc      0x144 ./src/Source_files/i2c.o
                0x000026cc                i2c_open
 .text.i2c_start
                0x00002810       0x50 ./src/Source_files/i2c.o
                0x00002810                i2c_start
 .text.I2C0_IRQHandler
                0x00002860      0x294 ./src/Source_files/i2c.o
                0x00002860                I2C0_IRQHandler
 .text.letimer_start.part.0
                0x00002af4       0x1c ./src/Source_files/letimer.o
 .text.letimer_pwm_open
                0x00002b10      0x13c ./src/Source_files/letimer.o
                0x00002b10                letimer_pwm_open
 .text.letimer_start
                0x00002c4c       0x34 ./src/Source_files/letimer.o
                0x00002c4c                letimer_start
 .text.LETIMER0_IRQHandler
                0x00002c80       0x88 ./src/Source_files/letimer.o
                0x00002c80                LETIMER0_IRQHandler
 .text.leuart_open
                0x00002d08      0x1a4 ./src/Source_files/leuart.o
                0x00002d08                leuart_open
 .text.leuart_start
                0x00002eac       0x48 ./src/Source_files/leuart.o
                0x00002eac                leuart_start
 .text.leuart_tx_busy
                0x00002ef4       0x54 ./src/Source_files/leuart.o
                0x00002ef4                leuart_tx_busy
 .text.LEUART0_IRQHandler
                0x00002f48       0x48 ./src/Source_files/leuart.o
                0x00002f48                LEUART0_IRQHandler
 .text.scheduler_open
                0x00002f90        0xc ./src/Source_files/scheduler.o
                0x00002f90                scheduler_open
 .text.add_scheduled_event
                0x00002f9c       0x14 ./src/Source_files/scheduler.o
                0x00002f9c                add_scheduled_event
 .text.remove_scheduled_event
                0x00002fb0       0x14 ./src/Source_files/scheduler.o
                0x00002fb0                remove_scheduled_event
 .text.get_scheduled_events
                0x00002fc4        0xc ./src/Source_files/scheduler.o
                0x00002fc4                get_scheduled_events
 .text.si7021_i2c_open
                0x00002fd0       0x5c ./src/Source_files/si7021.o
                0x00002fd0                si7021_i2c_open
 .text.si7021_read
                0x0000302c       0x28 ./src/Source_files/si7021.o
                0x0000302c                si7021_read
 *fill*         0x00003054        0x4 
 .text.si7021_get_tempF
                0x00003058       0x98 ./src/Source_files/si7021.o
                0x00003058                si7021_get_tempF
 .text.sleep_open
                0x000030f0       0x14 ./src/Source_files/sleep_routines.o
                0x000030f0                sleep_open
 .text.enter_sleep
                0x00003104       0x40 ./src/Source_files/sleep_routines.o
                0x00003104                enter_sleep
 .text.sleep_block_mode
                0x00003144       0x28 ./src/Source_files/sleep_routines.o
                0x00003144                sleep_block_mode
 .text.sleep_unblock_mode
                0x0000316c       0x2c ./src/Source_files/sleep_routines.o
                0x0000316c                sleep_unblock_mode
 .text.startup.main
                0x00003198      0x160 ./src/main.o
                0x00003198                main
 .text          0x000032f8      0x378 d:/simplicity_studio/developer/toolchains/gnu_arm/7.2_2017q4/bin/../lib/gcc/arm-none-eabi/7.2.1/thumb/v7e-m/fpv4-sp/softfp\libgcc.a(_arm_addsubdf3.o)
                0x000032f8                __aeabi_drsub
                0x00003300                __aeabi_dsub
                0x00003300                __subdf3
                0x00003304                __aeabi_dadd
                0x00003304                __adddf3
                0x0000357c                __floatunsidf
                0x0000357c                __aeabi_ui2d
                0x0000359c                __floatsidf
                0x0000359c                __aeabi_i2d
                0x000035c0                __aeabi_f2d
                0x000035c0                __extendsfdf2
                0x00003604                __floatundidf
                0x00003604                __aeabi_ul2d
                0x00003614                __floatdidf
                0x00003614                __aeabi_l2d
 .text          0x00003670      0x424 d:/simplicity_studio/developer/toolchains/gnu_arm/7.2_2017q4/bin/../lib/gcc/arm-none-eabi/7.2.1/thumb/v7e-m/fpv4-sp/softfp\libgcc.a(_arm_muldivdf3.o)
                0x00003670                __aeabi_dmul
                0x00003670                __muldf3
                0x000038c4                __divdf3
                0x000038c4                __aeabi_ddiv
 .text          0x00003a94       0xa0 d:/simplicity_studio/developer/toolchains/gnu_arm/7.2_2017q4/bin/../lib/gcc/arm-none-eabi/7.2.1/thumb/v7e-m/fpv4-sp/softfp\libgcc.a(_arm_truncdfsf2.o)
                0x00003a94                __truncdfsf2
                0x00003a94                __aeabi_d2f
 .text.exit     0x00003b34       0x28 d:/simplicity_studio/developer/toolchains/gnu_arm/7.2_2017q4/bin/../lib/gcc/arm-none-eabi/7.2.1/../../../../arm-none-eabi/lib/thumb/v7e-m/fpv4-sp/softfp\libc_nano.a(lib_a-exit.o)
                0x00003b34                exit
 .text.__libc_init_array
                0x00003b5c       0x48 d:/simplicity_studio/developer/toolchains/gnu_arm/7.2_2017q4/bin/../lib/gcc/arm-none-eabi/7.2.1/../../../../arm-none-eabi/lib/thumb/v7e-m/fpv4-sp/softfp\libc_nano.a(lib_a-init.o)
                0x00003b5c                __libc_init_array
 .text.memset   0x00003ba4       0x10 d:/simplicity_studio/developer/toolchains/gnu_arm/7.2_2017q4/bin/../lib/gcc/arm-none-eabi/7.2.1/../../../../arm-none-eabi/lib/thumb/v7e-m/fpv4-sp/softfp\libc_nano.a(lib_a-memset.o)
                0x00003ba4                memset
 .text.__cvt    0x00003bb4       0xbc d:/simplicity_studio/developer/toolchains/gnu_arm/7.2_2017q4/bin/../lib/gcc/arm-none-eabi/7.2.1/../../../../arm-none-eabi/lib/thumb/v7e-m/fpv4-sp/softfp\libc_nano.a(lib_a-nano-vfprintf_float.o)
                0x00003bb4                __cvt
 .text.__exponent
                0x00003c70       0x66 d:/simplicity_studio/developer/toolchains/gnu_arm/7.2_2017q4/bin/../lib/gcc/arm-none-eabi/7.2.1/../../../../arm-none-eabi/lib/thumb/v7e-m/fpv4-sp/softfp\libc_nano.a(lib_a-nano-vfprintf_float.o)
                0x00003c70                __exponent
 *fill*         0x00003cd6        0x2 
 .text._printf_float
                0x00003cd8      0x48c d:/simplicity_studio/developer/toolchains/gnu_arm/7.2_2017q4/bin/../lib/gcc/arm-none-eabi/7.2.1/../../../../arm-none-eabi/lib/thumb/v7e-m/fpv4-sp/softfp\libc_nano.a(lib_a-nano-vfprintf_float.o)
                0x00003cd8                _printf_float
 .text._printf_common
                0x00004164       0xea d:/simplicity_studio/developer/toolchains/gnu_arm/7.2_2017q4/bin/../lib/gcc/arm-none-eabi/7.2.1/../../../../arm-none-eabi/lib/thumb/v7e-m/fpv4-sp/softfp\libc_nano.a(lib_a-nano-vfprintf_i.o)
                0x00004164                _printf_common
 *fill*         0x0000424e        0x2 
 .text._printf_i
                0x00004250      0x224 d:/simplicity_studio/developer/toolchains/gnu_arm/7.2_2017q4/bin/../lib/gcc/arm-none-eabi/7.2.1/../../../../arm-none-eabi/lib/thumb/v7e-m/fpv4-sp/softfp\libc_nano.a(lib_a-nano-vfprintf_i.o)
                0x00004250                _printf_i
 .text.sprintf  0x00004474       0x40 d:/simplicity_studio/developer/toolchains/gnu_arm/7.2_2017q4/bin/../lib/gcc/arm-none-eabi/7.2.1/../../../../arm-none-eabi/lib/thumb/v7e-m/fpv4-sp/softfp\libc_nano.a(lib_a-sprintf.o)
                0x00004474                siprintf
                0x00004474                sprintf
 .text.strcpy   0x000044b4       0x10 d:/simplicity_studio/developer/toolchains/gnu_arm/7.2_2017q4/bin/../lib/gcc/arm-none-eabi/7.2.1/../../../../arm-none-eabi/lib/thumb/v7e-m/fpv4-sp/softfp\libc_nano.a(lib_a-strcpy.o)
                0x000044b4                strcpy
 .text          0x000044c4       0x10 d:/simplicity_studio/developer/toolchains/gnu_arm/7.2_2017q4/bin/../lib/gcc/arm-none-eabi/7.2.1/../../../../arm-none-eabi/lib/thumb/v7e-m/fpv4-sp/softfp\libc_nano.a(lib_a-strlen.o)
                0x000044c4                strlen
 .text.quorem   0x000044d4      0x118 d:/simplicity_studio/developer/toolchains/gnu_arm/7.2_2017q4/bin/../lib/gcc/arm-none-eabi/7.2.1/../../../../arm-none-eabi/lib/thumb/v7e-m/fpv4-sp/softfp\libc_nano.a(lib_a-dtoa.o)
 *fill*         0x000045ec        0x4 
 .text._dtoa_r  0x000045f0      0xb7c d:/simplicity_studio/developer/toolchains/gnu_arm/7.2_2017q4/bin/../lib/gcc/arm-none-eabi/7.2.1/../../../../arm-none-eabi/lib/thumb/v7e-m/fpv4-sp/softfp\libc_nano.a(lib_a-dtoa.o)
                0x000045f0                _dtoa_r
 .text._localeconv_r
                0x0000516c       0x1c d:/simplicity_studio/developer/toolchains/gnu_arm/7.2_2017q4/bin/../lib/gcc/arm-none-eabi/7.2.1/../../../../arm-none-eabi/lib/thumb/v7e-m/fpv4-sp/softfp\libc_nano.a(lib_a-localeconv.o)
                0x0000516c                _localeconv_r
 .text.malloc   0x00005188       0x10 d:/simplicity_studio/developer/toolchains/gnu_arm/7.2_2017q4/bin/../lib/gcc/arm-none-eabi/7.2.1/../../../../arm-none-eabi/lib/thumb/v7e-m/fpv4-sp/softfp\libc_nano.a(lib_a-malloc.o)
                0x00005188                malloc
 *fill*         0x00005198        0x8 
 .text          0x000051a0       0xa0 d:/simplicity_studio/developer/toolchains/gnu_arm/7.2_2017q4/bin/../lib/gcc/arm-none-eabi/7.2.1/../../../../arm-none-eabi/lib/thumb/v7e-m/fpv4-sp/softfp\libc_nano.a(lib_a-memchr.o)
                0x000051a0                memchr
 .text.memcpy   0x00005240       0x16 d:/simplicity_studio/developer/toolchains/gnu_arm/7.2_2017q4/bin/../lib/gcc/arm-none-eabi/7.2.1/../../../../arm-none-eabi/lib/thumb/v7e-m/fpv4-sp/softfp\libc_nano.a(lib_a-memcpy-stub.o)
                0x00005240                memcpy
 .text._Balloc  0x00005256       0x68 d:/simplicity_studio/developer/toolchains/gnu_arm/7.2_2017q4/bin/../lib/gcc/arm-none-eabi/7.2.1/../../../../arm-none-eabi/lib/thumb/v7e-m/fpv4-sp/softfp\libc_nano.a(lib_a-mprec.o)
                0x00005256                _Balloc
 .text._Bfree   0x000052be       0x2e d:/simplicity_studio/developer/toolchains/gnu_arm/7.2_2017q4/bin/../lib/gcc/arm-none-eabi/7.2.1/../../../../arm-none-eabi/lib/thumb/v7e-m/fpv4-sp/softfp\libc_nano.a(lib_a-mprec.o)
                0x000052be                _Bfree
 .text.__multadd
                0x000052ec       0x76 d:/simplicity_studio/developer/toolchains/gnu_arm/7.2_2017q4/bin/../lib/gcc/arm-none-eabi/7.2.1/../../../../arm-none-eabi/lib/thumb/v7e-m/fpv4-sp/softfp\libc_nano.a(lib_a-mprec.o)
                0x000052ec                __multadd
 .text.__hi0bits
                0x00005362       0x3e d:/simplicity_studio/developer/toolchains/gnu_arm/7.2_2017q4/bin/../lib/gcc/arm-none-eabi/7.2.1/../../../../arm-none-eabi/lib/thumb/v7e-m/fpv4-sp/softfp\libc_nano.a(lib_a-mprec.o)
                0x00005362                __hi0bits
 .text.__lo0bits
                0x000053a0       0x5e d:/simplicity_studio/developer/toolchains/gnu_arm/7.2_2017q4/bin/../lib/gcc/arm-none-eabi/7.2.1/../../../../arm-none-eabi/lib/thumb/v7e-m/fpv4-sp/softfp\libc_nano.a(lib_a-mprec.o)
                0x000053a0                __lo0bits
 .text.__i2b    0x000053fe       0x12 d:/simplicity_studio/developer/toolchains/gnu_arm/7.2_2017q4/bin/../lib/gcc/arm-none-eabi/7.2.1/../../../../arm-none-eabi/lib/thumb/v7e-m/fpv4-sp/softfp\libc_nano.a(lib_a-mprec.o)
                0x000053fe                __i2b
 .text.__multiply
                0x00005410      0x12c d:/simplicity_studio/developer/toolchains/gnu_arm/7.2_2017q4/bin/../lib/gcc/arm-none-eabi/7.2.1/../../../../arm-none-eabi/lib/thumb/v7e-m/fpv4-sp/softfp\libc_nano.a(lib_a-mprec.o)
                0x00005410                __multiply
 .text.__pow5mult
                0x0000553c       0x9c d:/simplicity_studio/developer/toolchains/gnu_arm/7.2_2017q4/bin/../lib/gcc/arm-none-eabi/7.2.1/../../../../arm-none-eabi/lib/thumb/v7e-m/fpv4-sp/softfp\libc_nano.a(lib_a-mprec.o)
                0x0000553c                __pow5mult
 .text.__lshift
                0x000055d8       0xa8 d:/simplicity_studio/developer/toolchains/gnu_arm/7.2_2017q4/bin/../lib/gcc/arm-none-eabi/7.2.1/../../../../arm-none-eabi/lib/thumb/v7e-m/fpv4-sp/softfp\libc_nano.a(lib_a-mprec.o)
                0x000055d8                __lshift
 .text.__mcmp   0x00005680       0x34 d:/simplicity_studio/developer/toolchains/gnu_arm/7.2_2017q4/bin/../lib/gcc/arm-none-eabi/7.2.1/../../../../arm-none-eabi/lib/thumb/v7e-m/fpv4-sp/softfp\libc_nano.a(lib_a-mprec.o)
                0x00005680                __mcmp
 .text.__mdiff  0x000056b4       0xba d:/simplicity_studio/developer/toolchains/gnu_arm/7.2_2017q4/bin/../lib/gcc/arm-none-eabi/7.2.1/../../../../arm-none-eabi/lib/thumb/v7e-m/fpv4-sp/softfp\libc_nano.a(lib_a-mprec.o)
                0x000056b4                __mdiff
 .text.__d2b    0x0000576e       0x9e d:/simplicity_studio/developer/toolchains/gnu_arm/7.2_2017q4/bin/../lib/gcc/arm-none-eabi/7.2.1/../../../../arm-none-eabi/lib/thumb/v7e-m/fpv4-sp/softfp\libc_nano.a(lib_a-mprec.o)
                0x0000576e                __d2b
 .text._calloc_r
                0x0000580c       0x1c d:/simplicity_studio/developer/toolchains/gnu_arm/7.2_2017q4/bin/../lib/gcc/arm-none-eabi/7.2.1/../../../../arm-none-eabi/lib/thumb/v7e-m/fpv4-sp/softfp\libc_nano.a(lib_a-nano-callocr.o)
                0x0000580c                _calloc_r
 .text._free_r  0x00005828       0x9c d:/simplicity_studio/developer/toolchains/gnu_arm/7.2_2017q4/bin/../lib/gcc/arm-none-eabi/7.2.1/../../../../arm-none-eabi/lib/thumb/v7e-m/fpv4-sp/softfp\libc_nano.a(lib_a-nano-freer.o)
                0x00005828                _free_r
 .text._malloc_r
                0x000058c4       0xb4 d:/simplicity_studio/developer/toolchains/gnu_arm/7.2_2017q4/bin/../lib/gcc/arm-none-eabi/7.2.1/../../../../arm-none-eabi/lib/thumb/v7e-m/fpv4-sp/softfp\libc_nano.a(lib_a-nano-mallocr.o)
                0x000058c4                _malloc_r
 .text.__ssputs_r
                0x00005978       0xb4 d:/simplicity_studio/developer/toolchains/gnu_arm/7.2_2017q4/bin/../lib/gcc/arm-none-eabi/7.2.1/../../../../arm-none-eabi/lib/thumb/v7e-m/fpv4-sp/softfp\libc_nano.a(lib_a-nano-svfprintf.o)
                0x00005978                __ssputs_r
 .text._svfprintf_r
                0x00005a2c      0x1ec d:/simplicity_studio/developer/toolchains/gnu_arm/7.2_2017q4/bin/../lib/gcc/arm-none-eabi/7.2.1/../../../../arm-none-eabi/lib/thumb/v7e-m/fpv4-sp/softfp\libc_nano.a(lib_a-nano-svfprintf.o)
                0x00005a2c                _svfiprintf_r
                0x00005a2c                _svfprintf_r
 .text._sbrk_r  0x00005c18       0x20 d:/simplicity_studio/developer/toolchains/gnu_arm/7.2_2017q4/bin/../lib/gcc/arm-none-eabi/7.2.1/../../../../arm-none-eabi/lib/thumb/v7e-m/fpv4-sp/softfp\libc_nano.a(lib_a-sbrkr.o)
                0x00005c18                _sbrk_r
 .text.__ascii_mbtowc
                0x00005c38       0x24 d:/simplicity_studio/developer/toolchains/gnu_arm/7.2_2017q4/bin/../lib/gcc/arm-none-eabi/7.2.1/../../../../arm-none-eabi/lib/thumb/v7e-m/fpv4-sp/softfp\libc_nano.a(lib_a-mbtowc_r.o)
                0x00005c38                __ascii_mbtowc
 .text.memmove  0x00005c5c       0x32 d:/simplicity_studio/developer/toolchains/gnu_arm/7.2_2017q4/bin/../lib/gcc/arm-none-eabi/7.2.1/../../../../arm-none-eabi/lib/thumb/v7e-m/fpv4-sp/softfp\libc_nano.a(lib_a-memmove.o)
                0x00005c5c                memmove
 .text.__malloc_lock
                0x00005c8e        0x2 d:/simplicity_studio/developer/toolchains/gnu_arm/7.2_2017q4/bin/../lib/gcc/arm-none-eabi/7.2.1/../../../../arm-none-eabi/lib/thumb/v7e-m/fpv4-sp/softfp\libc_nano.a(lib_a-mlock.o)
                0x00005c8e                __malloc_lock
 .text.__malloc_unlock
                0x00005c90        0x2 d:/simplicity_studio/developer/toolchains/gnu_arm/7.2_2017q4/bin/../lib/gcc/arm-none-eabi/7.2.1/../../../../arm-none-eabi/lib/thumb/v7e-m/fpv4-sp/softfp\libc_nano.a(lib_a-mlock.o)
                0x00005c90                __malloc_unlock
 .text._realloc_r
                0x00005c92       0x4c d:/simplicity_studio/developer/toolchains/gnu_arm/7.2_2017q4/bin/../lib/gcc/arm-none-eabi/7.2.1/../../../../arm-none-eabi/lib/thumb/v7e-m/fpv4-sp/softfp\libc_nano.a(lib_a-nano-reallocr.o)
                0x00005c92                _realloc_r
 .text.__ascii_wctomb
                0x00005cde       0x1a d:/simplicity_studio/developer/toolchains/gnu_arm/7.2_2017q4/bin/../lib/gcc/arm-none-eabi/7.2.1/../../../../arm-none-eabi/lib/thumb/v7e-m/fpv4-sp/softfp\libc_nano.a(lib_a-wctomb_r.o)
                0x00005cde                __ascii_wctomb
 .text._malloc_usable_size_r
                0x00005cf8       0x10 d:/simplicity_studio/developer/toolchains/gnu_arm/7.2_2017q4/bin/../lib/gcc/arm-none-eabi/7.2.1/../../../../arm-none-eabi/lib/thumb/v7e-m/fpv4-sp/softfp\libc_nano.a(lib_a-nano-msizer.o)
                0x00005cf8                _malloc_usable_size_r
 .text._sbrk    0x00005d08       0x1c d:/simplicity_studio/developer/toolchains/gnu_arm/7.2_2017q4/bin/../lib/gcc/arm-none-eabi/7.2.1/../../../../arm-none-eabi/lib/thumb/v7e-m/fpv4-sp/softfp\libnosys.a(sbrk.o)
                0x00005d08                _sbrk
 .text._exit    0x00005d24        0x4 d:/simplicity_studio/developer/toolchains/gnu_arm/7.2_2017q4/bin/../lib/gcc/arm-none-eabi/7.2.1/../../../../arm-none-eabi/lib/thumb/v7e-m/fpv4-sp/softfp\libnosys.a(_exit.o)
                0x00005d24                _exit
 .text          0x00005d28      0x110 d:/simplicity_studio/developer/toolchains/gnu_arm/7.2_2017q4/bin/../lib/gcc/arm-none-eabi/7.2.1/thumb/v7e-m/fpv4-sp/softfp\libgcc.a(_arm_cmpdf2.o)
                0x00005d28                __gtdf2
                0x00005d28                __gedf2
                0x00005d30                __ltdf2
                0x00005d30                __ledf2
                0x00005d38                __nedf2
                0x00005d38                __eqdf2
                0x00005d38                __cmpdf2
                0x00005db4                __aeabi_cdrcmple
                0x00005dc4                __aeabi_cdcmpeq
                0x00005dc4                __aeabi_cdcmple
                0x00005dd4                __aeabi_dcmpeq
                0x00005de8                __aeabi_dcmplt
                0x00005dfc                __aeabi_dcmple
                0x00005e10                __aeabi_dcmpge
                0x00005e24                __aeabi_dcmpgt
 .text          0x00005e38       0x2c d:/simplicity_studio/developer/toolchains/gnu_arm/7.2_2017q4/bin/../lib/gcc/arm-none-eabi/7.2.1/thumb/v7e-m/fpv4-sp/softfp\libgcc.a(_arm_unorddf2.o)
                0x00005e38                __unorddf2
                0x00005e38                __aeabi_dcmpun
 .text          0x00005e64       0x50 d:/simplicity_studio/developer/toolchains/gnu_arm/7.2_2017q4/bin/../lib/gcc/arm-none-eabi/7.2.1/thumb/v7e-m/fpv4-sp/softfp\libgcc.a(_arm_fixdfsi.o)
                0x00005e64                __aeabi_d2iz
                0x00005e64                __fixdfsi
 *(.init)
 .init          0x00005eb4        0x4 d:/simplicity_studio/developer/toolchains/gnu_arm/7.2_2017q4/bin/../lib/gcc/arm-none-eabi/7.2.1/thumb/v7e-m/fpv4-sp/softfp/crti.o
                0x00005eb4                _init
 .init          0x00005eb8        0x8 d:/simplicity_studio/developer/toolchains/gnu_arm/7.2_2017q4/bin/../lib/gcc/arm-none-eabi/7.2.1/thumb/v7e-m/fpv4-sp/softfp/crtn.o
 *(.fini)
 .fini          0x00005ec0        0x4 d:/simplicity_studio/developer/toolchains/gnu_arm/7.2_2017q4/bin/../lib/gcc/arm-none-eabi/7.2.1/thumb/v7e-m/fpv4-sp/softfp/crti.o
                0x00005ec0                _fini
 .fini          0x00005ec4        0x8 d:/simplicity_studio/developer/toolchains/gnu_arm/7.2_2017q4/bin/../lib/gcc/arm-none-eabi/7.2.1/thumb/v7e-m/fpv4-sp/softfp/crtn.o
 *crtbegin.o(.ctors)
 *crtbegin?.o(.ctors)
 *(EXCLUDE_FILE(*crtend.o *crtend?.o) .ctors)
 *(SORT_BY_NAME(.ctors.*))
 *(.ctors)
 *crtbegin.o(.dtors)
 *crtbegin?.o(.dtors)
 *(EXCLUDE_FILE(*crtend.o *crtend?.o) .dtors)
 *(SORT_BY_NAME(.dtors.*))
 *(.dtors)
 *(.rodata*)
 .rodata.flashWaitStateControl.str1.4
                0x00005ecc       0x12 ./emlib/em_cmu.o
 *fill*         0x00005ede        0x2 
 .rodata.flashWsTable
                0x00005ee0       0x28 ./emlib/em_cmu.o
 .rodata.lpGetDevinfoVrefLowHigh.str1.4
                0x00005f08       0x12 ./emlib/em_emu.o
 *fill*         0x00005f1a        0x2 
 .rodata.GPIO_DbgLocationSet.str1.4
                0x00005f1c       0x13 ./emlib/em_gpio.o
 *fill*         0x00005f2f        0x1 
 .rodata.GPIO_PinModeSet.str1.4
                0x00005f30       0x56 ./emlib/em_gpio.o
 *fill*         0x00005f86        0x2 
 .rodata.CSWTCH.17
                0x00005f88        0xc ./emlib/em_i2c.o
 .rodata.CSWTCH.18
                0x00005f94        0xc ./emlib/em_i2c.o
 .rodata.I2C_BusFreqGet.str1.4
                0x00005fa0       0x12 ./emlib/em_i2c.o
 *fill*         0x00005fb2        0x2 
 .rodata.i2cNSum
                0x00005fb4        0x4 ./emlib/em_i2c.o
 .rodata.LETIMER_CompareGet.str1.4
                0x00005fb8       0x16 ./emlib/em_letimer.o
 *fill*         0x00005fce        0x2 
 .rodata.LEUART_BaudrateGet.str1.4
                0x00005fd0       0x15 ./emlib/em_leuart.o
 *fill*         0x00005fe5        0x3 
 .rodata.scheduled_boot_up_evt.str1.4
                0x00005fe8        0xe ./src/Source_files/app.o
 *fill*         0x00005ff6        0x2 
 .rodata.scheduled_letimer0_comp0_evt.str1.4
                0x00005ff8       0x1a ./src/Source_files/app.o
 *fill*         0x00006012        0x2 
 .rodata.i2c_bus_reset.str1.4
                0x00006014       0x1a ./src/Source_files/i2c.o
                                 0x72 (size before relaxing)
 *fill*         0x0000602e        0x2 
 .rodata.letimer_pwm_open.str1.4
                0x00006030       0x1e ./src/Source_files/letimer.o
 *fill*         0x0000604e        0x2 
 .rodata.leuart_open.str1.4
                0x00006050       0x1d ./src/Source_files/leuart.o
 *fill*         0x0000606d        0x3 
 .rodata.si7021_get_tempF.str1.4
                0x00006070        0xe ./src/Source_files/si7021.o
 *fill*         0x0000607e        0x2 
 .rodata.sleep_block_mode.str1.4
                0x00006080       0x25 ./src/Source_files/sleep_routines.o
 *fill*         0x000060a5        0x3 
 .rodata        0x000060a8       0x22 ./src/main.o
 *fill*         0x000060ca        0x2 
 .rodata.main.str1.4
                0x000060cc       0x10 ./src/main.o
                                  0xe (size before relaxing)
 .rodata._global_impure_ptr
                0x000060dc        0x4 d:/simplicity_studio/developer/toolchains/gnu_arm/7.2_2017q4/bin/../lib/gcc/arm-none-eabi/7.2.1/../../../../arm-none-eabi/lib/thumb/v7e-m/fpv4-sp/softfp\libc_nano.a(lib_a-impure.o)
                0x000060dc                _global_impure_ptr
 .rodata._printf_float.str1.1
                0x000060e0       0x12 d:/simplicity_studio/developer/toolchains/gnu_arm/7.2_2017q4/bin/../lib/gcc/arm-none-eabi/7.2.1/../../../../arm-none-eabi/lib/thumb/v7e-m/fpv4-sp/softfp\libc_nano.a(lib_a-nano-vfprintf_float.o)
 .rodata._printf_i.str1.1
                0x000060f2       0x22 d:/simplicity_studio/developer/toolchains/gnu_arm/7.2_2017q4/bin/../lib/gcc/arm-none-eabi/7.2.1/../../../../arm-none-eabi/lib/thumb/v7e-m/fpv4-sp/softfp\libc_nano.a(lib_a-nano-vfprintf_i.o)
 .rodata._dtoa_r.str1.1
                0x00006114        0xd d:/simplicity_studio/developer/toolchains/gnu_arm/7.2_2017q4/bin/../lib/gcc/arm-none-eabi/7.2.1/../../../../arm-none-eabi/lib/thumb/v7e-m/fpv4-sp/softfp\libc_nano.a(lib_a-dtoa.o)
                                  0xf (size before relaxing)
 *fill*         0x00006121        0x7 
 .rodata.__mprec_bigtens
                0x00006128       0x28 d:/simplicity_studio/developer/toolchains/gnu_arm/7.2_2017q4/bin/../lib/gcc/arm-none-eabi/7.2.1/../../../../arm-none-eabi/lib/thumb/v7e-m/fpv4-sp/softfp\libc_nano.a(lib_a-mprec.o)
                0x00006128                __mprec_bigtens
 .rodata.__mprec_tens
                0x00006150       0xc8 d:/simplicity_studio/developer/toolchains/gnu_arm/7.2_2017q4/bin/../lib/gcc/arm-none-eabi/7.2.1/../../../../arm-none-eabi/lib/thumb/v7e-m/fpv4-sp/softfp\libc_nano.a(lib_a-mprec.o)
                0x00006150                __mprec_tens
 .rodata.p05.7359
                0x00006218        0xc d:/simplicity_studio/developer/toolchains/gnu_arm/7.2_2017q4/bin/../lib/gcc/arm-none-eabi/7.2.1/../../../../arm-none-eabi/lib/thumb/v7e-m/fpv4-sp/softfp\libc_nano.a(lib_a-mprec.o)
 .rodata._svfprintf_r.str1.1
                0x00006224       0x11 d:/simplicity_studio/developer/toolchains/gnu_arm/7.2_2017q4/bin/../lib/gcc/arm-none-eabi/7.2.1/../../../../arm-none-eabi/lib/thumb/v7e-m/fpv4-sp/softfp\libc_nano.a(lib_a-nano-svfprintf.o)
 .rodata._setlocale_r.str1.1
                0x00006235        0x8 d:/simplicity_studio/developer/toolchains/gnu_arm/7.2_2017q4/bin/../lib/gcc/arm-none-eabi/7.2.1/../../../../arm-none-eabi/lib/thumb/v7e-m/fpv4-sp/softfp\libc_nano.a(lib_a-locale.o)
                                  0x9 (size before relaxing)
 .rodata.str1.1
                0x0000623d        0x2 d:/simplicity_studio/developer/toolchains/gnu_arm/7.2_2017q4/bin/../lib/gcc/arm-none-eabi/7.2.1/../../../../arm-none-eabi/lib/thumb/v7e-m/fpv4-sp/softfp\libc_nano.a(lib_a-locale.o)
 .rodata._ctype_
                0x0000623f      0x101 d:/simplicity_studio/developer/toolchains/gnu_arm/7.2_2017q4/bin/../lib/gcc/arm-none-eabi/7.2.1/../../../../arm-none-eabi/lib/thumb/v7e-m/fpv4-sp/softfp\libc_nano.a(lib_a-ctype_.o)
                0x0000623f                _ctype_
 *(.eh_frame*)
 .eh_frame      0x00006340        0x0 d:/simplicity_studio/developer/toolchains/gnu_arm/7.2_2017q4/bin/../lib/gcc/arm-none-eabi/7.2.1/thumb/v7e-m/fpv4-sp/softfp/crtbegin.o
 .eh_frame      0x00006340        0x4 d:/simplicity_studio/developer/toolchains/gnu_arm/7.2_2017q4/bin/../lib/gcc/arm-none-eabi/7.2.1/thumb/v7e-m/fpv4-sp/softfp/crtend.o

.glue_7         0x00006344        0x0
 .glue_7        0x00006344        0x0 linker stubs

.glue_7t        0x00006344        0x0
 .glue_7t       0x00006344        0x0 linker stubs

.vfp11_veneer   0x00006344        0x0
 .vfp11_veneer  0x00006344        0x0 linker stubs

.v4_bx          0x00006344        0x0
 .v4_bx         0x00006344        0x0 linker stubs

.iplt           0x00006344        0x0
 .iplt          0x00006344        0x0 d:/simplicity_studio/developer/toolchains/gnu_arm/7.2_2017q4/bin/../lib/gcc/arm-none-eabi/7.2.1/thumb/v7e-m/fpv4-sp/softfp/crtbegin.o

.ARM.extab
 *(.ARM.extab* .gnu.linkonce.armextab.*)
                0x00006344                __exidx_start = .

.ARM.exidx      0x00006344        0x8
 *(.ARM.exidx* .gnu.linkonce.armexidx.*)
 .ARM.exidx     0x00006344        0x8 d:/simplicity_studio/developer/toolchains/gnu_arm/7.2_2017q4/bin/../lib/gcc/arm-none-eabi/7.2.1/../../../../arm-none-eabi/lib/thumb/v7e-m/fpv4-sp/softfp/crt0.o
                0x0000634c                __exidx_end = .
                0x0000634c                __etext = .

.rel.dyn        0x0000634c        0x0
 .rel.iplt      0x0000634c        0x0 d:/simplicity_studio/developer/toolchains/gnu_arm/7.2_2017q4/bin/../lib/gcc/arm-none-eabi/7.2.1/thumb/v7e-m/fpv4-sp/softfp/crtbegin.o

.data           0x20000000      0x1ec load address 0x0000634c
                0x20000000                __data_start__ = .
 *(vtable)
 *(.data*)
 .data.SystemCoreClock
                0x20000000        0x4 ./CMSIS/EFM32PG12B/system_efm32pg12b.o
                0x20000000                SystemCoreClock
 .data.SystemHFXOClock
                0x20000004        0x4 ./CMSIS/EFM32PG12B/system_efm32pg12b.o
 .data.SystemHfrcoFreq
                0x20000008        0x4 ./CMSIS/EFM32PG12B/system_efm32pg12b.o
                0x20000008                SystemHfrcoFreq
 .data.SystemLFXOClock
                0x2000000c        0x4 ./CMSIS/EFM32PG12B/system_efm32pg12b.o
 .data.auxHfrcoFreq
                0x20000010        0x4 ./emlib/em_cmu.o
 .data._impure_ptr
                0x20000014        0x4 d:/simplicity_studio/developer/toolchains/gnu_arm/7.2_2017q4/bin/../lib/gcc/arm-none-eabi/7.2.1/../../../../arm-none-eabi/lib/thumb/v7e-m/fpv4-sp/softfp\libc_nano.a(lib_a-impure.o)
                0x20000014                _impure_ptr
 .data.impure_data
                0x20000018       0x60 d:/simplicity_studio/developer/toolchains/gnu_arm/7.2_2017q4/bin/../lib/gcc/arm-none-eabi/7.2.1/../../../../arm-none-eabi/lib/thumb/v7e-m/fpv4-sp/softfp\libc_nano.a(lib_a-impure.o)
 .data.__global_locale
                0x20000078      0x16c d:/simplicity_studio/developer/toolchains/gnu_arm/7.2_2017q4/bin/../lib/gcc/arm-none-eabi/7.2.1/../../../../arm-none-eabi/lib/thumb/v7e-m/fpv4-sp/softfp\libc_nano.a(lib_a-locale.o)
                0x20000078                __global_locale
                0x200001e4                . = ALIGN (0x4)
 *(.ram)
                0x200001e4                . = ALIGN (0x4)
                0x200001e4                PROVIDE (__preinit_array_start, .)
 *(.preinit_array)
                0x200001e4                PROVIDE (__preinit_array_end, .)
                0x200001e4                . = ALIGN (0x4)
                0x200001e4                PROVIDE (__init_array_start, .)
 *(SORT_BY_NAME(.init_array.*))
 *(.init_array)
 .init_array    0x200001e4        0x4 d:/simplicity_studio/developer/toolchains/gnu_arm/7.2_2017q4/bin/../lib/gcc/arm-none-eabi/7.2.1/thumb/v7e-m/fpv4-sp/softfp/crtbegin.o
                0x200001e8                PROVIDE (__init_array_end, .)
                0x200001e8                . = ALIGN (0x4)
                [!provide]                PROVIDE (__fini_array_start, .)
 *(SORT_BY_NAME(.fini_array.*))
 *(.fini_array)
 .fini_array    0x200001e8        0x4 d:/simplicity_studio/developer/toolchains/gnu_arm/7.2_2017q4/bin/../lib/gcc/arm-none-eabi/7.2.1/thumb/v7e-m/fpv4-sp/softfp/crtbegin.o
                [!provide]                PROVIDE (__fini_array_end, .)
 *(.jcr*)
                0x200001ec                . = ALIGN (0x4)
                0x200001ec                __data_end__ = .

.igot.plt       0x200001ec        0x0 load address 0x00006538
 .igot.plt      0x200001ec        0x0 d:/simplicity_studio/developer/toolchains/gnu_arm/7.2_2017q4/bin/../lib/gcc/arm-none-eabi/7.2.1/thumb/v7e-m/fpv4-sp/softfp/crtbegin.o

.bss            0x200001ec      0x104 load address 0x00006538
                0x200001ec                . = ALIGN (0x4)
                0x200001ec                __bss_start__ = .
 *(.bss*)
 .bss           0x200001ec       0x1c d:/simplicity_studio/developer/toolchains/gnu_arm/7.2_2017q4/bin/../lib/gcc/arm-none-eabi/7.2.1/thumb/v7e-m/fpv4-sp/softfp/crtbegin.o
 .bss.cmuStatus.8075
                0x20000208        0x4 ./emlib/em_emu.o
 .bss.dcdcEm01LoadCurrent_mA
                0x2000020c        0x2 ./emlib/em_emu.o
 .bss.dcdcMaxCurrent_mA
                0x2000020e        0x2 ./emlib/em_emu.o
 .bss.dcdcReverseCurrentControl
                0x20000210        0x2 ./emlib/em_emu.o
 .bss.hfClock.8076
                0x20000212        0x1 ./emlib/em_emu.o
 *fill*         0x20000213        0x1 
 .bss.hfrcoCtrl.8078
                0x20000214        0x4 ./emlib/em_emu.o
 .bss.vScaleEM01Config
                0x20000218        0x1 ./emlib/em_emu.o
 .bss.vScaleStatus.8077
                0x20000219        0x1 ./emlib/em_emu.o
 *fill*         0x2000021a        0x2 
 .bss.i2c_done_evt
                0x2000021c        0x4 ./src/Source_files/i2c.o
 .bss.private_payload
                0x20000220       0x1c ./src/Source_files/i2c.o
 .bss.scheduled_comp0_evt
                0x2000023c        0x4 ./src/Source_files/letimer.o
 .bss.scheduled_comp1_evt
                0x20000240        0x4 ./src/Source_files/letimer.o
 .bss.scheduled_uf_evt
                0x20000244        0x4 ./src/Source_files/letimer.o
 .bss.payload_index
                0x20000248        0x4 ./src/Source_files/leuart.o
 .bss.payload_length
                0x2000024c        0x4 ./src/Source_files/leuart.o
 .bss.payload_leuart
                0x20000250        0x4 ./src/Source_files/leuart.o
 .bss.payload_string
                0x20000254       0x64 ./src/Source_files/leuart.o
 .bss.event_scheduled
                0x200002b8        0x4 ./src/Source_files/scheduler.o
 .bss.temperature_data
                0x200002bc        0x4 ./src/Source_files/si7021.o
 .bss.lowest_energy_mode
                0x200002c0       0x14 ./src/Source_files/sleep_routines.o
 .bss.__malloc_free_list
                0x200002d4        0x4 d:/simplicity_studio/developer/toolchains/gnu_arm/7.2_2017q4/bin/../lib/gcc/arm-none-eabi/7.2.1/../../../../arm-none-eabi/lib/thumb/v7e-m/fpv4-sp/softfp\libc_nano.a(lib_a-nano-mallocr.o)
                0x200002d4                __malloc_free_list
 .bss.__malloc_sbrk_start
                0x200002d8        0x4 d:/simplicity_studio/developer/toolchains/gnu_arm/7.2_2017q4/bin/../lib/gcc/arm-none-eabi/7.2.1/../../../../arm-none-eabi/lib/thumb/v7e-m/fpv4-sp/softfp\libc_nano.a(lib_a-nano-mallocr.o)
                0x200002d8                __malloc_sbrk_start
 .bss.heap_end.5377
                0x200002dc        0x4 d:/simplicity_studio/developer/toolchains/gnu_arm/7.2_2017q4/bin/../lib/gcc/arm-none-eabi/7.2.1/../../../../arm-none-eabi/lib/thumb/v7e-m/fpv4-sp/softfp\libnosys.a(sbrk.o)
 *(COMMON)
 COMMON         0x200002e0        0xc ./src/Source_files/leuart.o
                0x200002e0                rx_done_evt
                0x200002e4                leuart0_tx_busy
                0x200002e8                tx_done_evt
 COMMON         0x200002ec        0x4 d:/simplicity_studio/developer/toolchains/gnu_arm/7.2_2017q4/bin/../lib/gcc/arm-none-eabi/7.2.1/../../../../arm-none-eabi/lib/thumb/v7e-m/fpv4-sp/softfp\libc_nano.a(lib_a-reent.o)
                0x200002ec                errno
                0x200002f0                . = ALIGN (0x4)
                0x200002f0                __bss_end__ = .

.heap           0x200002f0      0xc00
                0x200002f0                __HeapBase = .
                0x200002f0                __end__ = .
                0x200002f0                end = __end__
                0x200002f0                _end = __end__
 *(.heap*)
 .heap          0x200002f0      0xc00 ./CMSIS/EFM32PG12B/startup_gcc_efm32pg12b.o
                0x20000ef0                __HeapLimit = .

.stack_dummy    0x200002f0      0x400
 *(.stack*)
 .stack         0x200002f0      0x400 ./CMSIS/EFM32PG12B/startup_gcc_efm32pg12b.o
                0x20040000                __StackTop = (ORIGIN (RAM) + LENGTH (RAM))
                0x2003fc00                __StackLimit = (__StackTop - SIZEOF (.stack_dummy))
                0x20040000                PROVIDE (__stack, __StackTop)
                0x00000001                ASSERT ((__StackLimit >= __HeapLimit), region RAM overflowed with stack)
                0x00000001                ASSERT ((LENGTH (FLASH) >= (__etext + SIZEOF (.data))), FLASH memory overflowed !)
OUTPUT(MM_UART_Lab.axf elf32-littlearm)

.ARM.attributes
                0x00000000       0x2e
 .ARM.attributes
                0x00000000       0x22 d:/simplicity_studio/developer/toolchains/gnu_arm/7.2_2017q4/bin/../lib/gcc/arm-none-eabi/7.2.1/thumb/v7e-m/fpv4-sp/softfp/crti.o
 .ARM.attributes
                0x00000022       0x32 d:/simplicity_studio/developer/toolchains/gnu_arm/7.2_2017q4/bin/../lib/gcc/arm-none-eabi/7.2.1/thumb/v7e-m/fpv4-sp/softfp/crtbegin.o
 .ARM.attributes
                0x00000054       0x20 d:/simplicity_studio/developer/toolchains/gnu_arm/7.2_2017q4/bin/../lib/gcc/arm-none-eabi/7.2.1/../../../../arm-none-eabi/lib/thumb/v7e-m/fpv4-sp/softfp/crt0.o
 .ARM.attributes
                0x00000074       0x1f ./CMSIS/EFM32PG12B/startup_gcc_efm32pg12b.o
 .ARM.attributes
                0x00000093       0x37 ./CMSIS/EFM32PG12B/system_efm32pg12b.o
 .ARM.attributes
                0x000000ca       0x37 ./emlib/em_assert.o
 .ARM.attributes
                0x00000101       0x37 ./emlib/em_cmu.o
 .ARM.attributes
                0x00000138       0x37 ./emlib/em_emu.o
 .ARM.attributes
                0x0000016f       0x37 ./emlib/em_gpio.o
 .ARM.attributes
                0x000001a6       0x37 ./emlib/em_i2c.o
 .ARM.attributes
                0x000001dd       0x37 ./emlib/em_letimer.o
 .ARM.attributes
                0x00000214       0x37 ./emlib/em_leuart.o
 .ARM.attributes
                0x0000024b       0x37 ./src/Source_files/app.o
 .ARM.attributes
                0x00000282       0x37 ./src/Source_files/ble.o
 .ARM.attributes
                0x000002b9       0x37 ./src/Source_files/cmu.o
 .ARM.attributes
                0x000002f0       0x37 ./src/Source_files/gpio.o
 .ARM.attributes
                0x00000327       0x37 ./src/Source_files/i2c.o
 .ARM.attributes
                0x0000035e       0x37 ./src/Source_files/letimer.o
 .ARM.attributes
                0x00000395       0x37 ./src/Source_files/leuart.o
 .ARM.attributes
                0x000003cc       0x37 ./src/Source_files/scheduler.o
 .ARM.attributes
                0x00000403       0x37 ./src/Source_files/si7021.o
 .ARM.attributes
                0x0000043a       0x37 ./src/Source_files/sleep_routines.o
 .ARM.attributes
                0x00000471       0x37 ./src/main.o
 .ARM.attributes
                0x000004a8       0x22 d:/simplicity_studio/developer/toolchains/gnu_arm/7.2_2017q4/bin/../lib/gcc/arm-none-eabi/7.2.1/thumb/v7e-m/fpv4-sp/softfp\libgcc.a(_arm_addsubdf3.o)
 .ARM.attributes
                0x000004ca       0x22 d:/simplicity_studio/developer/toolchains/gnu_arm/7.2_2017q4/bin/../lib/gcc/arm-none-eabi/7.2.1/thumb/v7e-m/fpv4-sp/softfp\libgcc.a(_arm_muldivdf3.o)
 .ARM.attributes
                0x000004ec       0x22 d:/simplicity_studio/developer/toolchains/gnu_arm/7.2_2017q4/bin/../lib/gcc/arm-none-eabi/7.2.1/thumb/v7e-m/fpv4-sp/softfp\libgcc.a(_arm_truncdfsf2.o)
 .ARM.attributes
                0x0000050e       0x32 d:/simplicity_studio/developer/toolchains/gnu_arm/7.2_2017q4/bin/../lib/gcc/arm-none-eabi/7.2.1/../../../../arm-none-eabi/lib/thumb/v7e-m/fpv4-sp/softfp\libc_nano.a(lib_a-exit.o)
 .ARM.attributes
                0x00000540       0x32 d:/simplicity_studio/developer/toolchains/gnu_arm/7.2_2017q4/bin/../lib/gcc/arm-none-eabi/7.2.1/../../../../arm-none-eabi/lib/thumb/v7e-m/fpv4-sp/softfp\libc_nano.a(lib_a-impure.o)
 .ARM.attributes
                0x00000572       0x32 d:/simplicity_studio/developer/toolchains/gnu_arm/7.2_2017q4/bin/../lib/gcc/arm-none-eabi/7.2.1/../../../../arm-none-eabi/lib/thumb/v7e-m/fpv4-sp/softfp\libc_nano.a(lib_a-init.o)
 .ARM.attributes
                0x000005a4       0x32 d:/simplicity_studio/developer/toolchains/gnu_arm/7.2_2017q4/bin/../lib/gcc/arm-none-eabi/7.2.1/../../../../arm-none-eabi/lib/thumb/v7e-m/fpv4-sp/softfp\libc_nano.a(lib_a-memset.o)
 .ARM.attributes
                0x000005d6       0x32 d:/simplicity_studio/developer/toolchains/gnu_arm/7.2_2017q4/bin/../lib/gcc/arm-none-eabi/7.2.1/../../../../arm-none-eabi/lib/thumb/v7e-m/fpv4-sp/softfp\libc_nano.a(lib_a-nano-vfprintf_float.o)
 .ARM.attributes
                0x00000608       0x32 d:/simplicity_studio/developer/toolchains/gnu_arm/7.2_2017q4/bin/../lib/gcc/arm-none-eabi/7.2.1/../../../../arm-none-eabi/lib/thumb/v7e-m/fpv4-sp/softfp\libc_nano.a(lib_a-nano-vfprintf_i.o)
 .ARM.attributes
                0x0000063a       0x32 d:/simplicity_studio/developer/toolchains/gnu_arm/7.2_2017q4/bin/../lib/gcc/arm-none-eabi/7.2.1/../../../../arm-none-eabi/lib/thumb/v7e-m/fpv4-sp/softfp\libc_nano.a(lib_a-sprintf.o)
 .ARM.attributes
                0x0000066c       0x32 d:/simplicity_studio/developer/toolchains/gnu_arm/7.2_2017q4/bin/../lib/gcc/arm-none-eabi/7.2.1/../../../../arm-none-eabi/lib/thumb/v7e-m/fpv4-sp/softfp\libc_nano.a(lib_a-strcpy.o)
 .ARM.attributes
                0x0000069e       0x1b d:/simplicity_studio/developer/toolchains/gnu_arm/7.2_2017q4/bin/../lib/gcc/arm-none-eabi/7.2.1/../../../../arm-none-eabi/lib/thumb/v7e-m/fpv4-sp/softfp\libc_nano.a(lib_a-strlen.o)
 .ARM.attributes
                0x000006b9       0x32 d:/simplicity_studio/developer/toolchains/gnu_arm/7.2_2017q4/bin/../lib/gcc/arm-none-eabi/7.2.1/../../../../arm-none-eabi/lib/thumb/v7e-m/fpv4-sp/softfp\libc_nano.a(lib_a-dtoa.o)
 .ARM.attributes
                0x000006eb       0x32 d:/simplicity_studio/developer/toolchains/gnu_arm/7.2_2017q4/bin/../lib/gcc/arm-none-eabi/7.2.1/../../../../arm-none-eabi/lib/thumb/v7e-m/fpv4-sp/softfp\libc_nano.a(lib_a-localeconv.o)
 .ARM.attributes
                0x0000071d       0x32 d:/simplicity_studio/developer/toolchains/gnu_arm/7.2_2017q4/bin/../lib/gcc/arm-none-eabi/7.2.1/../../../../arm-none-eabi/lib/thumb/v7e-m/fpv4-sp/softfp\libc_nano.a(lib_a-malloc.o)
 .ARM.attributes
                0x0000074f       0x20 d:/simplicity_studio/developer/toolchains/gnu_arm/7.2_2017q4/bin/../lib/gcc/arm-none-eabi/7.2.1/../../../../arm-none-eabi/lib/thumb/v7e-m/fpv4-sp/softfp\libc_nano.a(lib_a-memchr.o)
 .ARM.attributes
                0x0000076f       0x32 d:/simplicity_studio/developer/toolchains/gnu_arm/7.2_2017q4/bin/../lib/gcc/arm-none-eabi/7.2.1/../../../../arm-none-eabi/lib/thumb/v7e-m/fpv4-sp/softfp\libc_nano.a(lib_a-memcpy-stub.o)
 .ARM.attributes
                0x000007a1       0x32 d:/simplicity_studio/developer/toolchains/gnu_arm/7.2_2017q4/bin/../lib/gcc/arm-none-eabi/7.2.1/../../../../arm-none-eabi/lib/thumb/v7e-m/fpv4-sp/softfp\libc_nano.a(lib_a-mprec.o)
 .ARM.attributes
                0x000007d3       0x32 d:/simplicity_studio/developer/toolchains/gnu_arm/7.2_2017q4/bin/../lib/gcc/arm-none-eabi/7.2.1/../../../../arm-none-eabi/lib/thumb/v7e-m/fpv4-sp/softfp\libc_nano.a(lib_a-nano-callocr.o)
 .ARM.attributes
                0x00000805       0x32 d:/simplicity_studio/developer/toolchains/gnu_arm/7.2_2017q4/bin/../lib/gcc/arm-none-eabi/7.2.1/../../../../arm-none-eabi/lib/thumb/v7e-m/fpv4-sp/softfp\libc_nano.a(lib_a-nano-freer.o)
 .ARM.attributes
                0x00000837       0x32 d:/simplicity_studio/developer/toolchains/gnu_arm/7.2_2017q4/bin/../lib/gcc/arm-none-eabi/7.2.1/../../../../arm-none-eabi/lib/thumb/v7e-m/fpv4-sp/softfp\libc_nano.a(lib_a-nano-mallocr.o)
 .ARM.attributes
                0x00000869       0x32 d:/simplicity_studio/developer/toolchains/gnu_arm/7.2_2017q4/bin/../lib/gcc/arm-none-eabi/7.2.1/../../../../arm-none-eabi/lib/thumb/v7e-m/fpv4-sp/softfp\libc_nano.a(lib_a-nano-svfprintf.o)
 .ARM.attributes
                0x0000089b       0x32 d:/simplicity_studio/developer/toolchains/gnu_arm/7.2_2017q4/bin/../lib/gcc/arm-none-eabi/7.2.1/../../../../arm-none-eabi/lib/thumb/v7e-m/fpv4-sp/softfp\libc_nano.a(lib_a-sbrkr.o)
 .ARM.attributes
                0x000008cd       0x32 d:/simplicity_studio/developer/toolchains/gnu_arm/7.2_2017q4/bin/../lib/gcc/arm-none-eabi/7.2.1/../../../../arm-none-eabi/lib/thumb/v7e-m/fpv4-sp/softfp\libc_nano.a(lib_a-locale.o)
 .ARM.attributes
                0x000008ff       0x32 d:/simplicity_studio/developer/toolchains/gnu_arm/7.2_2017q4/bin/../lib/gcc/arm-none-eabi/7.2.1/../../../../arm-none-eabi/lib/thumb/v7e-m/fpv4-sp/softfp\libc_nano.a(lib_a-mbtowc_r.o)
 .ARM.attributes
                0x00000931       0x32 d:/simplicity_studio/developer/toolchains/gnu_arm/7.2_2017q4/bin/../lib/gcc/arm-none-eabi/7.2.1/../../../../arm-none-eabi/lib/thumb/v7e-m/fpv4-sp/softfp\libc_nano.a(lib_a-memmove.o)
 .ARM.attributes
                0x00000963       0x32 d:/simplicity_studio/developer/toolchains/gnu_arm/7.2_2017q4/bin/../lib/gcc/arm-none-eabi/7.2.1/../../../../arm-none-eabi/lib/thumb/v7e-m/fpv4-sp/softfp\libc_nano.a(lib_a-mlock.o)
 .ARM.attributes
                0x00000995       0x32 d:/simplicity_studio/developer/toolchains/gnu_arm/7.2_2017q4/bin/../lib/gcc/arm-none-eabi/7.2.1/../../../../arm-none-eabi/lib/thumb/v7e-m/fpv4-sp/softfp\libc_nano.a(lib_a-nano-reallocr.o)
 .ARM.attributes
                0x000009c7       0x32 d:/simplicity_studio/developer/toolchains/gnu_arm/7.2_2017q4/bin/../lib/gcc/arm-none-eabi/7.2.1/../../../../arm-none-eabi/lib/thumb/v7e-m/fpv4-sp/softfp\libc_nano.a(lib_a-reent.o)
 .ARM.attributes
                0x000009f9       0x32 d:/simplicity_studio/developer/toolchains/gnu_arm/7.2_2017q4/bin/../lib/gcc/arm-none-eabi/7.2.1/../../../../arm-none-eabi/lib/thumb/v7e-m/fpv4-sp/softfp\libc_nano.a(lib_a-wctomb_r.o)
 .ARM.attributes
                0x00000a2b       0x32 d:/simplicity_studio/developer/toolchains/gnu_arm/7.2_2017q4/bin/../lib/gcc/arm-none-eabi/7.2.1/../../../../arm-none-eabi/lib/thumb/v7e-m/fpv4-sp/softfp\libc_nano.a(lib_a-ctype_.o)
 .ARM.attributes
                0x00000a5d       0x32 d:/simplicity_studio/developer/toolchains/gnu_arm/7.2_2017q4/bin/../lib/gcc/arm-none-eabi/7.2.1/../../../../arm-none-eabi/lib/thumb/v7e-m/fpv4-sp/softfp\libc_nano.a(lib_a-nano-msizer.o)
 .ARM.attributes
                0x00000a8f       0x32 d:/simplicity_studio/developer/toolchains/gnu_arm/7.2_2017q4/bin/../lib/gcc/arm-none-eabi/7.2.1/../../../../arm-none-eabi/lib/thumb/v7e-m/fpv4-sp/softfp\libnosys.a(sbrk.o)
 .ARM.attributes
                0x00000ac1       0x32 d:/simplicity_studio/developer/toolchains/gnu_arm/7.2_2017q4/bin/../lib/gcc/arm-none-eabi/7.2.1/../../../../arm-none-eabi/lib/thumb/v7e-m/fpv4-sp/softfp\libnosys.a(_exit.o)
 .ARM.attributes
                0x00000af3       0x22 d:/simplicity_studio/developer/toolchains/gnu_arm/7.2_2017q4/bin/../lib/gcc/arm-none-eabi/7.2.1/thumb/v7e-m/fpv4-sp/softfp\libgcc.a(_arm_cmpdf2.o)
 .ARM.attributes
                0x00000b15       0x22 d:/simplicity_studio/developer/toolchains/gnu_arm/7.2_2017q4/bin/../lib/gcc/arm-none-eabi/7.2.1/thumb/v7e-m/fpv4-sp/softfp\libgcc.a(_arm_unorddf2.o)
 .ARM.attributes
                0x00000b37       0x22 d:/simplicity_studio/developer/toolchains/gnu_arm/7.2_2017q4/bin/../lib/gcc/arm-none-eabi/7.2.1/thumb/v7e-m/fpv4-sp/softfp\libgcc.a(_arm_fixdfsi.o)
 .ARM.attributes
                0x00000b59       0x32 d:/simplicity_studio/developer/toolchains/gnu_arm/7.2_2017q4/bin/../lib/gcc/arm-none-eabi/7.2.1/thumb/v7e-m/fpv4-sp/softfp/crtend.o
 .ARM.attributes
                0x00000b8b       0x22 d:/simplicity_studio/developer/toolchains/gnu_arm/7.2_2017q4/bin/../lib/gcc/arm-none-eabi/7.2.1/thumb/v7e-m/fpv4-sp/softfp/crtn.o

.comment        0x00000000       0x7e
 .comment       0x00000000       0x7e ./CMSIS/EFM32PG12B/system_efm32pg12b.o
                                 0x7f (size before relaxing)
 .comment       0x0000007e       0x7f ./emlib/em_assert.o
 .comment       0x0000007e       0x7f ./emlib/em_cmu.o
 .comment       0x0000007e       0x7f ./emlib/em_emu.o
 .comment       0x0000007e       0x7f ./emlib/em_gpio.o
 .comment       0x0000007e       0x7f ./emlib/em_i2c.o
 .comment       0x0000007e       0x7f ./emlib/em_letimer.o
 .comment       0x0000007e       0x7f ./emlib/em_leuart.o
 .comment       0x0000007e       0x7f ./src/Source_files/app.o
 .comment       0x0000007e       0x7f ./src/Source_files/ble.o
 .comment       0x0000007e       0x7f ./src/Source_files/cmu.o
 .comment       0x0000007e       0x7f ./src/Source_files/gpio.o
 .comment       0x0000007e       0x7f ./src/Source_files/i2c.o
 .comment       0x0000007e       0x7f ./src/Source_files/letimer.o
 .comment       0x0000007e       0x7f ./src/Source_files/leuart.o
 .comment       0x0000007e       0x7f ./src/Source_files/scheduler.o
 .comment       0x0000007e       0x7f ./src/Source_files/si7021.o
 .comment       0x0000007e       0x7f ./src/Source_files/sleep_routines.o
 .comment       0x0000007e       0x7f ./src/main.o

.debug_line     0x00000000     0xcf31
 .debug_line    0x00000000       0x78 ./CMSIS/EFM32PG12B/startup_gcc_efm32pg12b.o
 .debug_line    0x00000078      0x869 ./CMSIS/EFM32PG12B/system_efm32pg12b.o
 .debug_line    0x000008e1      0x10e ./emlib/em_assert.o
 .debug_line    0x000009ef     0x19b3 ./emlib/em_cmu.o
 .debug_line    0x000023a2     0x1267 ./emlib/em_emu.o
 .debug_line    0x00003609      0xb1e ./emlib/em_gpio.o
 .debug_line    0x00004127      0xbda ./emlib/em_i2c.o
 .debug_line    0x00004d01      0x9e6 ./emlib/em_letimer.o
 .debug_line    0x000056e7      0xa18 ./emlib/em_leuart.o
 .debug_line    0x000060ff      0xacf ./src/Source_files/app.o
 .debug_line    0x00006bce      0xa4a ./src/Source_files/ble.o
 .debug_line    0x00007618      0x86d ./src/Source_files/cmu.o
 .debug_line    0x00007e85      0x874 ./src/Source_files/gpio.o
 .debug_line    0x000086f9      0xbc4 ./src/Source_files/i2c.o
 .debug_line    0x000092bd      0x9d8 ./src/Source_files/letimer.o
 .debug_line    0x00009c95      0xaf9 ./src/Source_files/leuart.o
 .debug_line    0x0000a78e      0x8c4 ./src/Source_files/scheduler.o
 .debug_line    0x0000b052      0xa32 ./src/Source_files/si7021.o
 .debug_line    0x0000ba84      0x942 ./src/Source_files/sleep_routines.o
 .debug_line    0x0000c3c6      0xb6b ./src/main.o

.debug_info     0x00000000    0x150ee
 .debug_info    0x00000000       0x26 ./CMSIS/EFM32PG12B/startup_gcc_efm32pg12b.o
 .debug_info    0x00000026      0x96c ./CMSIS/EFM32PG12B/system_efm32pg12b.o
 .debug_info    0x00000992       0x7b ./emlib/em_assert.o
 .debug_info    0x00000a0d     0x466f ./emlib/em_cmu.o
 .debug_info    0x0000507c     0x32a4 ./emlib/em_emu.o
 .debug_info    0x00008320     0x1096 ./emlib/em_gpio.o
 .debug_info    0x000093b6      0xf30 ./emlib/em_i2c.o
 .debug_info    0x0000a2e6      0x732 ./emlib/em_letimer.o
 .debug_info    0x0000aa18      0xc9d ./emlib/em_leuart.o
 .debug_info    0x0000b6b5     0x13a6 ./src/Source_files/app.o
 .debug_info    0x0000ca5b     0x130e ./src/Source_files/ble.o
 .debug_info    0x0000dd69      0x419 ./src/Source_files/cmu.o
 .debug_info    0x0000e182      0x50b ./src/Source_files/gpio.o
 .debug_info    0x0000e68d     0x1560 ./src/Source_files/i2c.o
 .debug_info    0x0000fbed      0xbc8 ./src/Source_files/letimer.o
 .debug_info    0x000107b5     0x169a ./src/Source_files/leuart.o
 .debug_info    0x00011e4f      0x1af ./src/Source_files/scheduler.o
 .debug_info    0x00011ffe      0xe08 ./src/Source_files/si7021.o
 .debug_info    0x00012e06      0x49e ./src/Source_files/sleep_routines.o
 .debug_info    0x000132a4     0x1e4a ./src/main.o

.debug_abbrev   0x00000000     0x314f
 .debug_abbrev  0x00000000       0x14 ./CMSIS/EFM32PG12B/startup_gcc_efm32pg12b.o
 .debug_abbrev  0x00000014      0x218 ./CMSIS/EFM32PG12B/system_efm32pg12b.o
 .debug_abbrev  0x0000022c       0x68 ./emlib/em_assert.o
 .debug_abbrev  0x00000294      0x4db ./emlib/em_cmu.o
 .debug_abbrev  0x0000076f      0x4a6 ./emlib/em_emu.o
 .debug_abbrev  0x00000c15      0x2b3 ./emlib/em_gpio.o
 .debug_abbrev  0x00000ec8      0x3ac ./emlib/em_i2c.o
 .debug_abbrev  0x00001274      0x29e ./emlib/em_letimer.o
 .debug_abbrev  0x00001512      0x372 ./emlib/em_leuart.o
 .debug_abbrev  0x00001884      0x2e6 ./src/Source_files/app.o
 .debug_abbrev  0x00001b6a      0x2b6 ./src/Source_files/ble.o
 .debug_abbrev  0x00001e20       0xdb ./src/Source_files/cmu.o
 .debug_abbrev  0x00001efb       0xdb ./src/Source_files/gpio.o
 .debug_abbrev  0x00001fd6      0x3af ./src/Source_files/i2c.o
 .debug_abbrev  0x00002385      0x288 ./src/Source_files/letimer.o
 .debug_abbrev  0x0000260d      0x3c4 ./src/Source_files/leuart.o
 .debug_abbrev  0x000029d1       0xed ./src/Source_files/scheduler.o
 .debug_abbrev  0x00002abe      0x232 ./src/Source_files/si7021.o
 .debug_abbrev  0x00002cf0      0x1d1 ./src/Source_files/sleep_routines.o
 .debug_abbrev  0x00002ec1      0x28e ./src/main.o

.debug_aranges  0x00000000      0x6d0
 .debug_aranges
                0x00000000       0x20 ./CMSIS/EFM32PG12B/startup_gcc_efm32pg12b.o
 .debug_aranges
                0x00000020       0x68 ./CMSIS/EFM32PG12B/system_efm32pg12b.o
 .debug_aranges
                0x00000088       0x20 ./emlib/em_assert.o
 .debug_aranges
                0x000000a8      0x128 ./emlib/em_cmu.o
 .debug_aranges
                0x000001d0      0x128 ./emlib/em_emu.o
 .debug_aranges
                0x000002f8       0x48 ./emlib/em_gpio.o
 .debug_aranges
                0x00000340       0x50 ./emlib/em_i2c.o
 .debug_aranges
                0x00000390       0x60 ./emlib/em_letimer.o
 .debug_aranges
                0x000003f0       0x80 ./emlib/em_leuart.o
 .debug_aranges
                0x00000470       0x58 ./src/Source_files/app.o
 .debug_aranges
                0x000004c8       0x30 ./src/Source_files/ble.o
 .debug_aranges
                0x000004f8       0x20 ./src/Source_files/cmu.o
 .debug_aranges
                0x00000518       0x20 ./src/Source_files/gpio.o
 .debug_aranges
                0x00000538       0x38 ./src/Source_files/i2c.o
 .debug_aranges
                0x00000570       0x38 ./src/Source_files/letimer.o
 .debug_aranges
                0x000005a8       0x60 ./src/Source_files/leuart.o
 .debug_aranges
                0x00000608       0x38 ./src/Source_files/scheduler.o
 .debug_aranges
                0x00000640       0x30 ./src/Source_files/si7021.o
 .debug_aranges
                0x00000670       0x40 ./src/Source_files/sleep_routines.o
 .debug_aranges
                0x000006b0       0x20 ./src/main.o

.debug_str      0x00000000   0x159911
 .debug_str     0x00000000       0x91 ./CMSIS/EFM32PG12B/startup_gcc_efm32pg12b.o
 .debug_str     0x00000091   0x14e43e ./CMSIS/EFM32PG12B/system_efm32pg12b.o
                             0x14f315 (size before relaxing)
 .debug_str     0x0014e4cf       0xb8 ./emlib/em_assert.o
                               0x2dbf (size before relaxing)
 .debug_str     0x0014e587     0x4ddc ./emlib/em_cmu.o
                             0x1541b2 (size before relaxing)
 .debug_str     0x00153363     0x1137 ./emlib/em_emu.o
                             0x15437a (size before relaxing)
 .debug_str     0x0015449a      0x49c ./emlib/em_gpio.o
                             0x14fd80 (size before relaxing)
 .debug_str     0x00154936      0x51d ./emlib/em_i2c.o
                             0x1527d9 (size before relaxing)
 .debug_str     0x00154e53      0x31c ./emlib/em_letimer.o
                             0x1506f1 (size before relaxing)
 .debug_str     0x0015516f      0x2f7 ./emlib/em_leuart.o
                             0x150a22 (size before relaxing)
 .debug_str     0x00155466     0x2df6 ./src/Source_files/app.o
                             0x1554b8 (size before relaxing)
 .debug_str     0x0015825c      0x208 ./src/Source_files/ble.o
                             0x1531b4 (size before relaxing)
 .debug_str     0x00158464       0x1a ./src/Source_files/cmu.o
                             0x1507c5 (size before relaxing)
 .debug_str     0x0015847e       0x1b ./src/Source_files/gpio.o
                             0x150a2e (size before relaxing)
 .debug_str     0x00158499      0x4f8 ./src/Source_files/i2c.o
                             0x151df8 (size before relaxing)
 .debug_str     0x00158991       0x91 ./src/Source_files/letimer.o
                             0x151a21 (size before relaxing)
 .debug_str     0x00158a22       0xf5 ./src/Source_files/leuart.o
                             0x154b62 (size before relaxing)
 .debug_str     0x00158b17       0x30 ./src/Source_files/scheduler.o
                             0x14f340 (size before relaxing)
 .debug_str     0x00158b47       0x74 ./src/Source_files/si7021.o
                             0x15522b (size before relaxing)
 .debug_str     0x00158bbb       0x6b ./src/Source_files/sleep_routines.o
                             0x14fca7 (size before relaxing)
 .debug_str     0x00158c26      0xceb ./src/main.o
                             0x156db8 (size before relaxing)

.debug_loc      0x00000000     0xa3d7
 .debug_loc     0x00000000       0xe6 ./CMSIS/EFM32PG12B/system_efm32pg12b.o
 .debug_loc     0x000000e6     0x4146 ./emlib/em_cmu.o
 .debug_loc     0x0000422c     0x1f3f ./emlib/em_emu.o
 .debug_loc     0x0000616b      0xf89 ./emlib/em_gpio.o
 .debug_loc     0x000070f4      0xd20 ./emlib/em_i2c.o
 .debug_loc     0x00007e14      0x60f ./emlib/em_letimer.o
 .debug_loc     0x00008423      0x6d3 ./emlib/em_leuart.o
 .debug_loc     0x00008af6      0x283 ./src/Source_files/app.o
 .debug_loc     0x00008d79      0x41a ./src/Source_files/ble.o
 .debug_loc     0x00009193       0x2c ./src/Source_files/cmu.o
 .debug_loc     0x000091bf       0x2c ./src/Source_files/gpio.o
 .debug_loc     0x000091eb      0x9d1 ./src/Source_files/i2c.o
 .debug_loc     0x00009bbc      0x2dc ./src/Source_files/letimer.o
 .debug_loc     0x00009e98      0x2ec ./src/Source_files/leuart.o
 .debug_loc     0x0000a184      0x14e ./src/Source_files/si7021.o
 .debug_loc     0x0000a2d2       0xd9 ./src/Source_files/sleep_routines.o
 .debug_loc     0x0000a3ab       0x2c ./src/main.o

.debug_ranges   0x00000000     0x1900
 .debug_ranges  0x00000000       0x58 ./CMSIS/EFM32PG12B/system_efm32pg12b.o
 .debug_ranges  0x00000058       0x10 ./emlib/em_assert.o
 .debug_ranges  0x00000068      0x830 ./emlib/em_cmu.o
 .debug_ranges  0x00000898      0x4c0 ./emlib/em_emu.o
 .debug_ranges  0x00000d58      0x368 ./emlib/em_gpio.o
 .debug_ranges  0x000010c0      0x130 ./emlib/em_i2c.o
 .debug_ranges  0x000011f0       0x80 ./emlib/em_letimer.o
 .debug_ranges  0x00001270      0x118 ./emlib/em_leuart.o
 .debug_ranges  0x00001388       0x48 ./src/Source_files/app.o
 .debug_ranges  0x000013d0       0x20 ./src/Source_files/ble.o
 .debug_ranges  0x000013f0       0x10 ./src/Source_files/cmu.o
 .debug_ranges  0x00001400       0x10 ./src/Source_files/gpio.o
 .debug_ranges  0x00001410      0x370 ./src/Source_files/i2c.o
 .debug_ranges  0x00001780       0x58 ./src/Source_files/letimer.o
 .debug_ranges  0x000017d8       0x50 ./src/Source_files/leuart.o
 .debug_ranges  0x00001828       0x28 ./src/Source_files/scheduler.o
 .debug_ranges  0x00001850       0x20 ./src/Source_files/si7021.o
 .debug_ranges  0x00001870       0x48 ./src/Source_files/sleep_routines.o
 .debug_ranges  0x000018b8       0x48 ./src/main.o

.debug_macro    0x00000000    0x34a04
 .debug_macro   0x00000000      0x282 ./CMSIS/EFM32PG12B/system_efm32pg12b.o
 .debug_macro   0x00000282      0xa54 ./CMSIS/EFM32PG12B/system_efm32pg12b.o
 .debug_macro   0x00000cd6       0x22 ./CMSIS/EFM32PG12B/system_efm32pg12b.o
 .debug_macro   0x00000cf8       0x4f ./CMSIS/EFM32PG12B/system_efm32pg12b.o
 .debug_macro   0x00000d47       0x51 ./CMSIS/EFM32PG12B/system_efm32pg12b.o
 .debug_macro   0x00000d98       0xef ./CMSIS/EFM32PG12B/system_efm32pg12b.o
 .debug_macro   0x00000e87       0x6a ./CMSIS/EFM32PG12B/system_efm32pg12b.o
 .debug_macro   0x00000ef1      0x1df ./CMSIS/EFM32PG12B/system_efm32pg12b.o
 .debug_macro   0x000010d0      0x4b1 ./CMSIS/EFM32PG12B/system_efm32pg12b.o
 .debug_macro   0x00001581       0x1c ./CMSIS/EFM32PG12B/system_efm32pg12b.o
 .debug_macro   0x0000159d       0x22 ./CMSIS/EFM32PG12B/system_efm32pg12b.o
 .debug_macro   0x000015bf       0xdf ./CMSIS/EFM32PG12B/system_efm32pg12b.o
 .debug_macro   0x0000169e      0xff5 ./CMSIS/EFM32PG12B/system_efm32pg12b.o
 .debug_macro   0x00002693       0xe2 ./CMSIS/EFM32PG12B/system_efm32pg12b.o
 .debug_macro   0x00002775      0xe1d ./CMSIS/EFM32PG12B/system_efm32pg12b.o
 .debug_macro   0x00003592     0x2276 ./CMSIS/EFM32PG12B/system_efm32pg12b.o
 .debug_macro   0x00005808      0x32a ./CMSIS/EFM32PG12B/system_efm32pg12b.o
 .debug_macro   0x00005b32     0x3119 ./CMSIS/EFM32PG12B/system_efm32pg12b.o
 .debug_macro   0x00008c4b     0x1bbb ./CMSIS/EFM32PG12B/system_efm32pg12b.o
 .debug_macro   0x0000a806     0x2675 ./CMSIS/EFM32PG12B/system_efm32pg12b.o
 .debug_macro   0x0000ce7b     0x1b1a ./CMSIS/EFM32PG12B/system_efm32pg12b.o
 .debug_macro   0x0000e995      0xe2c ./CMSIS/EFM32PG12B/system_efm32pg12b.o
 .debug_macro   0x0000f7c1      0x345 ./CMSIS/EFM32PG12B/system_efm32pg12b.o
 .debug_macro   0x0000fb06      0x29e ./CMSIS/EFM32PG12B/system_efm32pg12b.o
 .debug_macro   0x0000fda4     0x2764 ./CMSIS/EFM32PG12B/system_efm32pg12b.o
 .debug_macro   0x00012508     0x31cd ./CMSIS/EFM32PG12B/system_efm32pg12b.o
 .debug_macro   0x000156d5     0x136c ./CMSIS/EFM32PG12B/system_efm32pg12b.o
 .debug_macro   0x00016a41      0xde3 ./CMSIS/EFM32PG12B/system_efm32pg12b.o
 .debug_macro   0x00017824      0x249 ./CMSIS/EFM32PG12B/system_efm32pg12b.o
 .debug_macro   0x00017a6d     0x1043 ./CMSIS/EFM32PG12B/system_efm32pg12b.o
 .debug_macro   0x00018ab0     0x1606 ./CMSIS/EFM32PG12B/system_efm32pg12b.o
 .debug_macro   0x0001a0b6     0x3cb8 ./CMSIS/EFM32PG12B/system_efm32pg12b.o
 .debug_macro   0x0001dd6e     0x23fd ./CMSIS/EFM32PG12B/system_efm32pg12b.o
 .debug_macro   0x0002016b      0x70d ./CMSIS/EFM32PG12B/system_efm32pg12b.o
 .debug_macro   0x00020878     0x26f0 ./CMSIS/EFM32PG12B/system_efm32pg12b.o
 .debug_macro   0x00022f68     0x1701 ./CMSIS/EFM32PG12B/system_efm32pg12b.o
 .debug_macro   0x00024669     0x2efc ./CMSIS/EFM32PG12B/system_efm32pg12b.o
 .debug_macro   0x00027565      0xfb0 ./CMSIS/EFM32PG12B/system_efm32pg12b.o
 .debug_macro   0x00028515      0x6c4 ./CMSIS/EFM32PG12B/system_efm32pg12b.o
 .debug_macro   0x00028bd9     0x1022 ./CMSIS/EFM32PG12B/system_efm32pg12b.o
 .debug_macro   0x00029bfb      0x889 ./CMSIS/EFM32PG12B/system_efm32pg12b.o
 .debug_macro   0x0002a484      0x500 ./CMSIS/EFM32PG12B/system_efm32pg12b.o
 .debug_macro   0x0002a984     0x1bc5 ./CMSIS/EFM32PG12B/system_efm32pg12b.o
 .debug_macro   0x0002c549       0x40 ./CMSIS/EFM32PG12B/system_efm32pg12b.o
 .debug_macro   0x0002c589      0x2ce ./CMSIS/EFM32PG12B/system_efm32pg12b.o
 .debug_macro   0x0002c857      0x382 ./CMSIS/EFM32PG12B/system_efm32pg12b.o
 .debug_macro   0x0002cbd9      0x190 ./CMSIS/EFM32PG12B/system_efm32pg12b.o
 .debug_macro   0x0002cd69     0x27bf ./CMSIS/EFM32PG12B/system_efm32pg12b.o
 .debug_macro   0x0002f528      0x304 ./CMSIS/EFM32PG12B/system_efm32pg12b.o
 .debug_macro   0x0002f82c      0x304 ./CMSIS/EFM32PG12B/system_efm32pg12b.o
 .debug_macro   0x0002fb30       0x23 ./emlib/em_assert.o
 .debug_macro   0x0002fb53      0x3a5 ./emlib/em_cmu.o
 .debug_macro   0x0002fef8       0x58 ./emlib/em_cmu.o
 .debug_macro   0x0002ff50      0x34d ./emlib/em_cmu.o
 .debug_macro   0x0003029d       0x25 ./emlib/em_cmu.o
 .debug_macro   0x000302c2       0xee ./emlib/em_cmu.o
 .debug_macro   0x000303b0       0x80 ./emlib/em_cmu.o
 .debug_macro   0x00030430      0x391 ./emlib/em_emu.o
 .debug_macro   0x000307c1       0x52 ./emlib/em_emu.o
 .debug_macro   0x00030813       0x55 ./emlib/em_emu.o
 .debug_macro   0x00030868      0x353 ./emlib/em_emu.o
 .debug_macro   0x00030bbb       0xd9 ./emlib/em_emu.o
 .debug_macro   0x00030c94       0x7a ./emlib/em_emu.o
 .debug_macro   0x00030d0e      0x295 ./emlib/em_gpio.o
 .debug_macro   0x00030fa3      0x315 ./emlib/em_i2c.o
 .debug_macro   0x000312b8       0x3f ./emlib/em_i2c.o
 .debug_macro   0x000312f7      0x2b8 ./emlib/em_letimer.o
 .debug_macro   0x000315af      0x2ac ./emlib/em_leuart.o
 .debug_macro   0x0003185b      0x47b ./src/Source_files/app.o
 .debug_macro   0x00031cd6       0x64 ./src/Source_files/app.o
 .debug_macro   0x00031d3a       0x45 ./src/Source_files/app.o
 .debug_macro   0x00031d7f       0x28 ./src/Source_files/app.o
 .debug_macro   0x00031da7       0x16 ./src/Source_files/app.o
 .debug_macro   0x00031dbd       0x16 ./src/Source_files/app.o
 .debug_macro   0x00031dd3       0x10 ./src/Source_files/app.o
 .debug_macro   0x00031de3       0x10 ./src/Source_files/app.o
 .debug_macro   0x00031df3       0xb6 ./src/Source_files/app.o
 .debug_macro   0x00031ea9       0x16 ./src/Source_files/app.o
 .debug_macro   0x00031ebf      0x129 ./src/Source_files/app.o
 .debug_macro   0x00031fe8       0x3a ./src/Source_files/app.o
 .debug_macro   0x00032022       0x10 ./src/Source_files/app.o
 .debug_macro   0x00032032       0x10 ./src/Source_files/app.o
 .debug_macro   0x00032042       0x3a ./src/Source_files/app.o
 .debug_macro   0x0003207c       0x52 ./src/Source_files/app.o
 .debug_macro   0x000320ce       0x10 ./src/Source_files/app.o
 .debug_macro   0x000320de       0x10 ./src/Source_files/app.o
 .debug_macro   0x000320ee      0x395 ./src/Source_files/ble.o
 .debug_macro   0x00032483      0x29c ./src/Source_files/cmu.o
 .debug_macro   0x0003271f      0x2ab ./src/Source_files/gpio.o
 .debug_macro   0x000329ca      0x317 ./src/Source_files/i2c.o
 .debug_macro   0x00032ce1       0x6a ./src/Source_files/i2c.o
 .debug_macro   0x00032d4b      0x2f2 ./src/Source_files/letimer.o
 .debug_macro   0x0003303d      0x3a9 ./src/Source_files/leuart.o
 .debug_macro   0x000333e6       0x57 ./src/Source_files/leuart.o
 .debug_macro   0x0003343d      0x293 ./src/Source_files/scheduler.o
 .debug_macro   0x000336d0      0x465 ./src/Source_files/si7021.o
 .debug_macro   0x00033b35      0x2ba ./src/Source_files/sleep_routines.o
 .debug_macro   0x00033def      0x4cd ./src/main.o
 .debug_macro   0x000342bc       0x97 ./src/main.o
 .debug_macro   0x00034353       0xf6 ./src/main.o
 .debug_macro   0x00034449       0xd6 ./src/main.o
 .debug_macro   0x0003451f       0x76 ./src/main.o
 .debug_macro   0x00034595       0xf1 ./src/main.o
 .debug_macro   0x00034686       0x3a ./src/main.o
 .debug_macro   0x000346c0      0x344 ./src/main.o

.debug_frame    0x00000000     0x1d80
 .debug_frame   0x00000000       0xc8 ./CMSIS/EFM32PG12B/system_efm32pg12b.o
 .debug_frame   0x000000c8       0x20 ./emlib/em_assert.o
 .debug_frame   0x000000e8      0x468 ./emlib/em_cmu.o
 .debug_frame   0x00000550      0x3b0 ./emlib/em_emu.o
 .debug_frame   0x00000900       0xc0 ./emlib/em_gpio.o
 .debug_frame   0x000009c0       0xf8 ./emlib/em_i2c.o
 .debug_frame   0x00000ab8      0x100 ./emlib/em_letimer.o
 .debug_frame   0x00000bb8      0x120 ./emlib/em_leuart.o
 .debug_frame   0x00000cd8       0xf0 ./src/Source_files/app.o
 .debug_frame   0x00000dc8       0x80 ./src/Source_files/ble.o
 .debug_frame   0x00000e48       0x2c ./src/Source_files/cmu.o
 .debug_frame   0x00000e74       0x30 ./src/Source_files/gpio.o
 .debug_frame   0x00000ea4       0xf4 ./src/Source_files/i2c.o
 .debug_frame   0x00000f98       0xb0 ./src/Source_files/letimer.o
 .debug_frame   0x00001048       0xf0 ./src/Source_files/leuart.o
 .debug_frame   0x00001138       0x50 ./src/Source_files/scheduler.o
 .debug_frame   0x00001188       0x70 ./src/Source_files/si7021.o
 .debug_frame   0x000011f8       0x70 ./src/Source_files/sleep_routines.o
 .debug_frame   0x00001268       0x2c ./src/main.o
 .debug_frame   0x00001294       0xac d:/simplicity_studio/developer/toolchains/gnu_arm/7.2_2017q4/bin/../lib/gcc/arm-none-eabi/7.2.1/thumb/v7e-m/fpv4-sp/softfp\libgcc.a(_arm_addsubdf3.o)
 .debug_frame   0x00001340       0x50 d:/simplicity_studio/developer/toolchains/gnu_arm/7.2_2017q4/bin/../lib/gcc/arm-none-eabi/7.2.1/thumb/v7e-m/fpv4-sp/softfp\libgcc.a(_arm_muldivdf3.o)
 .debug_frame   0x00001390       0x24 d:/simplicity_studio/developer/toolchains/gnu_arm/7.2_2017q4/bin/../lib/gcc/arm-none-eabi/7.2.1/thumb/v7e-m/fpv4-sp/softfp\libgcc.a(_arm_truncdfsf2.o)
 .debug_frame   0x000013b4       0x28 d:/simplicity_studio/developer/toolchains/gnu_arm/7.2_2017q4/bin/../lib/gcc/arm-none-eabi/7.2.1/../../../../arm-none-eabi/lib/thumb/v7e-m/fpv4-sp/softfp\libc_nano.a(lib_a-exit.o)
 .debug_frame   0x000013dc       0x2c d:/simplicity_studio/developer/toolchains/gnu_arm/7.2_2017q4/bin/../lib/gcc/arm-none-eabi/7.2.1/../../../../arm-none-eabi/lib/thumb/v7e-m/fpv4-sp/softfp\libc_nano.a(lib_a-init.o)
 .debug_frame   0x00001408       0x20 d:/simplicity_studio/developer/toolchains/gnu_arm/7.2_2017q4/bin/../lib/gcc/arm-none-eabi/7.2.1/../../../../arm-none-eabi/lib/thumb/v7e-m/fpv4-sp/softfp\libc_nano.a(lib_a-memset.o)
 .debug_frame   0x00001428       0x90 d:/simplicity_studio/developer/toolchains/gnu_arm/7.2_2017q4/bin/../lib/gcc/arm-none-eabi/7.2.1/../../../../arm-none-eabi/lib/thumb/v7e-m/fpv4-sp/softfp\libc_nano.a(lib_a-nano-vfprintf_float.o)
 .debug_frame   0x000014b8       0x60 d:/simplicity_studio/developer/toolchains/gnu_arm/7.2_2017q4/bin/../lib/gcc/arm-none-eabi/7.2.1/../../../../arm-none-eabi/lib/thumb/v7e-m/fpv4-sp/softfp\libc_nano.a(lib_a-nano-vfprintf_i.o)
 .debug_frame   0x00001518       0x6c d:/simplicity_studio/developer/toolchains/gnu_arm/7.2_2017q4/bin/../lib/gcc/arm-none-eabi/7.2.1/../../../../arm-none-eabi/lib/thumb/v7e-m/fpv4-sp/softfp\libc_nano.a(lib_a-sprintf.o)
 .debug_frame   0x00001584       0x20 d:/simplicity_studio/developer/toolchains/gnu_arm/7.2_2017q4/bin/../lib/gcc/arm-none-eabi/7.2.1/../../../../arm-none-eabi/lib/thumb/v7e-m/fpv4-sp/softfp\libc_nano.a(lib_a-strcpy.o)
 .debug_frame   0x000015a4       0x6c d:/simplicity_studio/developer/toolchains/gnu_arm/7.2_2017q4/bin/../lib/gcc/arm-none-eabi/7.2.1/../../../../arm-none-eabi/lib/thumb/v7e-m/fpv4-sp/softfp\libc_nano.a(lib_a-dtoa.o)
 .debug_frame   0x00001610       0x40 d:/simplicity_studio/developer/toolchains/gnu_arm/7.2_2017q4/bin/../lib/gcc/arm-none-eabi/7.2.1/../../../../arm-none-eabi/lib/thumb/v7e-m/fpv4-sp/softfp\libc_nano.a(lib_a-localeconv.o)
 .debug_frame   0x00001650       0x30 d:/simplicity_studio/developer/toolchains/gnu_arm/7.2_2017q4/bin/../lib/gcc/arm-none-eabi/7.2.1/../../../../arm-none-eabi/lib/thumb/v7e-m/fpv4-sp/softfp\libc_nano.a(lib_a-malloc.o)
 .debug_frame   0x00001680       0x28 d:/simplicity_studio/developer/toolchains/gnu_arm/7.2_2017q4/bin/../lib/gcc/arm-none-eabi/7.2.1/../../../../arm-none-eabi/lib/thumb/v7e-m/fpv4-sp/softfp\libc_nano.a(lib_a-memcpy-stub.o)
 .debug_frame   0x000016a8      0x248 d:/simplicity_studio/developer/toolchains/gnu_arm/7.2_2017q4/bin/../lib/gcc/arm-none-eabi/7.2.1/../../../../arm-none-eabi/lib/thumb/v7e-m/fpv4-sp/softfp\libc_nano.a(lib_a-mprec.o)
 .debug_frame   0x000018f0       0x2c d:/simplicity_studio/developer/toolchains/gnu_arm/7.2_2017q4/bin/../lib/gcc/arm-none-eabi/7.2.1/../../../../arm-none-eabi/lib/thumb/v7e-m/fpv4-sp/softfp\libc_nano.a(lib_a-nano-callocr.o)
 .debug_frame   0x0000191c       0x38 d:/simplicity_studio/developer/toolchains/gnu_arm/7.2_2017q4/bin/../lib/gcc/arm-none-eabi/7.2.1/../../../../arm-none-eabi/lib/thumb/v7e-m/fpv4-sp/softfp\libc_nano.a(lib_a-nano-freer.o)
 .debug_frame   0x00001954       0x2c d:/simplicity_studio/developer/toolchains/gnu_arm/7.2_2017q4/bin/../lib/gcc/arm-none-eabi/7.2.1/../../../../arm-none-eabi/lib/thumb/v7e-m/fpv4-sp/softfp\libc_nano.a(lib_a-nano-mallocr.o)
 .debug_frame   0x00001980       0x90 d:/simplicity_studio/developer/toolchains/gnu_arm/7.2_2017q4/bin/../lib/gcc/arm-none-eabi/7.2.1/../../../../arm-none-eabi/lib/thumb/v7e-m/fpv4-sp/softfp\libc_nano.a(lib_a-nano-svfprintf.o)
 .debug_frame   0x00001a10       0x2c d:/simplicity_studio/developer/toolchains/gnu_arm/7.2_2017q4/bin/../lib/gcc/arm-none-eabi/7.2.1/../../../../arm-none-eabi/lib/thumb/v7e-m/fpv4-sp/softfp\libc_nano.a(lib_a-sbrkr.o)
 .debug_frame   0x00001a3c       0x68 d:/simplicity_studio/developer/toolchains/gnu_arm/7.2_2017q4/bin/../lib/gcc/arm-none-eabi/7.2.1/../../../../arm-none-eabi/lib/thumb/v7e-m/fpv4-sp/softfp\libc_nano.a(lib_a-locale.o)
 .debug_frame   0x00001aa4       0x48 d:/simplicity_studio/developer/toolchains/gnu_arm/7.2_2017q4/bin/../lib/gcc/arm-none-eabi/7.2.1/../../../../arm-none-eabi/lib/thumb/v7e-m/fpv4-sp/softfp\libc_nano.a(lib_a-mbtowc_r.o)
 .debug_frame   0x00001aec       0x28 d:/simplicity_studio/developer/toolchains/gnu_arm/7.2_2017q4/bin/../lib/gcc/arm-none-eabi/7.2.1/../../../../arm-none-eabi/lib/thumb/v7e-m/fpv4-sp/softfp\libc_nano.a(lib_a-memmove.o)
 .debug_frame   0x00001b14       0x30 d:/simplicity_studio/developer/toolchains/gnu_arm/7.2_2017q4/bin/../lib/gcc/arm-none-eabi/7.2.1/../../../../arm-none-eabi/lib/thumb/v7e-m/fpv4-sp/softfp\libc_nano.a(lib_a-mlock.o)
 .debug_frame   0x00001b44       0x3c d:/simplicity_studio/developer/toolchains/gnu_arm/7.2_2017q4/bin/../lib/gcc/arm-none-eabi/7.2.1/../../../../arm-none-eabi/lib/thumb/v7e-m/fpv4-sp/softfp\libc_nano.a(lib_a-nano-reallocr.o)
 .debug_frame   0x00001b80       0x5c d:/simplicity_studio/developer/toolchains/gnu_arm/7.2_2017q4/bin/../lib/gcc/arm-none-eabi/7.2.1/../../../../arm-none-eabi/lib/thumb/v7e-m/fpv4-sp/softfp\libc_nano.a(lib_a-reent.o)
 .debug_frame   0x00001bdc       0x3c d:/simplicity_studio/developer/toolchains/gnu_arm/7.2_2017q4/bin/../lib/gcc/arm-none-eabi/7.2.1/../../../../arm-none-eabi/lib/thumb/v7e-m/fpv4-sp/softfp\libc_nano.a(lib_a-wctomb_r.o)
 .debug_frame   0x00001c18       0x20 d:/simplicity_studio/developer/toolchains/gnu_arm/7.2_2017q4/bin/../lib/gcc/arm-none-eabi/7.2.1/../../../../arm-none-eabi/lib/thumb/v7e-m/fpv4-sp/softfp\libc_nano.a(lib_a-nano-msizer.o)
 .debug_frame   0x00001c38       0x20 d:/simplicity_studio/developer/toolchains/gnu_arm/7.2_2017q4/bin/../lib/gcc/arm-none-eabi/7.2.1/../../../../arm-none-eabi/lib/thumb/v7e-m/fpv4-sp/softfp\libnosys.a(sbrk.o)
 .debug_frame   0x00001c58       0x20 d:/simplicity_studio/developer/toolchains/gnu_arm/7.2_2017q4/bin/../lib/gcc/arm-none-eabi/7.2.1/../../../../arm-none-eabi/lib/thumb/v7e-m/fpv4-sp/softfp\libnosys.a(_exit.o)
 .debug_frame   0x00001c78       0xc4 d:/simplicity_studio/developer/toolchains/gnu_arm/7.2_2017q4/bin/../lib/gcc/arm-none-eabi/7.2.1/thumb/v7e-m/fpv4-sp/softfp\libgcc.a(_arm_cmpdf2.o)
 .debug_frame   0x00001d3c       0x20 d:/simplicity_studio/developer/toolchains/gnu_arm/7.2_2017q4/bin/../lib/gcc/arm-none-eabi/7.2.1/thumb/v7e-m/fpv4-sp/softfp\libgcc.a(_arm_unorddf2.o)
 .debug_frame   0x00001d5c       0x24 d:/simplicity_studio/developer/toolchains/gnu_arm/7.2_2017q4/bin/../lib/gcc/arm-none-eabi/7.2.1/thumb/v7e-m/fpv4-sp/softfp\libgcc.a(_arm_fixdfsi.o)
