Archive member included to satisfy reference by file (symbol)

d:/simplicity_studio/developer/toolchains/gnu_arm/7.2_2017q4/bin/../lib/gcc/arm-none-eabi/7.2.1/thumb/v7e-m/fpv4-sp/softfp\libgcc.a(_arm_addsubdf3.o)
                              ./src/Source_files/app.o (__aeabi_dsub)
d:/simplicity_studio/developer/toolchains/gnu_arm/7.2_2017q4/bin/../lib/gcc/arm-none-eabi/7.2.1/thumb/v7e-m/fpv4-sp/softfp\libgcc.a(_arm_muldivdf3.o)
                              ./src/Source_files/app.o (__aeabi_dmul)
d:/simplicity_studio/developer/toolchains/gnu_arm/7.2_2017q4/bin/../lib/gcc/arm-none-eabi/7.2.1/thumb/v7e-m/fpv4-sp/softfp\libgcc.a(_arm_truncdfsf2.o)
                              ./src/Source_files/si7021.o (__aeabi_d2f)
d:/simplicity_studio/developer/toolchains/gnu_arm/7.2_2017q4/bin/../lib/gcc/arm-none-eabi/7.2.1/thumb/v7e-m/fpv4-sp/softfp\libgcc.a(_aeabi_uldivmod.o)
                              ./emlib/em_usart.o (__aeabi_uldivmod)
d:/simplicity_studio/developer/toolchains/gnu_arm/7.2_2017q4/bin/../lib/gcc/arm-none-eabi/7.2.1/thumb/v7e-m/fpv4-sp/softfp\libgcc.a(_udivmoddi4.o)
                              d:/simplicity_studio/developer/toolchains/gnu_arm/7.2_2017q4/bin/../lib/gcc/arm-none-eabi/7.2.1/thumb/v7e-m/fpv4-sp/softfp\libgcc.a(_aeabi_uldivmod.o) (__udivmoddi4)
d:/simplicity_studio/developer/toolchains/gnu_arm/7.2_2017q4/bin/../lib/gcc/arm-none-eabi/7.2.1/thumb/v7e-m/fpv4-sp/softfp\libgcc.a(_dvmd_tls.o)
                              d:/simplicity_studio/developer/toolchains/gnu_arm/7.2_2017q4/bin/../lib/gcc/arm-none-eabi/7.2.1/thumb/v7e-m/fpv4-sp/softfp\libgcc.a(_aeabi_uldivmod.o) (__aeabi_ldiv0)
d:/simplicity_studio/developer/toolchains/gnu_arm/7.2_2017q4/bin/../lib/gcc/arm-none-eabi/7.2.1/../../../../arm-none-eabi/lib/thumb/v7e-m/fpv4-sp/softfp\libc_nano.a(lib_a-exit.o)
                              d:/simplicity_studio/developer/toolchains/gnu_arm/7.2_2017q4/bin/../lib/gcc/arm-none-eabi/7.2.1/../../../../arm-none-eabi/lib/thumb/v7e-m/fpv4-sp/softfp/crt0.o (exit)
d:/simplicity_studio/developer/toolchains/gnu_arm/7.2_2017q4/bin/../lib/gcc/arm-none-eabi/7.2.1/../../../../arm-none-eabi/lib/thumb/v7e-m/fpv4-sp/softfp\libc_nano.a(lib_a-impure.o)
                              d:/simplicity_studio/developer/toolchains/gnu_arm/7.2_2017q4/bin/../lib/gcc/arm-none-eabi/7.2.1/../../../../arm-none-eabi/lib/thumb/v7e-m/fpv4-sp/softfp\libc_nano.a(lib_a-exit.o) (_global_impure_ptr)
d:/simplicity_studio/developer/toolchains/gnu_arm/7.2_2017q4/bin/../lib/gcc/arm-none-eabi/7.2.1/../../../../arm-none-eabi/lib/thumb/v7e-m/fpv4-sp/softfp\libc_nano.a(lib_a-init.o)
                              d:/simplicity_studio/developer/toolchains/gnu_arm/7.2_2017q4/bin/../lib/gcc/arm-none-eabi/7.2.1/../../../../arm-none-eabi/lib/thumb/v7e-m/fpv4-sp/softfp/crt0.o (__libc_init_array)
d:/simplicity_studio/developer/toolchains/gnu_arm/7.2_2017q4/bin/../lib/gcc/arm-none-eabi/7.2.1/../../../../arm-none-eabi/lib/thumb/v7e-m/fpv4-sp/softfp\libc_nano.a(lib_a-memcpy-stub.o)
                              ./emlib/em_crypto.o (memcpy)
d:/simplicity_studio/developer/toolchains/gnu_arm/7.2_2017q4/bin/../lib/gcc/arm-none-eabi/7.2.1/../../../../arm-none-eabi/lib/thumb/v7e-m/fpv4-sp/softfp\libc_nano.a(lib_a-memset.o)
                              d:/simplicity_studio/developer/toolchains/gnu_arm/7.2_2017q4/bin/../lib/gcc/arm-none-eabi/7.2.1/../../../../arm-none-eabi/lib/thumb/v7e-m/fpv4-sp/softfp/crt0.o (memset)
d:/simplicity_studio/developer/toolchains/gnu_arm/7.2_2017q4/bin/../lib/gcc/arm-none-eabi/7.2.1/../../../../arm-none-eabi/lib/thumb/v7e-m/fpv4-sp/softfp\libc_nano.a(lib_a-nano-vfprintf_float.o)
                              (_printf_float)
d:/simplicity_studio/developer/toolchains/gnu_arm/7.2_2017q4/bin/../lib/gcc/arm-none-eabi/7.2.1/../../../../arm-none-eabi/lib/thumb/v7e-m/fpv4-sp/softfp\libc_nano.a(lib_a-nano-vfprintf_i.o)
                              d:/simplicity_studio/developer/toolchains/gnu_arm/7.2_2017q4/bin/../lib/gcc/arm-none-eabi/7.2.1/../../../../arm-none-eabi/lib/thumb/v7e-m/fpv4-sp/softfp\libc_nano.a(lib_a-nano-vfprintf_float.o) (_printf_common)
d:/simplicity_studio/developer/toolchains/gnu_arm/7.2_2017q4/bin/../lib/gcc/arm-none-eabi/7.2.1/../../../../arm-none-eabi/lib/thumb/v7e-m/fpv4-sp/softfp\libc_nano.a(lib_a-sprintf.o)
                              ./src/Source_files/app.o (sprintf)
d:/simplicity_studio/developer/toolchains/gnu_arm/7.2_2017q4/bin/../lib/gcc/arm-none-eabi/7.2.1/../../../../arm-none-eabi/lib/thumb/v7e-m/fpv4-sp/softfp\libc_nano.a(lib_a-strcat.o)
                              ./src/Source_files/ble.o (strcat)
d:/simplicity_studio/developer/toolchains/gnu_arm/7.2_2017q4/bin/../lib/gcc/arm-none-eabi/7.2.1/../../../../arm-none-eabi/lib/thumb/v7e-m/fpv4-sp/softfp\libc_nano.a(lib_a-strcmp.o)
                              ./src/Source_files/app.o (strcmp)
[...]
Memory Configuration

Name             Origin             Length             Attributes
FLASH            0x00000000         0x00100000         xr
RAM              0x20000000         0x00040000         xrw
*default*        0x00000000         0xffffffff

Linker script and memory map

LOAD d:/simplicity_studio/developer/toolchains/gnu_arm/7.2_2017q4/bin/../lib/gcc/arm-none-eabi/7.2.1/thumb/v7e-m/fpv4-sp/softfp/crti.o
LOAD d:/simplicity_studio/developer/toolchains/gnu_arm/7.2_2017q4/bin/../lib/gcc/arm-none-eabi/7.2.1/thumb/v7e-m/fpv4-sp/softfp/crtbegin.o
LOAD d:/simplicity_studio/developer/toolchains/gnu_arm/7.2_2017q4/bin/../lib/gcc/arm-none-eabi/7.2.1/../../../../arm-none-eabi/lib/thumb/v7e-m/fpv4-sp/softfp/crt0.o
LOAD ./CMSIS/EFM32PG12B/startup_gcc_efm32pg12b.o
LOAD ./CMSIS/EFM32PG12B/system_efm32pg12b.o
LOAD ./emlib/em_acmp.o
LOAD ./emlib/em_adc.o
LOAD ./emlib/em_aes.o
LOAD ./emlib/em_assert.o
LOAD ./emlib/em_burtc.o
LOAD ./emlib/em_can.o
LOAD ./emlib/em_cmu.o
LOAD ./emlib/em_core.o
LOAD ./emlib/em_cryotimer.o
LOAD ./emlib/em_crypto.o
LOAD ./emlib/em_csen.o
LOAD ./emlib/em_dac.o
LOAD ./emlib/em_dbg.o
LOAD ./emlib/em_dma.o
LOAD ./emlib/em_ebi.o
LOAD ./emlib/em_emu.o
LOAD ./emlib/em_gpcrc.o
LOAD ./emlib/em_gpio.o
LOAD ./emlib/em_i2c.o
LOAD ./emlib/em_iadc.o
LOAD ./emlib/em_idac.o
LOAD ./emlib/em_int.o
LOAD ./emlib/em_lcd.o
LOAD ./emlib/em_ldma.o
LOAD ./emlib/em_lesense.o
LOAD ./emlib/em_letimer.o
LOAD ./emlib/em_leuart.o
LOAD ./emlib/em_mpu.o
LOAD ./emlib/em_msc.o
LOAD ./emlib/em_opamp.o
LOAD ./emlib/em_pcnt.o
LOAD ./emlib/em_pdm.o
LOAD ./emlib/em_prs.o
LOAD ./emlib/em_qspi.o
LOAD ./emlib/em_rmu.o
LOAD ./emlib/em_rtc.o
LOAD ./emlib/em_rtcc.o
LOAD ./emlib/em_se.o
LOAD ./emlib/em_system.o
LOAD ./emlib/em_timer.o
LOAD ./emlib/em_usart.o
LOAD ./emlib/em_vcmp.o
LOAD ./emlib/em_vdac.o
LOAD ./emlib/em_wdog.o
LOAD ./src/Source_files/app.o
LOAD ./src/Source_files/ble.o
LOAD ./src/Source_files/cmu.o
LOAD ./src/Source_files/gpio.o
LOAD ./src/Source_files/i2c.o
LOAD ./src/Source_files/letimer.o
LOAD ./src/Source_files/leuart.o
LOAD ./src/Source_files/scheduler.o
LOAD ./src/Source_files/si7021.o
LOAD ./src/Source_files/sleep_routines.o
LOAD ./src/main.o
START GROUP
LOAD d:/simplicity_studio/developer/toolchains/gnu_arm/7.2_2017q4/bin/../lib/gcc/arm-none-eabi/7.2.1/thumb/v7e-m/fpv4-sp/softfp\libgcc.a
LOAD d:/simplicity_studio/developer/toolchains/gnu_arm/7.2_2017q4/bin/../lib/gcc/arm-none-eabi/7.2.1/../../../../arm-none-eabi/lib/thumb/v7e-m/fpv4-sp/softfp\libc_nano.a
LOAD d:/simplicity_studio/developer/toolchains/gnu_arm/7.2_2017q4/bin/../lib/gcc/arm-none-eabi/7.2.1/../../../../arm-none-eabi/lib/thumb/v7e-m/fpv4-sp/softfp\libnosys.a
END GROUP
START GROUP
LOAD d:/simplicity_studio/developer/toolchains/gnu_arm/7.2_2017q4/bin/../lib/gcc/arm-none-eabi/7.2.1/thumb/v7e-m/fpv4-sp/softfp\libgcc.a
LOAD d:/simplicity_studio/developer/toolchains/gnu_arm/7.2_2017q4/bin/../lib/gcc/arm-none-eabi/7.2.1/../../../../arm-none-eabi/lib/thumb/v7e-m/fpv4-sp/softfp\libg_nano.a
LOAD d:/simplicity_studio/developer/toolchains/gnu_arm/7.2_2017q4/bin/../lib/gcc/arm-none-eabi/7.2.1/../../../../arm-none-eabi/lib/thumb/v7e-m/fpv4-sp/softfp\libc_nano.a
END GROUP
START GROUP
LOAD d:/simplicity_studio/developer/toolchains/gnu_arm/7.2_2017q4/bin/../lib/gcc/arm-none-eabi/7.2.1/thumb/v7e-m/fpv4-sp/softfp\libgcc.a
LOAD d:/simplicity_studio/developer/toolchains/gnu_arm/7.2_2017q4/bin/../lib/gcc/arm-none-eabi/7.2.1/../../../../arm-none-eabi/lib/thumb/v7e-m/fpv4-sp/softfp\libc_nano.a
END GROUP
LOAD d:/simplicity_studio/developer/toolchains/gnu_arm/7.2_2017q4/bin/../lib/gcc/arm-none-eabi/7.2.1/thumb/v7e-m/fpv4-sp/softfp/crtend.o
LOAD d:/simplicity_studio/developer/toolchains/gnu_arm/7.2_2017q4/bin/../lib/gcc/arm-none-eabi/7.2.1/thumb/v7e-m/fpv4-sp/softfp/crtn.o

.text           0x00000000     0x8df4
 *(.vectors)
 .vectors       0x00000000      0x10c ./CMSIS/EFM32PG12B/startup_gcc_efm32pg12b.o
                0x00000000                __Vectors
                0x0000010c                __Vectors_End = .
                0x0000010c                __Vectors_Size = (__Vectors_End - __Vectors)
                0x0000010c                __end__ = .
 *(.text*)
 .text          0x0000010c       0x40 d:/simplicity_studio/developer/toolchains/gnu_arm/7.2_2017q4/bin/../lib/gcc/arm-none-eabi/7.2.1/thumb/v7e-m/fpv4-sp/softfp/crtbegin.o
 .text          0x0000014c       0x74 d:/simplicity_studio/developer/toolchains/gnu_arm/7.2_2017q4/bin/../lib/gcc/arm-none-eabi/7.2.1/../../../../arm-none-eabi/lib/thumb/v7e-m/fpv4-sp/softfp/crt0.o
                0x0000014c                _start
                0x0000014c                _mainCRTStartup
 .text          0x000001c0       0x30 ./CMSIS/EFM32PG12B/startup_gcc_efm32pg12b.o
                0x000001c0                Reset_Handler
                0x000001ec                USART0_TX_IRQHandler
                0x000001ec                HardFault_Handler
                0x000001ec                SysTick_Handler
                0x000001ec                USART1_RX_IRQHandler
                0x000001ec                PendSV_Handler
                0x000001ec                NMI_Handler
                0x000001ec                I2C1_IRQHandler
                0x000001ec                WTIMER0_IRQHandler
                0x000001ec                CRYPTO0_IRQHandler
                0x000001ec                WDOG0_IRQHandler
                0x000001ec                USART1_TX_IRQHandler
                0x000001ec                SMU_IRQHandler
                0x000001ec                MSC_IRQHandler
                0x000001ec                ADC0_IRQHandler
                0x000001ec                UsageFault_Handler
                0x000001ec                WDOG1_IRQHandler
                0x000001ec                FPUEH_IRQHandler
                0x000001ec                WTIMER1_IRQHandler
                0x000001ec                GPIO_EVEN_IRQHandler
                0x000001ec                VDAC0_IRQHandler
                0x000001ec                LDMA_IRQHandler
                0x000001ec                CSEN_IRQHandler
                0x000001ec                CRYPTO1_IRQHandler
                0x000001ec                TIMER0_IRQHandler
                0x000001ec                DebugMon_Handler
                0x000001ec                PCNT2_IRQHandler
                0x000001ec                TIMER1_IRQHandler
                0x000001ec                TRNG0_IRQHandler
                0x000001ec                USART2_RX_IRQHandler
                0x000001ec                Default_Handler
                0x000001ec                EMU_IRQHandler
                0x000001ec                CRYOTIMER_IRQHandler
                0x000001ec                PCNT0_IRQHandler
                0x000001ec                PCNT1_IRQHandler
                0x000001ec                ACMP0_IRQHandler
                0x000001ec                USART0_RX_IRQHandler
                0x000001ec                MemManage_Handler
                0x000001ec                SVC_Handler
                0x000001ec                USART3_RX_IRQHandler
                0x000001ec                RTCC_IRQHandler
                0x000001ec                CMU_IRQHandler
                0x000001ec                LESENSE_IRQHandler
                0x000001ec                GPIO_ODD_IRQHandler
                0x000001ec                USART3_TX_IRQHandler
                0x000001ec                BusFault_Handler
                0x000001ec                USART2_TX_IRQHandler
                0x000001ec                IDAC0_IRQHandler
 .text.SystemCoreClockGet
                0x000001f0       0x40 ./CMSIS/EFM32PG12B/system_efm32pg12b.o
                0x000001f0                SystemCoreClockGet
 .text.SystemMaxCoreClockGet
                0x00000230       0x14 ./CMSIS/EFM32PG12B/system_efm32pg12b.o
                0x00000230                SystemMaxCoreClockGet
 .text.SystemHFClockGet
                0x00000244       0x70 ./CMSIS/EFM32PG12B/system_efm32pg12b.o
                0x00000244                SystemHFClockGet
 .text.SystemHFXOClockGet
                0x000002b4       0x18 ./CMSIS/EFM32PG12B/system_efm32pg12b.o
                0x000002b4                SystemHFXOClockGet
 .text.SystemInit
                0x000002cc       0x2c ./CMSIS/EFM32PG12B/system_efm32pg12b.o
                0x000002cc                SystemInit
 .text.SystemLFRCOClockGet
                0x000002f8       0x12 ./CMSIS/EFM32PG12B/system_efm32pg12b.o
                0x000002f8                SystemLFRCOClockGet
 .text.SystemULFRCOClockGet
                0x0000030a       0x12 ./CMSIS/EFM32PG12B/system_efm32pg12b.o
                0x0000030a                SystemULFRCOClockGet
 .text.SystemLFXOClockGet
                0x0000031c       0x18 ./CMSIS/EFM32PG12B/system_efm32pg12b.o
                0x0000031c                SystemLFXOClockGet
 .text.assertEFM
                0x00000334        0xc ./emlib/em_assert.o
                0x00000334                assertEFM
 .text.BUS_RegBitWrite
                0x00000340       0x2e ./emlib/em_cmu.o
 .text.BUS_RegBitRead
                0x0000036e       0x2a ./emlib/em_cmu.o
 .text.CMU_Log2ToDiv
                0x00000398       0x2c ./emlib/em_cmu.o
 .text.EMU_VScaleWait
                0x000003c4       0x1c ./emlib/em_cmu.o
 .text.EMU_VScaleGet
                0x000003e0       0x1c ./emlib/em_cmu.o
 .text.setHfLeConfig
                0x000003fc       0x64 ./emlib/em_cmu.o
 .text.auxClkGet
                0x00000460       0x20 ./emlib/em_cmu.o
 .text.hfSrcClkGet
                0x00000480       0x2c ./emlib/em_cmu.o
 .text.dbgClkGet
                0x000004ac       0x4c ./emlib/em_cmu.o
 .text.adcAsyncClkGet
                0x000004f8       0x98 ./emlib/em_cmu.o
 .text.flashWaitStateControl
                0x00000590       0x98 ./emlib/em_cmu.o
 .text.flashWaitStateMax
                0x00000628       0x44 ./emlib/em_cmu.o
 .text.CMU_UpdateWaitStates
                0x0000066c       0x40 ./emlib/em_cmu.o
                0x0000066c                CMU_UpdateWaitStates
 .text.getRegIshUpperVal
                0x000006ac       0x36 ./emlib/em_cmu.o
 *fill*         0x000006e2        0x2 
 .text.getHfxoTuningMode
                0x000006e4       0x1c ./emlib/em_cmu.o
 .text.setHfxoTuningMode
                0x00000700       0x2c ./emlib/em_cmu.o
 .text.lfClkGet
                0x0000072c      0x114 ./emlib/em_cmu.o
 .text.syncReg  0x00000840       0x38 ./emlib/em_cmu.o
 .text.hfperClkSafePrescaler
                0x00000878        0xe ./emlib/em_cmu.o
 .text.hfperClkOptimizedPrescaler
                0x00000886        0xe ./emlib/em_cmu.o
 .text.CMU_ClockEnable
                0x00000894       0xd8 ./emlib/em_cmu.o
                0x00000894                CMU_ClockEnable
 .text.CMU_ClockFreqGet
                0x0000096c      0x218 ./emlib/em_cmu.o
                0x0000096c                CMU_ClockFreqGet
 .text.CMU_ClockSelectGet
                0x00000b84      0x1c8 ./emlib/em_cmu.o
                0x00000b84                CMU_ClockSelectGet
 .text.CMU_ClockSelectSet
                0x00000d4c      0x350 ./emlib/em_cmu.o
                0x00000d4c                CMU_ClockSelectSet
 .text.CMU_HFRCODevinfoGet
                0x0000109c       0xdc ./emlib/em_cmu.o
 .text.CMU_HFRCOBandGet
                0x00001178       0x18 ./emlib/em_cmu.o
                0x00001178                CMU_HFRCOBandGet
 .text.CMU_HFRCOBandSet
                0x00001190      0x180 ./emlib/em_cmu.o
                0x00001190                CMU_HFRCOBandSet
 .text.CMU_HFXOInit
                0x00001310      0x104 ./emlib/em_cmu.o
                0x00001310                CMU_HFXOInit
 .text.CMU_OscillatorEnable
                0x00001414      0x1bc ./emlib/em_cmu.o
                0x00001414                CMU_OscillatorEnable
 .text.CMU_OscillatorTuningGet
                0x000015d0       0x7c ./emlib/em_cmu.o
                0x000015d0                CMU_OscillatorTuningGet
 .text.CMU_OscillatorTuningSet
                0x0000164c      0x154 ./emlib/em_cmu.o
                0x0000164c                CMU_OscillatorTuningSet
 .text.CMU_OscillatorTuningWait
                0x000017a0       0xb4 ./emlib/em_cmu.o
                0x000017a0                CMU_OscillatorTuningWait
 .text.CMU_OscillatorTuningOptimize
                0x00001854       0x64 ./emlib/em_cmu.o
                0x00001854                CMU_OscillatorTuningOptimize
 .text.SystemCoreClockUpdate
                0x000018b8        0xc ./emlib/em_emu.o
 .text.BUS_RegBitWrite
                0x000018c4       0x2e ./emlib/em_emu.o
 .text.BUS_RegBitRead
                0x000018f2       0x2a ./emlib/em_emu.o
 .text.EMU_VScaleWait
                0x0000191c       0x1c ./emlib/em_emu.o
 .text.EMU_VScaleGet
                0x00001938       0x1c ./emlib/em_emu.o
 .text.EMU_IntClear
                0x00001954       0x20 ./emlib/em_emu.o
 .text.EMU_IntGet
                0x00001974       0x18 ./emlib/em_emu.o
 .text.CMU_Lock
                0x0000198c       0x1c ./emlib/em_emu.o
 .text.CMU_Unlock
                0x000019a8       0x1c ./emlib/em_emu.o
 .text.vScaleEM01Cmd
                0x000019c4       0x22 ./emlib/em_emu.o
 *fill*         0x000019e6        0x2 
 .text.emState  0x000019e8      0x150 ./emlib/em_emu.o
 .text.vScaleDownEM23Setup
                0x00001b38       0x50 ./emlib/em_emu.o
 .text.vScaleAfterWakeup
                0x00001b88       0x48 ./emlib/em_emu.o
 .text.EMU_EnterEM2
                0x00001bd0       0x4c ./emlib/em_emu.o
                0x00001bd0                EMU_EnterEM2
 .text.EMU_EnterEM3
                0x00001c1c       0x68 ./emlib/em_emu.o
                0x00001c1c                EMU_EnterEM3
 .text.EMU_VScaleEM01ByClock
                0x00001c84       0x70 ./emlib/em_emu.o
                0x00001c84                EMU_VScaleEM01ByClock
 .text.EMU_VScaleEM01
                0x00001cf4       0xa0 ./emlib/em_emu.o
                0x00001cf4                EMU_VScaleEM01
 .text.EMU_EM23Init
                0x00001d94       0x50 ./emlib/em_emu.o
                0x00001d94                EMU_EM23Init
 .text.dcdcConstCalibrationLoad
                0x00001de4       0x10 ./emlib/em_emu.o
 .text.dcdcValidatedConfigSet
                0x00001df4       0x40 ./emlib/em_emu.o
 .text.currentLimitersUpdate
                0x00001e34      0x124 ./emlib/em_emu.o
 .text.userCurrentLimitsSet
                0x00001f58       0x30 ./emlib/em_emu.o
 .text.compCtrlSet
                0x00001f88       0x4c ./emlib/em_emu.o
 .text.lpCmpHystCalibrationLoad
                0x00001fd4       0xec ./emlib/em_emu.o
 .text.lpGetDevinfoVrefLowHigh
                0x000020c0      0x164 ./emlib/em_emu.o
 .text.EMU_DCDCModeSet
                0x00002224       0xf0 ./emlib/em_emu.o
                0x00002224                EMU_DCDCModeSet
 .text.EMU_DCDCInit
                0x00002314      0x1c8 ./emlib/em_emu.o
                0x00002314                EMU_DCDCInit
 .text.EMU_DCDCOutputVoltageSet
                0x000024dc      0x2d8 ./emlib/em_emu.o
                0x000024dc                EMU_DCDCOutputVoltageSet
 .text.EMU_DCDCOptimizeSlice
                0x000027b4       0xe8 ./emlib/em_emu.o
                0x000027b4                EMU_DCDCOptimizeSlice
 .text.EMU_DCDCLnRcoBandSet
                0x0000289c       0x64 ./emlib/em_emu.o
                0x0000289c                EMU_DCDCLnRcoBandSet
 .text.BUS_RegMaskedSet
                0x00002900       0x24 ./emlib/em_gpio.o
 .text.BUS_RegMaskedClear
                0x00002924       0x24 ./emlib/em_gpio.o
 .text.BUS_RegMaskedWrite
                0x00002948       0x24 ./emlib/em_gpio.o
 .text.GPIO_PinOutClear
                0x0000296c       0xd0 ./emlib/em_gpio.o
 .text.GPIO_PinOutSet
                0x00002a3c       0xd0 ./emlib/em_gpio.o
 .text.GPIO_DriveStrengthSet
                0x00002b0c       0x8c ./emlib/em_gpio.o
                0x00002b0c                GPIO_DriveStrengthSet
 .text.GPIO_PinModeSet
                0x00002b98      0x18c ./emlib/em_gpio.o
                0x00002b98                GPIO_PinModeSet
 .text.I2C_IntClear
                0x00002d24       0x1c ./emlib/em_i2c.o
 .text.BUS_RegBitWrite
                0x00002d40       0x2e ./emlib/em_i2c.o
 .text.BUS_RegMaskedSet
                0x00002d6e       0x24 ./emlib/em_i2c.o
 .text.BUS_RegMaskedClear
                0x00002d92       0x24 ./emlib/em_i2c.o
 .text.BUS_RegMaskedWrite
                0x00002db6       0x24 ./emlib/em_i2c.o
 *fill*         0x00002dda        0x2 
 .text.I2C_BusFreqSet
                0x00002ddc      0x198 ./emlib/em_i2c.o
                0x00002ddc                I2C_BusFreqSet
 .text.I2C_Enable
                0x00002f74       0x48 ./emlib/em_i2c.o
                0x00002f74                I2C_Enable
 .text.I2C_Init
                0x00002fbc       0x7c ./emlib/em_i2c.o
                0x00002fbc                I2C_Init
 .text.LETIMER_CompareSet
                0x00003038       0x5c ./emlib/em_letimer.o
                0x00003038                LETIMER_CompareSet
 .text.LETIMER_Enable
                0x00003094       0x40 ./emlib/em_letimer.o
                0x00003094                LETIMER_Enable
 .text.LETIMER_Init
                0x000030d4       0xf8 ./emlib/em_letimer.o
                0x000030d4                LETIMER_Init
 .text.LEUART_Sync
                0x000031cc       0x32 ./emlib/em_leuart.o
 *fill*         0x000031fe        0x2 
 .text.LEUART_BaudrateSet
                0x00003200       0x9c ./emlib/em_leuart.o
                0x00003200                LEUART_BaudrateSet
 .text.LEUART_FreezeEnable
                0x0000329c       0x36 ./emlib/em_leuart.o
                0x0000329c                LEUART_FreezeEnable
 *fill*         0x000032d2        0x2 
 .text.LEUART_Init
                0x000032d4       0x84 ./emlib/em_leuart.o
                0x000032d4                LEUART_Init
 .text.BUS_RegMaskedSet
                0x00003358       0x24 ./src/Source_files/app.o
 .text.BUS_RegMaskedClear
                0x0000337c       0x24 ./src/Source_files/app.o
 .text.GPIO_PinOutClear
                0x000033a0       0xd0 ./src/Source_files/app.o
 .text.GPIO_PinOutSet
                0x00003470       0xd0 ./src/Source_files/app.o
 .text.app_peripheral_setup
                0x00003540       0x3c ./src/Source_files/app.o
                0x00003540                app_peripheral_setup
 .text.app_letimer_pwm_open
                0x0000357c       0x60 ./src/Source_files/app.o
                0x0000357c                app_letimer_pwm_open
 .text.scheduled_letimer0_comp0_evt
                0x000035dc       0x1c ./src/Source_files/app.o
                0x000035dc                scheduled_letimer0_comp0_evt
 .text.scheduled_letimer0_comp1_evt
                0x000035f8       0x1c ./src/Source_files/app.o
                0x000035f8                scheduled_letimer0_comp1_evt
 .text.scheduled_letimer0_uf_evt
                0x00003614       0x2c ./src/Source_files/app.o
                0x00003614                scheduled_letimer0_uf_evt
 .text.scheduled_si7021_done_evt
                0x00003640       0xe8 ./src/Source_files/app.o
                0x00003640                scheduled_si7021_done_evt
 .text.scheduled_boot_up_evt
                0x00003728       0x38 ./src/Source_files/app.o
                0x00003728                scheduled_boot_up_evt
 .text.scheduled_tx_done_evt
                0x00003760       0x3c ./src/Source_files/app.o
                0x00003760                scheduled_tx_done_evt
 .text.scheduled_rx_done_evt
                0x0000379c       0x74 ./src/Source_files/app.o
                0x0000379c                scheduled_rx_done_evt
 .text.ble_open
                0x00003810       0x80 ./src/Source_files/ble.o
                0x00003810                ble_open
 .text.ble_write
                0x00003890       0x1c ./src/Source_files/ble.o
                0x00003890                ble_write
 .text.circular_buff_test
                0x000038ac      0x1e8 ./src/Source_files/ble.o
                0x000038ac                circular_buff_test
 .text.ble_circ_space
                0x00003a94       0x30 ./src/Source_files/ble.o
 .text.ble_circ_init
                0x00003ac4       0x2c ./src/Source_files/ble.o
                0x00003ac4                ble_circ_init
 .text.ble_circ_push
                0x00003af0       0x8c ./src/Source_files/ble.o
                0x00003af0                ble_circ_push
 .text.ble_circ_pop
                0x00003b7c      0x120 ./src/Source_files/ble.o
                0x00003b7c                ble_circ_pop
 .text.update_circ_wrtindex
                0x00003c9c       0x2a ./src/Source_files/ble.o
 .text.update_circ_readindex
                0x00003cc6       0x2a ./src/Source_files/ble.o
 .text.cmu_open
                0x00003cf0       0x54 ./src/Source_files/cmu.o
                0x00003cf0                cmu_open
 .text.gpio_open
                0x00003d44       0x8c ./src/Source_files/gpio.o
                0x00003d44                gpio_open
 .text.__NVIC_EnableIRQ
                0x00003dd0       0x3c ./src/Source_files/i2c.o
 .text.BUS_RegBitRead
                0x00003e0c       0x2a ./src/Source_files/i2c.o
 .text.BUS_RegMaskedSet
                0x00003e36       0x24 ./src/Source_files/i2c.o
 .text.BUS_RegMaskedClear
                0x00003e5a       0x24 ./src/Source_files/i2c.o
 *fill*         0x00003e7e        0x2 
 .text.GPIO_PinInGet
                0x00003e80       0xc8 ./src/Source_files/i2c.o
 .text.GPIO_PinOutClear
                0x00003f48       0xd0 ./src/Source_files/i2c.o
 .text.GPIO_PinOutSet
                0x00004018       0xd0 ./src/Source_files/i2c.o
 .text.i2c_open
                0x000040e8      0x184 ./src/Source_files/i2c.o
                0x000040e8                i2c_open
 .text.i2c_bus_reset
                0x0000426c       0x9c ./src/Source_files/i2c.o
                0x0000426c                i2c_bus_reset
 .text.i2c_start
                0x00004308       0x7c ./src/Source_files/i2c.o
                0x00004308                i2c_start
 .text.i2c_ack  0x00004384       0xb4 ./src/Source_files/i2c.o
 .text.i2c_nack
                0x00004438       0xac ./src/Source_files/i2c.o
 .text.i2c_rxdatav
                0x000044e4       0xd0 ./src/Source_files/i2c.o
 .text.i2c_mstop
                0x000045b4       0xa8 ./src/Source_files/i2c.o
 .text.I2C0_IRQHandler
                0x0000465c       0x5c ./src/Source_files/i2c.o
                0x0000465c                I2C0_IRQHandler
 .text.__NVIC_EnableIRQ
                0x000046b8       0x3c ./src/Source_files/letimer.o
 .text.letimer_pwm_open
                0x000046f4      0x198 ./src/Source_files/letimer.o
                0x000046f4                letimer_pwm_open
 .text.letimer_start
                0x0000488c       0x72 ./src/Source_files/letimer.o
                0x0000488c                letimer_start
 *fill*         0x000048fe        0x2 
 .text.LETIMER0_IRQHandler
                0x00004900       0xac ./src/Source_files/letimer.o
                0x00004900                LETIMER0_IRQHandler
 .text.__NVIC_EnableIRQ
                0x000049ac       0x3c ./src/Source_files/leuart.o
 .text.leuart_open
                0x000049e8      0x2e4 ./src/Source_files/leuart.o
                0x000049e8                leuart_open
 .text.leuart_start
                0x00004ccc       0x64 ./src/Source_files/leuart.o
                0x00004ccc                leuart_start
 .text.leuart_send_char
                0x00004d30       0xc0 ./src/Source_files/leuart.o
 .text.leuart_finish
                0x00004df0       0x88 ./src/Source_files/leuart.o
 .text.leuart_startf
                0x00004e78       0x84 ./src/Source_files/leuart.o
 .text.leuart_rxdatav
                0x00004efc       0xd8 ./src/Source_files/leuart.o
 .text.leuart_sigf
                0x00004fd4       0x60 ./src/Source_files/leuart.o
 .text.LEUART0_IRQHandler
                0x00005034       0x6c ./src/Source_files/leuart.o
                0x00005034                LEUART0_IRQHandler
 .text.leuart_tx_busy
                0x000050a0       0x38 ./src/Source_files/leuart.o
                0x000050a0                leuart_tx_busy
 .text.leuart_app_transmit_byte
                0x000050d8       0x2c ./src/Source_files/leuart.o
                0x000050d8                leuart_app_transmit_byte
 .text.leuart_rx_test
                0x00005104      0x390 ./src/Source_files/leuart.o
                0x00005104                leuart_rx_test
 .text.get_leuart_rx_buffer
                0x00005494       0x1c ./src/Source_files/leuart.o
                0x00005494                get_leuart_rx_buffer
 .text.scheduler_open
                0x000054b0       0x18 ./src/Source_files/scheduler.o
                0x000054b0                scheduler_open
 .text.add_scheduled_event
                0x000054c8       0x28 ./src/Source_files/scheduler.o
                0x000054c8                add_scheduled_event
 .text.remove_scheduled_event
                0x000054f0       0x2c ./src/Source_files/scheduler.o
                0x000054f0                remove_scheduled_event
 .text.get_scheduled_events
                0x0000551c       0x18 ./src/Source_files/scheduler.o
                0x0000551c                get_scheduled_events
 .text.si7021_i2c_open
                0x00005534       0x5c ./src/Source_files/si7021.o
                0x00005534                si7021_i2c_open
 .text.si7021_read
                0x00005590       0x28 ./src/Source_files/si7021.o
                0x00005590                si7021_read
 .text.si7021_get_tempF
                0x000055b8       0xbc ./src/Source_files/si7021.o
                0x000055b8                si7021_get_tempF
 .text.EMU_EnterEM1
                0x00005674       0x20 ./src/Source_files/sleep_routines.o
 .text.sleep_open
                0x00005694       0x34 ./src/Source_files/sleep_routines.o
                0x00005694                sleep_open
 .text.enter_sleep
                0x000056c8       0x48 ./src/Source_files/sleep_routines.o
                0x000056c8                enter_sleep
 .text.current_block_energy_mode
                0x00005710       0x3c ./src/Source_files/sleep_routines.o
                0x00005710                current_block_energy_mode
 .text.sleep_block_mode
                0x0000574c       0x44 ./src/Source_files/sleep_routines.o
                0x0000574c                sleep_block_mode
 .text.sleep_unblock_mode
                0x00005790       0x44 ./src/Source_files/sleep_routines.o
                0x00005790                sleep_unblock_mode
 .text.SYSTEM_GetProdRev
                0x000057d4       0x1c ./src/main.o
 .text.CHIP_Init
                0x000057f0       0x74 ./src/main.o
 .text.main     0x00005864      0x124 ./src/main.o
                0x00005864                main
 .text          0x00005988      0x378 d:/simplicity_studio/developer/toolchains/gnu_arm/7.2_2017q4/bin/../lib/gcc/arm-none-eabi/7.2.1/thumb/v7e-m/fpv4-sp/softfp\libgcc.a(_arm_addsubdf3.o)
                0x00005988                __aeabi_drsub
                0x00005990                __aeabi_dsub
                0x00005990                __subdf3
                0x00005994                __aeabi_dadd
                0x00005994                __adddf3
                0x00005c0c                __floatunsidf
                0x00005c0c                __aeabi_ui2d
                0x00005c2c                __floatsidf
                0x00005c2c                __aeabi_i2d
                0x00005c50                __aeabi_f2d
                0x00005c50                __extendsfdf2
                0x00005c94                __floatundidf
                0x00005c94                __aeabi_ul2d
                0x00005ca4                __floatdidf
                0x00005ca4                __aeabi_l2d
 .text          0x00005d00      0x424 d:/simplicity_studio/developer/toolchains/gnu_arm/7.2_2017q4/bin/../lib/gcc/arm-none-eabi/7.2.1/thumb/v7e-m/fpv4-sp/softfp\libgcc.a(_arm_muldivdf3.o)
                0x00005d00                __aeabi_dmul
                0x00005d00                __muldf3
                0x00005f54                __divdf3
                0x00005f54                __aeabi_ddiv
 .text          0x00006124       0xa0 d:/simplicity_studio/developer/toolchains/gnu_arm/7.2_2017q4/bin/../lib/gcc/arm-none-eabi/7.2.1/thumb/v7e-m/fpv4-sp/softfp\libgcc.a(_arm_truncdfsf2.o)
                0x00006124                __truncdfsf2
                0x00006124                __aeabi_d2f
 .text.exit     0x000061c4       0x28 d:/simplicity_studio/developer/toolchains/gnu_arm/7.2_2017q4/bin/../lib/gcc/arm-none-eabi/7.2.1/../../../../arm-none-eabi/lib/thumb/v7e-m/fpv4-sp/softfp\libc_nano.a(lib_a-exit.o)
                0x000061c4                exit
 .text.__libc_init_array
                0x000061ec       0x48 d:/simplicity_studio/developer/toolchains/gnu_arm/7.2_2017q4/bin/../lib/gcc/arm-none-eabi/7.2.1/../../../../arm-none-eabi/lib/thumb/v7e-m/fpv4-sp/softfp\libc_nano.a(lib_a-init.o)
                0x000061ec                __libc_init_array
 .text.memcpy   0x00006234       0x16 d:/simplicity_studio/developer/toolchains/gnu_arm/7.2_2017q4/bin/../lib/gcc/arm-none-eabi/7.2.1/../../../../arm-none-eabi/lib/thumb/v7e-m/fpv4-sp/softfp\libc_nano.a(lib_a-memcpy-stub.o)
                0x00006234                memcpy
 .text.memset   0x0000624a       0x10 d:/simplicity_studio/developer/toolchains/gnu_arm/7.2_2017q4/bin/../lib/gcc/arm-none-eabi/7.2.1/../../../../arm-none-eabi/lib/thumb/v7e-m/fpv4-sp/softfp\libc_nano.a(lib_a-memset.o)
                0x0000624a                memset
 .text.__cvt    0x0000625a       0xbc d:/simplicity_studio/developer/toolchains/gnu_arm/7.2_2017q4/bin/../lib/gcc/arm-none-eabi/7.2.1/../../../../arm-none-eabi/lib/thumb/v7e-m/fpv4-sp/softfp\libc_nano.a(lib_a-nano-vfprintf_float.o)
                0x0000625a                __cvt
 .text.__exponent
                0x00006316       0x66 d:/simplicity_studio/developer/toolchains/gnu_arm/7.2_2017q4/bin/../lib/gcc/arm-none-eabi/7.2.1/../../../../arm-none-eabi/lib/thumb/v7e-m/fpv4-sp/softfp\libc_nano.a(lib_a-nano-vfprintf_float.o)
                0x00006316                __exponent
 .text._printf_float
                0x0000637c      0x48c d:/simplicity_studio/developer/toolchains/gnu_arm/7.2_2017q4/bin/../lib/gcc/arm-none-eabi/7.2.1/../../../../arm-none-eabi/lib/thumb/v7e-m/fpv4-sp/softfp\libc_nano.a(lib_a-nano-vfprintf_float.o)
                0x0000637c                _printf_float
 .text._printf_common
                0x00006808       0xea d:/simplicity_studio/developer/toolchains/gnu_arm/7.2_2017q4/bin/../lib/gcc/arm-none-eabi/7.2.1/../../../../arm-none-eabi/lib/thumb/v7e-m/fpv4-sp/softfp\libc_nano.a(lib_a-nano-vfprintf_i.o)
                0x00006808                _printf_common
 *fill*         0x000068f2        0x2 
 .text._printf_i
                0x000068f4      0x224 d:/simplicity_studio/developer/toolchains/gnu_arm/7.2_2017q4/bin/../lib/gcc/arm-none-eabi/7.2.1/../../../../arm-none-eabi/lib/thumb/v7e-m/fpv4-sp/softfp\libc_nano.a(lib_a-nano-vfprintf_i.o)
                0x000068f4                _printf_i
 .text.sprintf  0x00006b18       0x40 d:/simplicity_studio/developer/toolchains/gnu_arm/7.2_2017q4/bin/../lib/gcc/arm-none-eabi/7.2.1/../../../../arm-none-eabi/lib/thumb/v7e-m/fpv4-sp/softfp\libc_nano.a(lib_a-sprintf.o)
                0x00006b18                siprintf
                0x00006b18                sprintf
 .text          0x00006b58       0x14 d:/simplicity_studio/developer/toolchains/gnu_arm/7.2_2017q4/bin/../lib/gcc/arm-none-eabi/7.2.1/../../../../arm-none-eabi/lib/thumb/v7e-m/fpv4-sp/softfp\libc_nano.a(lib_a-strcmp.o)
                0x00006b58                strcmp
 .text.strcpy   0x00006b6c       0x10 d:/simplicity_studio/developer/toolchains/gnu_arm/7.2_2017q4/bin/../lib/gcc/arm-none-eabi/7.2.1/../../../../arm-none-eabi/lib/thumb/v7e-m/fpv4-sp/softfp\libc_nano.a(lib_a-strcpy.o)
                0x00006b6c                strcpy
 .text          0x00006b7c       0x10 d:/simplicity_studio/developer/toolchains/gnu_arm/7.2_2017q4/bin/../lib/gcc/arm-none-eabi/7.2.1/../../../../arm-none-eabi/lib/thumb/v7e-m/fpv4-sp/softfp\libc_nano.a(lib_a-strlen.o)
                0x00006b7c                strlen
 .text.quorem   0x00006b8c      0x118 d:/simplicity_studio/developer/toolchains/gnu_arm/7.2_2017q4/bin/../lib/gcc/arm-none-eabi/7.2.1/../../../../arm-none-eabi/lib/thumb/v7e-m/fpv4-sp/softfp\libc_nano.a(lib_a-dtoa.o)
 *fill*         0x00006ca4        0x4 
 .text._dtoa_r  0x00006ca8      0xb7c d:/simplicity_studio/developer/toolchains/gnu_arm/7.2_2017q4/bin/../lib/gcc/arm-none-eabi/7.2.1/../../../../arm-none-eabi/lib/thumb/v7e-m/fpv4-sp/softfp\libc_nano.a(lib_a-dtoa.o)
                0x00006ca8                _dtoa_r
 .text._localeconv_r
                0x00007824       0x1c d:/simplicity_studio/developer/toolchains/gnu_arm/7.2_2017q4/bin/../lib/gcc/arm-none-eabi/7.2.1/../../../../arm-none-eabi/lib/thumb/v7e-m/fpv4-sp/softfp\libc_nano.a(lib_a-localeconv.o)
                0x00007824                _localeconv_r
 .text.malloc   0x00007840       0x10 d:/simplicity_studio/developer/toolchains/gnu_arm/7.2_2017q4/bin/../lib/gcc/arm-none-eabi/7.2.1/../../../../arm-none-eabi/lib/thumb/v7e-m/fpv4-sp/softfp\libc_nano.a(lib_a-malloc.o)
                0x00007840                malloc
 .text          0x00007850       0xa0 d:/simplicity_studio/developer/toolchains/gnu_arm/7.2_2017q4/bin/../lib/gcc/arm-none-eabi/7.2.1/../../../../arm-none-eabi/lib/thumb/v7e-m/fpv4-sp/softfp\libc_nano.a(lib_a-memchr.o)
                0x00007850                memchr
 .text._Balloc  0x000078f0       0x68 d:/simplicity_studio/developer/toolchains/gnu_arm/7.2_2017q4/bin/../lib/gcc/arm-none-eabi/7.2.1/../../../../arm-none-eabi/lib/thumb/v7e-m/fpv4-sp/softfp\libc_nano.a(lib_a-mprec.o)
                0x000078f0                _Balloc
 .text._Bfree   0x00007958       0x2e d:/simplicity_studio/developer/toolchains/gnu_arm/7.2_2017q4/bin/../lib/gcc/arm-none-eabi/7.2.1/../../../../arm-none-eabi/lib/thumb/v7e-m/fpv4-sp/softfp\libc_nano.a(lib_a-mprec.o)
                0x00007958                _Bfree
 .text.__multadd
                0x00007986       0x76 d:/simplicity_studio/developer/toolchains/gnu_arm/7.2_2017q4/bin/../lib/gcc/arm-none-eabi/7.2.1/../../../../arm-none-eabi/lib/thumb/v7e-m/fpv4-sp/softfp\libc_nano.a(lib_a-mprec.o)
                0x00007986                __multadd
 .text.__hi0bits
                0x000079fc       0x3e d:/simplicity_studio/developer/toolchains/gnu_arm/7.2_2017q4/bin/../lib/gcc/arm-none-eabi/7.2.1/../../../../arm-none-eabi/lib/thumb/v7e-m/fpv4-sp/softfp\libc_nano.a(lib_a-mprec.o)
                0x000079fc                __hi0bits
 .text.__lo0bits
                0x00007a3a       0x5e d:/simplicity_studio/developer/toolchains/gnu_arm/7.2_2017q4/bin/../lib/gcc/arm-none-eabi/7.2.1/../../../../arm-none-eabi/lib/thumb/v7e-m/fpv4-sp/softfp\libc_nano.a(lib_a-mprec.o)
                0x00007a3a                __lo0bits
 .text.__i2b    0x00007a98       0x12 d:/simplicity_studio/developer/toolchains/gnu_arm/7.2_2017q4/bin/../lib/gcc/arm-none-eabi/7.2.1/../../../../arm-none-eabi/lib/thumb/v7e-m/fpv4-sp/softfp\libc_nano.a(lib_a-mprec.o)
                0x00007a98                __i2b
 .text.__multiply
                0x00007aaa      0x12c d:/simplicity_studio/developer/toolchains/gnu_arm/7.2_2017q4/bin/../lib/gcc/arm-none-eabi/7.2.1/../../../../arm-none-eabi/lib/thumb/v7e-m/fpv4-sp/softfp\libc_nano.a(lib_a-mprec.o)
                0x00007aaa                __multiply
 *fill*         0x00007bd6        0x2 
 .text.__pow5mult
                0x00007bd8       0x9c d:/simplicity_studio/developer/toolchains/gnu_arm/7.2_2017q4/bin/../lib/gcc/arm-none-eabi/7.2.1/../../../../arm-none-eabi/lib/thumb/v7e-m/fpv4-sp/softfp\libc_nano.a(lib_a-mprec.o)
                0x00007bd8                __pow5mult
 .text.__lshift
                0x00007c74       0xa8 d:/simplicity_studio/developer/toolchains/gnu_arm/7.2_2017q4/bin/../lib/gcc/arm-none-eabi/7.2.1/../../../../arm-none-eabi/lib/thumb/v7e-m/fpv4-sp/softfp\libc_nano.a(lib_a-mprec.o)
                0x00007c74                __lshift
 .text.__mcmp   0x00007d1c       0x34 d:/simplicity_studio/developer/toolchains/gnu_arm/7.2_2017q4/bin/../lib/gcc/arm-none-eabi/7.2.1/../../../../arm-none-eabi/lib/thumb/v7e-m/fpv4-sp/softfp\libc_nano.a(lib_a-mprec.o)
                0x00007d1c                __mcmp
 .text.__mdiff  0x00007d50       0xba d:/simplicity_studio/developer/toolchains/gnu_arm/7.2_2017q4/bin/../lib/gcc/arm-none-eabi/7.2.1/../../../../arm-none-eabi/lib/thumb/v7e-m/fpv4-sp/softfp\libc_nano.a(lib_a-mprec.o)
                0x00007d50                __mdiff
 .text.__d2b    0x00007e0a       0x9e d:/simplicity_studio/developer/toolchains/gnu_arm/7.2_2017q4/bin/../lib/gcc/arm-none-eabi/7.2.1/../../../../arm-none-eabi/lib/thumb/v7e-m/fpv4-sp/softfp\libc_nano.a(lib_a-mprec.o)
                0x00007e0a                __d2b
 .text._calloc_r
                0x00007ea8       0x1c d:/simplicity_studio/developer/toolchains/gnu_arm/7.2_2017q4/bin/../lib/gcc/arm-none-eabi/7.2.1/../../../../arm-none-eabi/lib/thumb/v7e-m/fpv4-sp/softfp\libc_nano.a(lib_a-nano-callocr.o)
                0x00007ea8                _calloc_r
 .text._free_r  0x00007ec4       0x9c d:/simplicity_studio/developer/toolchains/gnu_arm/7.2_2017q4/bin/../lib/gcc/arm-none-eabi/7.2.1/../../../../arm-none-eabi/lib/thumb/v7e-m/fpv4-sp/softfp\libc_nano.a(lib_a-nano-freer.o)
                0x00007ec4                _free_r
 .text._malloc_r
                0x00007f60       0xb4 d:/simplicity_studio/developer/toolchains/gnu_arm/7.2_2017q4/bin/../lib/gcc/arm-none-eabi/7.2.1/../../../../arm-none-eabi/lib/thumb/v7e-m/fpv4-sp/softfp\libc_nano.a(lib_a-nano-mallocr.o)
                0x00007f60                _malloc_r
 .text.__ssputs_r
                0x00008014       0xb4 d:/simplicity_studio/developer/toolchains/gnu_arm/7.2_2017q4/bin/../lib/gcc/arm-none-eabi/7.2.1/../../../../arm-none-eabi/lib/thumb/v7e-m/fpv4-sp/softfp\libc_nano.a(lib_a-nano-svfprintf.o)
                0x00008014                __ssputs_r
 .text._svfprintf_r
                0x000080c8      0x1ec d:/simplicity_studio/developer/toolchains/gnu_arm/7.2_2017q4/bin/../lib/gcc/arm-none-eabi/7.2.1/../../../../arm-none-eabi/lib/thumb/v7e-m/fpv4-sp/softfp\libc_nano.a(lib_a-nano-svfprintf.o)
                0x000080c8                _svfiprintf_r
                0x000080c8                _svfprintf_r
 .text._sbrk_r  0x000082b4       0x20 d:/simplicity_studio/developer/toolchains/gnu_arm/7.2_2017q4/bin/../lib/gcc/arm-none-eabi/7.2.1/../../../../arm-none-eabi/lib/thumb/v7e-m/fpv4-sp/softfp\libc_nano.a(lib_a-sbrkr.o)
                0x000082b4                _sbrk_r
 .text.__ascii_mbtowc
                0x000082d4       0x24 d:/simplicity_studio/developer/toolchains/gnu_arm/7.2_2017q4/bin/../lib/gcc/arm-none-eabi/7.2.1/../../../../arm-none-eabi/lib/thumb/v7e-m/fpv4-sp/softfp\libc_nano.a(lib_a-mbtowc_r.o)
                0x000082d4                __ascii_mbtowc
 .text.memmove  0x000082f8       0x32 d:/simplicity_studio/developer/toolchains/gnu_arm/7.2_2017q4/bin/../lib/gcc/arm-none-eabi/7.2.1/../../../../arm-none-eabi/lib/thumb/v7e-m/fpv4-sp/softfp\libc_nano.a(lib_a-memmove.o)
                0x000082f8                memmove
 .text.__malloc_lock
                0x0000832a        0x2 d:/simplicity_studio/developer/toolchains/gnu_arm/7.2_2017q4/bin/../lib/gcc/arm-none-eabi/7.2.1/../../../../arm-none-eabi/lib/thumb/v7e-m/fpv4-sp/softfp\libc_nano.a(lib_a-mlock.o)
                0x0000832a                __malloc_lock
 .text.__malloc_unlock
                0x0000832c        0x2 d:/simplicity_studio/developer/toolchains/gnu_arm/7.2_2017q4/bin/../lib/gcc/arm-none-eabi/7.2.1/../../../../arm-none-eabi/lib/thumb/v7e-m/fpv4-sp/softfp\libc_nano.a(lib_a-mlock.o)
                0x0000832c                __malloc_unlock
 .text._realloc_r
                0x0000832e       0x4c d:/simplicity_studio/developer/toolchains/gnu_arm/7.2_2017q4/bin/../lib/gcc/arm-none-eabi/7.2.1/../../../../arm-none-eabi/lib/thumb/v7e-m/fpv4-sp/softfp\libc_nano.a(lib_a-nano-reallocr.o)
                0x0000832e                _realloc_r
 .text.__ascii_wctomb
                0x0000837a       0x1a d:/simplicity_studio/developer/toolchains/gnu_arm/7.2_2017q4/bin/../lib/gcc/arm-none-eabi/7.2.1/../../../../arm-none-eabi/lib/thumb/v7e-m/fpv4-sp/softfp\libc_nano.a(lib_a-wctomb_r.o)
                0x0000837a                __ascii_wctomb
 .text._malloc_usable_size_r
                0x00008394       0x10 d:/simplicity_studio/developer/toolchains/gnu_arm/7.2_2017q4/bin/../lib/gcc/arm-none-eabi/7.2.1/../../../../arm-none-eabi/lib/thumb/v7e-m/fpv4-sp/softfp\libc_nano.a(lib_a-nano-msizer.o)
                0x00008394                _malloc_usable_size_r
 .text._sbrk    0x000083a4       0x1c d:/simplicity_studio/developer/toolchains/gnu_arm/7.2_2017q4/bin/../lib/gcc/arm-none-eabi/7.2.1/../../../../arm-none-eabi/lib/thumb/v7e-m/fpv4-sp/softfp\libnosys.a(sbrk.o)
                0x000083a4                _sbrk
 .text._exit    0x000083c0        0x4 d:/simplicity_studio/developer/toolchains/gnu_arm/7.2_2017q4/bin/../lib/gcc/arm-none-eabi/7.2.1/../../../../arm-none-eabi/lib/thumb/v7e-m/fpv4-sp/softfp\libnosys.a(_exit.o)
                0x000083c0                _exit
 .text          0x000083c4      0x110 d:/simplicity_studio/developer/toolchains/gnu_arm/7.2_2017q4/bin/../lib/gcc/arm-none-eabi/7.2.1/thumb/v7e-m/fpv4-sp/softfp\libgcc.a(_arm_cmpdf2.o)
                0x000083c4                __gtdf2
                0x000083c4                __gedf2
                0x000083cc                __ltdf2
                0x000083cc                __ledf2
                0x000083d4                __nedf2
                0x000083d4                __eqdf2
                0x000083d4                __cmpdf2
                0x00008450                __aeabi_cdrcmple
                0x00008460                __aeabi_cdcmpeq
                0x00008460                __aeabi_cdcmple
                0x00008470                __aeabi_dcmpeq
                0x00008484                __aeabi_dcmplt
                0x00008498                __aeabi_dcmple
                0x000084ac                __aeabi_dcmpge
                0x000084c0                __aeabi_dcmpgt
 .text          0x000084d4       0x2c d:/simplicity_studio/developer/toolchains/gnu_arm/7.2_2017q4/bin/../lib/gcc/arm-none-eabi/7.2.1/thumb/v7e-m/fpv4-sp/softfp\libgcc.a(_arm_unorddf2.o)
                0x000084d4                __unorddf2
                0x000084d4                __aeabi_dcmpun
 .text          0x00008500       0x50 d:/simplicity_studio/developer/toolchains/gnu_arm/7.2_2017q4/bin/../lib/gcc/arm-none-eabi/7.2.1/thumb/v7e-m/fpv4-sp/softfp\libgcc.a(_arm_fixdfsi.o)
                0x00008500                __aeabi_d2iz
                0x00008500                __fixdfsi
 *(.init)
 .init          0x00008550        0x4 d:/simplicity_studio/developer/toolchains/gnu_arm/7.2_2017q4/bin/../lib/gcc/arm-none-eabi/7.2.1/thumb/v7e-m/fpv4-sp/softfp/crti.o
                0x00008550                _init
 .init          0x00008554        0x8 d:/simplicity_studio/developer/toolchains/gnu_arm/7.2_2017q4/bin/../lib/gcc/arm-none-eabi/7.2.1/thumb/v7e-m/fpv4-sp/softfp/crtn.o
 *(.fini)
 .fini          0x0000855c        0x4 d:/simplicity_studio/developer/toolchains/gnu_arm/7.2_2017q4/bin/../lib/gcc/arm-none-eabi/7.2.1/thumb/v7e-m/fpv4-sp/softfp/crti.o
                0x0000855c                _fini
 .fini          0x00008560        0x8 d:/simplicity_studio/developer/toolchains/gnu_arm/7.2_2017q4/bin/../lib/gcc/arm-none-eabi/7.2.1/thumb/v7e-m/fpv4-sp/softfp/crtn.o
 *crtbegin.o(.ctors)
 *crtbegin?.o(.ctors)
 *(EXCLUDE_FILE(*crtend.o *crtend?.o) .ctors)
 *(SORT_BY_NAME(.ctors.*))
 *(.ctors)
 *crtbegin.o(.dtors)
 *crtbegin?.o(.dtors)
 *(EXCLUDE_FILE(*crtend.o *crtend?.o) .dtors)
 *(SORT_BY_NAME(.dtors.*))
 *(.dtors)
 *(.rodata*)
 .rodata        0x00008568       0x6a ./emlib/em_cmu.o
 *fill*         0x000085d2        0x2 
 .rodata.flashWsTable
                0x000085d4       0x28 ./emlib/em_cmu.o
 .rodata        0x000085fc       0x12 ./emlib/em_emu.o
 *fill*         0x0000860e        0x2 
 .rodata        0x00008610       0x6b ./emlib/em_gpio.o
 *fill*         0x0000867b        0x1 
 .rodata.i2cNSum
                0x0000867c        0x4 ./emlib/em_i2c.o
 .rodata        0x00008680       0x12 ./emlib/em_i2c.o
 *fill*         0x00008692        0x2 
 .rodata        0x00008694       0x16 ./emlib/em_letimer.o
 *fill*         0x000086aa        0x2 
 .rodata        0x000086ac       0x15 ./emlib/em_leuart.o
 *fill*         0x000086c1        0x3 
 .rodata        0x000086c4       0xd8 ./src/Source_files/app.o
 .rodata        0x0000879c      0x17a ./src/Source_files/ble.o
 *fill*         0x00008916        0x2 
 .rodata        0x00008918       0x72 ./src/Source_files/i2c.o
 *fill*         0x0000898a        0x2 
 .rodata        0x0000898c       0x1e ./src/Source_files/letimer.o
 *fill*         0x000089aa        0x2 
 .rodata        0x000089ac      0x188 ./src/Source_files/leuart.o
 .rodata        0x00008b34       0x25 ./src/Source_files/sleep_routines.o
 *fill*         0x00008b59        0x3 
 .rodata        0x00008b5c       0x32 ./src/main.o
 *fill*         0x00008b8e        0x2 
 .rodata._global_impure_ptr
                0x00008b90        0x4 d:/simplicity_studio/developer/toolchains/gnu_arm/7.2_2017q4/bin/../lib/gcc/arm-none-eabi/7.2.1/../../../../arm-none-eabi/lib/thumb/v7e-m/fpv4-sp/softfp\libc_nano.a(lib_a-impure.o)
                0x00008b90                _global_impure_ptr
 .rodata._printf_float.str1.1
                0x00008b94       0x12 d:/simplicity_studio/developer/toolchains/gnu_arm/7.2_2017q4/bin/../lib/gcc/arm-none-eabi/7.2.1/../../../../arm-none-eabi/lib/thumb/v7e-m/fpv4-sp/softfp\libc_nano.a(lib_a-nano-vfprintf_float.o)
 .rodata._printf_i.str1.1
                0x00008ba6       0x22 d:/simplicity_studio/developer/toolchains/gnu_arm/7.2_2017q4/bin/../lib/gcc/arm-none-eabi/7.2.1/../../../../arm-none-eabi/lib/thumb/v7e-m/fpv4-sp/softfp\libc_nano.a(lib_a-nano-vfprintf_i.o)
 .rodata._dtoa_r.str1.1
                0x00008bc8        0xd d:/simplicity_studio/developer/toolchains/gnu_arm/7.2_2017q4/bin/../lib/gcc/arm-none-eabi/7.2.1/../../../../arm-none-eabi/lib/thumb/v7e-m/fpv4-sp/softfp\libc_nano.a(lib_a-dtoa.o)
                                  0xf (size before relaxing)
 *fill*         0x00008bd5        0x3 
 .rodata.__mprec_bigtens
                0x00008bd8       0x28 d:/simplicity_studio/developer/toolchains/gnu_arm/7.2_2017q4/bin/../lib/gcc/arm-none-eabi/7.2.1/../../../../arm-none-eabi/lib/thumb/v7e-m/fpv4-sp/softfp\libc_nano.a(lib_a-mprec.o)
                0x00008bd8                __mprec_bigtens
 .rodata.__mprec_tens
                0x00008c00       0xc8 d:/simplicity_studio/developer/toolchains/gnu_arm/7.2_2017q4/bin/../lib/gcc/arm-none-eabi/7.2.1/../../../../arm-none-eabi/lib/thumb/v7e-m/fpv4-sp/softfp\libc_nano.a(lib_a-mprec.o)
                0x00008c00                __mprec_tens
 .rodata.p05.7359
                0x00008cc8        0xc d:/simplicity_studio/developer/toolchains/gnu_arm/7.2_2017q4/bin/../lib/gcc/arm-none-eabi/7.2.1/../../../../arm-none-eabi/lib/thumb/v7e-m/fpv4-sp/softfp\libc_nano.a(lib_a-mprec.o)
 .rodata._svfprintf_r.str1.1
                0x00008cd4       0x11 d:/simplicity_studio/developer/toolchains/gnu_arm/7.2_2017q4/bin/../lib/gcc/arm-none-eabi/7.2.1/../../../../arm-none-eabi/lib/thumb/v7e-m/fpv4-sp/softfp\libc_nano.a(lib_a-nano-svfprintf.o)
 .rodata._setlocale_r.str1.1
                0x00008ce5        0x8 d:/simplicity_studio/developer/toolchains/gnu_arm/7.2_2017q4/bin/../lib/gcc/arm-none-eabi/7.2.1/../../../../arm-none-eabi/lib/thumb/v7e-m/fpv4-sp/softfp\libc_nano.a(lib_a-locale.o)
                                  0x9 (size before relaxing)
 .rodata.str1.1
                0x00008ced        0x2 d:/simplicity_studio/developer/toolchains/gnu_arm/7.2_2017q4/bin/../lib/gcc/arm-none-eabi/7.2.1/../../../../arm-none-eabi/lib/thumb/v7e-m/fpv4-sp/softfp\libc_nano.a(lib_a-locale.o)
 .rodata._ctype_
                0x00008cef      0x101 d:/simplicity_studio/developer/toolchains/gnu_arm/7.2_2017q4/bin/../lib/gcc/arm-none-eabi/7.2.1/../../../../arm-none-eabi/lib/thumb/v7e-m/fpv4-sp/softfp\libc_nano.a(lib_a-ctype_.o)
                0x00008cef                _ctype_
 *(.eh_frame*)
 .eh_frame      0x00008df0        0x0 d:/simplicity_studio/developer/toolchains/gnu_arm/7.2_2017q4/bin/../lib/gcc/arm-none-eabi/7.2.1/thumb/v7e-m/fpv4-sp/softfp/crtbegin.o
 .eh_frame      0x00008df0        0x4 d:/simplicity_studio/developer/toolchains/gnu_arm/7.2_2017q4/bin/../lib/gcc/arm-none-eabi/7.2.1/thumb/v7e-m/fpv4-sp/softfp/crtend.o

.glue_7         0x00008df4        0x0
 .glue_7        0x00008df4        0x0 linker stubs

.glue_7t        0x00008df4        0x0
 .glue_7t       0x00008df4        0x0 linker stubs

.vfp11_veneer   0x00008df4        0x0
 .vfp11_veneer  0x00008df4        0x0 linker stubs

.v4_bx          0x00008df4        0x0
 .v4_bx         0x00008df4        0x0 linker stubs

.iplt           0x00008df4        0x0
 .iplt          0x00008df4        0x0 d:/simplicity_studio/developer/toolchains/gnu_arm/7.2_2017q4/bin/../lib/gcc/arm-none-eabi/7.2.1/thumb/v7e-m/fpv4-sp/softfp/crtbegin.o

.ARM.extab
 *(.ARM.extab* .gnu.linkonce.armextab.*)
                0x00008df4                __exidx_start = .

.ARM.exidx      0x00008df4        0x8
 *(.ARM.exidx* .gnu.linkonce.armexidx.*)
 .ARM.exidx     0x00008df4        0x8 d:/simplicity_studio/developer/toolchains/gnu_arm/7.2_2017q4/bin/../lib/gcc/arm-none-eabi/7.2.1/../../../../arm-none-eabi/lib/thumb/v7e-m/fpv4-sp/softfp/crt0.o
                0x00008dfc                __exidx_end = .
                0x00008dfc                __etext = .

.rel.dyn        0x00008dfc        0x0
 .rel.iplt      0x00008dfc        0x0 d:/simplicity_studio/developer/toolchains/gnu_arm/7.2_2017q4/bin/../lib/gcc/arm-none-eabi/7.2.1/thumb/v7e-m/fpv4-sp/softfp/crtbegin.o

.data           0x20000000      0x1ec load address 0x00008dfc
                0x20000000                __data_start__ = .
 *(vtable)
 *(.data*)
 .data.SystemHFXOClock
                0x20000000        0x4 ./CMSIS/EFM32PG12B/system_efm32pg12b.o
 .data.SystemLFXOClock
                0x20000004        0x4 ./CMSIS/EFM32PG12B/system_efm32pg12b.o
 .data.SystemCoreClock
                0x20000008        0x4 ./CMSIS/EFM32PG12B/system_efm32pg12b.o
                0x20000008                SystemCoreClock
 .data.SystemHfrcoFreq
                0x2000000c        0x4 ./CMSIS/EFM32PG12B/system_efm32pg12b.o
                0x2000000c                SystemHfrcoFreq
 .data.auxHfrcoFreq
                0x20000010        0x4 ./emlib/em_cmu.o
 .data._impure_ptr
                0x20000014        0x4 d:/simplicity_studio/developer/toolchains/gnu_arm/7.2_2017q4/bin/../lib/gcc/arm-none-eabi/7.2.1/../../../../arm-none-eabi/lib/thumb/v7e-m/fpv4-sp/softfp\libc_nano.a(lib_a-impure.o)
                0x20000014                _impure_ptr
 .data.impure_data
                0x20000018       0x60 d:/simplicity_studio/developer/toolchains/gnu_arm/7.2_2017q4/bin/../lib/gcc/arm-none-eabi/7.2.1/../../../../arm-none-eabi/lib/thumb/v7e-m/fpv4-sp/softfp\libc_nano.a(lib_a-impure.o)
 .data.__global_locale
                0x20000078      0x16c d:/simplicity_studio/developer/toolchains/gnu_arm/7.2_2017q4/bin/../lib/gcc/arm-none-eabi/7.2.1/../../../../arm-none-eabi/lib/thumb/v7e-m/fpv4-sp/softfp\libc_nano.a(lib_a-locale.o)
                0x20000078                __global_locale
                0x200001e4                . = ALIGN (0x4)
 *(.ram)
                0x200001e4                . = ALIGN (0x4)
                0x200001e4                PROVIDE (__preinit_array_start, .)
 *(.preinit_array)
                0x200001e4                PROVIDE (__preinit_array_end, .)
                0x200001e4                . = ALIGN (0x4)
                0x200001e4                PROVIDE (__init_array_start, .)
 *(SORT_BY_NAME(.init_array.*))
 *(.init_array)
 .init_array    0x200001e4        0x4 d:/simplicity_studio/developer/toolchains/gnu_arm/7.2_2017q4/bin/../lib/gcc/arm-none-eabi/7.2.1/thumb/v7e-m/fpv4-sp/softfp/crtbegin.o
                0x200001e8                PROVIDE (__init_array_end, .)
                0x200001e8                . = ALIGN (0x4)
                [!provide]                PROVIDE (__fini_array_start, .)
 *(SORT_BY_NAME(.fini_array.*))
 *(.fini_array)
 .fini_array    0x200001e8        0x4 d:/simplicity_studio/developer/toolchains/gnu_arm/7.2_2017q4/bin/../lib/gcc/arm-none-eabi/7.2.1/thumb/v7e-m/fpv4-sp/softfp/crtbegin.o
                [!provide]                PROVIDE (__fini_array_end, .)
 *(.jcr*)
                0x200001ec                . = ALIGN (0x4)
                0x200001ec                __data_end__ = .

.igot.plt       0x200001ec        0x0 load address 0x00008fe8
 .igot.plt      0x200001ec        0x0 d:/simplicity_studio/developer/toolchains/gnu_arm/7.2_2017q4/bin/../lib/gcc/arm-none-eabi/7.2.1/thumb/v7e-m/fpv4-sp/softfp/crtbegin.o

.bss            0x200001ec      0x2d0 load address 0x00008fe8
                0x200001ec                . = ALIGN (0x4)
                0x200001ec                __bss_start__ = .
 *(.bss*)
 .bss           0x200001ec       0x1c d:/simplicity_studio/developer/toolchains/gnu_arm/7.2_2017q4/bin/../lib/gcc/arm-none-eabi/7.2.1/thumb/v7e-m/fpv4-sp/softfp/crtbegin.o
 .bss.dcdcMaxCurrent_mA
                0x20000208        0x2 ./emlib/em_emu.o
 .bss.dcdcEm01LoadCurrent_mA
                0x2000020a        0x2 ./emlib/em_emu.o
 .bss.dcdcReverseCurrentControl
                0x2000020c        0x2 ./emlib/em_emu.o
 *fill*         0x2000020e        0x2 
 .bss.vScaleEM01Config
                0x20000210        0x1 ./emlib/em_emu.o
 *fill*         0x20000211        0x3 
 .bss.cmuStatus.8075
                0x20000214        0x4 ./emlib/em_emu.o
 .bss.hfClock.8076
                0x20000218        0x1 ./emlib/em_emu.o
 .bss.vScaleStatus.8077
                0x20000219        0x1 ./emlib/em_emu.o
 *fill*         0x2000021a        0x2 
 .bss.hfrcoCtrl.8078
                0x2000021c        0x4 ./emlib/em_emu.o
 .bss.private_payload
                0x20000220       0x1c ./src/Source_files/i2c.o
 .bss.i2c_done_evt
                0x2000023c        0x4 ./src/Source_files/i2c.o
 .bss.scheduled_comp0_evt
                0x20000240        0x4 ./src/Source_files/letimer.o
 .bss.scheduled_comp1_evt
                0x20000244        0x4 ./src/Source_files/letimer.o
 .bss.scheduled_uf_evt
                0x20000248        0x4 ./src/Source_files/letimer.o
 .bss.event_scheduled
                0x2000024c        0x4 ./src/Source_files/scheduler.o
 .bss.temperature_data
                0x20000250        0x4 ./src/Source_files/si7021.o
 .bss.lowest_energy_mode
                0x20000254       0x14 ./src/Source_files/sleep_routines.o
 .bss.__malloc_free_list
                0x20000268        0x4 d:/simplicity_studio/developer/toolchains/gnu_arm/7.2_2017q4/bin/../lib/gcc/arm-none-eabi/7.2.1/../../../../arm-none-eabi/lib/thumb/v7e-m/fpv4-sp/softfp\libc_nano.a(lib_a-nano-mallocr.o)
                0x20000268                __malloc_free_list
 .bss.__malloc_sbrk_start
                0x2000026c        0x4 d:/simplicity_studio/developer/toolchains/gnu_arm/7.2_2017q4/bin/../lib/gcc/arm-none-eabi/7.2.1/../../../../arm-none-eabi/lib/thumb/v7e-m/fpv4-sp/softfp\libc_nano.a(lib_a-nano-mallocr.o)
                0x2000026c                __malloc_sbrk_start
 .bss.heap_end.5377
                0x20000270        0x4 d:/simplicity_studio/developer/toolchains/gnu_arm/7.2_2017q4/bin/../lib/gcc/arm-none-eabi/7.2.1/../../../../arm-none-eabi/lib/thumb/v7e-m/fpv4-sp/softfp\libnosys.a(sbrk.o)
 *(COMMON)
 COMMON         0x20000274        0x1 ./src/Source_files/app.o
                0x20000274                is_temp_F
 *fill*         0x20000275        0x3 
 COMMON         0x20000278      0x150 ./src/Source_files/ble.o
                0x20000278                test_struct
                0x20000378                ble_cbuf
 COMMON         0x200003c8       0xf0 ./src/Source_files/leuart.o
                0x200003c8                rx_payload
                0x20000438                leuart_payload
                0x200004ac                rx_done_evt
                0x200004b0                leuart0_tx_busy
                0x200004b1                leuart0_rx_busy
                0x200004b4                tx_done_evt
 COMMON         0x200004b8        0x4 d:/simplicity_studio/developer/toolchains/gnu_arm/7.2_2017q4/bin/../lib/gcc/arm-none-eabi/7.2.1/../../../../arm-none-eabi/lib/thumb/v7e-m/fpv4-sp/softfp\libc_nano.a(lib_a-reent.o)
                0x200004b8                errno
                0x200004bc                . = ALIGN (0x4)
                0x200004bc                __bss_end__ = .

.heap           0x200004c0      0xc00
                0x200004c0                __HeapBase = .
                0x200004c0                __end__ = .
                0x200004c0                end = __end__
                0x200004c0                _end = __end__
 *(.heap*)
 .heap          0x200004c0      0xc00 ./CMSIS/EFM32PG12B/startup_gcc_efm32pg12b.o
                0x200010c0                __HeapLimit = .

.stack_dummy    0x200004c0      0x400
 *(.stack*)
 .stack         0x200004c0      0x400 ./CMSIS/EFM32PG12B/startup_gcc_efm32pg12b.o
                0x20040000                __StackTop = (ORIGIN (RAM) + LENGTH (RAM))
                0x2003fc00                __StackLimit = (__StackTop - SIZEOF (.stack_dummy))
                0x20040000                PROVIDE (__stack, __StackTop)
                0x00000001                ASSERT ((__StackLimit >= __HeapLimit), region RAM overflowed with stack)
                0x00000001                ASSERT ((LENGTH (FLASH) >= (__etext + SIZEOF (.data))), FLASH memory overflowed !)
OUTPUT(MM_Course_Project.axf elf32-littlearm)

.ARM.attributes
                0x00000000       0x2e
 .ARM.attributes
                0x00000000       0x22 d:/simplicity_studio/developer/toolchains/gnu_arm/7.2_2017q4/bin/../lib/gcc/arm-none-eabi/7.2.1/thumb/v7e-m/fpv4-sp/softfp/crti.o
 .ARM.attributes
                0x00000022       0x32 d:/simplicity_studio/developer/toolchains/gnu_arm/7.2_2017q4/bin/../lib/gcc/arm-none-eabi/7.2.1/thumb/v7e-m/fpv4-sp/softfp/crtbegin.o
 .ARM.attributes
                0x00000054       0x20 d:/simplicity_studio/developer/toolchains/gnu_arm/7.2_2017q4/bin/../lib/gcc/arm-none-eabi/7.2.1/../../../../arm-none-eabi/lib/thumb/v7e-m/fpv4-sp/softfp/crt0.o
 .ARM.attributes
                0x00000074       0x1f ./CMSIS/EFM32PG12B/startup_gcc_efm32pg12b.o
 .ARM.attributes
                0x00000093       0x37 ./CMSIS/EFM32PG12B/system_efm32pg12b.o
 .ARM.attributes
                0x000000ca       0x37 ./emlib/em_assert.o
 .ARM.attributes
                0x00000101       0x37 ./emlib/em_cmu.o
 .ARM.attributes
                0x00000138       0x37 ./emlib/em_emu.o
 .ARM.attributes
                0x0000016f       0x37 ./emlib/em_gpio.o
 .ARM.attributes
                0x000001a6       0x37 ./emlib/em_i2c.o
 .ARM.attributes
                0x000001dd       0x37 ./emlib/em_letimer.o
 .ARM.attributes
                0x00000214       0x37 ./emlib/em_leuart.o
 .ARM.attributes
                0x0000024b       0x37 ./src/Source_files/app.o
 .ARM.attributes
                0x00000282       0x37 ./src/Source_files/ble.o
 .ARM.attributes
                0x000002b9       0x37 ./src/Source_files/cmu.o
 .ARM.attributes
                0x000002f0       0x37 ./src/Source_files/gpio.o
 .ARM.attributes
                0x00000327       0x37 ./src/Source_files/i2c.o
 .ARM.attributes
                0x0000035e       0x37 ./src/Source_files/letimer.o
 .ARM.attributes
                0x00000395       0x37 ./src/Source_files/leuart.o
 .ARM.attributes
                0x000003cc       0x37 ./src/Source_files/scheduler.o
 .ARM.attributes
                0x00000403       0x37 ./src/Source_files/si7021.o
 .ARM.attributes
                0x0000043a       0x37 ./src/Source_files/sleep_routines.o
 .ARM.attributes
                0x00000471       0x37 ./src/main.o
 .ARM.attributes
                0x000004a8       0x22 d:/simplicity_studio/developer/toolchains/gnu_arm/7.2_2017q4/bin/../lib/gcc/arm-none-eabi/7.2.1/thumb/v7e-m/fpv4-sp/softfp\libgcc.a(_arm_addsubdf3.o)
 .ARM.attributes
                0x000004ca       0x22 d:/simplicity_studio/developer/toolchains/gnu_arm/7.2_2017q4/bin/../lib/gcc/arm-none-eabi/7.2.1/thumb/v7e-m/fpv4-sp/softfp\libgcc.a(_arm_muldivdf3.o)
 .ARM.attributes
                0x000004ec       0x22 d:/simplicity_studio/developer/toolchains/gnu_arm/7.2_2017q4/bin/../lib/gcc/arm-none-eabi/7.2.1/thumb/v7e-m/fpv4-sp/softfp\libgcc.a(_arm_truncdfsf2.o)
 .ARM.attributes
                0x0000050e       0x32 d:/simplicity_studio/developer/toolchains/gnu_arm/7.2_2017q4/bin/../lib/gcc/arm-none-eabi/7.2.1/../../../../arm-none-eabi/lib/thumb/v7e-m/fpv4-sp/softfp\libc_nano.a(lib_a-exit.o)
 .ARM.attributes
                0x00000540       0x32 d:/simplicity_studio/developer/toolchains/gnu_arm/7.2_2017q4/bin/../lib/gcc/arm-none-eabi/7.2.1/../../../../arm-none-eabi/lib/thumb/v7e-m/fpv4-sp/softfp\libc_nano.a(lib_a-impure.o)
 .ARM.attributes
                0x00000572       0x32 d:/simplicity_studio/developer/toolchains/gnu_arm/7.2_2017q4/bin/../lib/gcc/arm-none-eabi/7.2.1/../../../../arm-none-eabi/lib/thumb/v7e-m/fpv4-sp/softfp\libc_nano.a(lib_a-init.o)
 .ARM.attributes
                0x000005a4       0x32 d:/simplicity_studio/developer/toolchains/gnu_arm/7.2_2017q4/bin/../lib/gcc/arm-none-eabi/7.2.1/../../../../arm-none-eabi/lib/thumb/v7e-m/fpv4-sp/softfp\libc_nano.a(lib_a-memcpy-stub.o)
 .ARM.attributes
                0x000005d6       0x32 d:/simplicity_studio/developer/toolchains/gnu_arm/7.2_2017q4/bin/../lib/gcc/arm-none-eabi/7.2.1/../../../../arm-none-eabi/lib/thumb/v7e-m/fpv4-sp/softfp\libc_nano.a(lib_a-memset.o)
 .ARM.attributes
                0x00000608       0x32 d:/simplicity_studio/developer/toolchains/gnu_arm/7.2_2017q4/bin/../lib/gcc/arm-none-eabi/7.2.1/../../../../arm-none-eabi/lib/thumb/v7e-m/fpv4-sp/softfp\libc_nano.a(lib_a-nano-vfprintf_float.o)
 .ARM.attributes
                0x0000063a       0x32 d:/simplicity_studio/developer/toolchains/gnu_arm/7.2_2017q4/bin/../lib/gcc/arm-none-eabi/7.2.1/../../../../arm-none-eabi/lib/thumb/v7e-m/fpv4-sp/softfp\libc_nano.a(lib_a-nano-vfprintf_i.o)
 .ARM.attributes
                0x0000066c       0x32 d:/simplicity_studio/developer/toolchains/gnu_arm/7.2_2017q4/bin/../lib/gcc/arm-none-eabi/7.2.1/../../../../arm-none-eabi/lib/thumb/v7e-m/fpv4-sp/softfp\libc_nano.a(lib_a-sprintf.o)
 .ARM.attributes
                0x0000069e       0x20 d:/simplicity_studio/developer/toolchains/gnu_arm/7.2_2017q4/bin/../lib/gcc/arm-none-eabi/7.2.1/../../../../arm-none-eabi/lib/thumb/v7e-m/fpv4-sp/softfp\libc_nano.a(lib_a-strcmp.o)
 .ARM.attributes
                0x000006be       0x32 d:/simplicity_studio/developer/toolchains/gnu_arm/7.2_2017q4/bin/../lib/gcc/arm-none-eabi/7.2.1/../../../../arm-none-eabi/lib/thumb/v7e-m/fpv4-sp/softfp\libc_nano.a(lib_a-strcpy.o)
 .ARM.attributes
                0x000006f0       0x1b d:/simplicity_studio/developer/toolchains/gnu_arm/7.2_2017q4/bin/../lib/gcc/arm-none-eabi/7.2.1/../../../../arm-none-eabi/lib/thumb/v7e-m/fpv4-sp/softfp\libc_nano.a(lib_a-strlen.o)
 .ARM.attributes
                0x0000070b       0x32 d:/simplicity_studio/developer/toolchains/gnu_arm/7.2_2017q4/bin/../lib/gcc/arm-none-eabi/7.2.1/../../../../arm-none-eabi/lib/thumb/v7e-m/fpv4-sp/softfp\libc_nano.a(lib_a-dtoa.o)
 .ARM.attributes
                0x0000073d       0x32 d:/simplicity_studio/developer/toolchains/gnu_arm/7.2_2017q4/bin/../lib/gcc/arm-none-eabi/7.2.1/../../../../arm-none-eabi/lib/thumb/v7e-m/fpv4-sp/softfp\libc_nano.a(lib_a-localeconv.o)
 .ARM.attributes
                0x0000076f       0x32 d:/simplicity_studio/developer/toolchains/gnu_arm/7.2_2017q4/bin/../lib/gcc/arm-none-eabi/7.2.1/../../../../arm-none-eabi/lib/thumb/v7e-m/fpv4-sp/softfp\libc_nano.a(lib_a-malloc.o)
 .ARM.attributes
                0x000007a1       0x20 d:/simplicity_studio/developer/toolchains/gnu_arm/7.2_2017q4/bin/../lib/gcc/arm-none-eabi/7.2.1/../../../../arm-none-eabi/lib/thumb/v7e-m/fpv4-sp/softfp\libc_nano.a(lib_a-memchr.o)
 .ARM.attributes
                0x000007c1       0x32 d:/simplicity_studio/developer/toolchains/gnu_arm/7.2_2017q4/bin/../lib/gcc/arm-none-eabi/7.2.1/../../../../arm-none-eabi/lib/thumb/v7e-m/fpv4-sp/softfp\libc_nano.a(lib_a-mprec.o)
 .ARM.attributes
                0x000007f3       0x32 d:/simplicity_studio/developer/toolchains/gnu_arm/7.2_2017q4/bin/../lib/gcc/arm-none-eabi/7.2.1/../../../../arm-none-eabi/lib/thumb/v7e-m/fpv4-sp/softfp\libc_nano.a(lib_a-nano-callocr.o)
 .ARM.attributes
                0x00000825       0x32 d:/simplicity_studio/developer/toolchains/gnu_arm/7.2_2017q4/bin/../lib/gcc/arm-none-eabi/7.2.1/../../../../arm-none-eabi/lib/thumb/v7e-m/fpv4-sp/softfp\libc_nano.a(lib_a-nano-freer.o)
 .ARM.attributes
                0x00000857       0x32 d:/simplicity_studio/developer/toolchains/gnu_arm/7.2_2017q4/bin/../lib/gcc/arm-none-eabi/7.2.1/../../../../arm-none-eabi/lib/thumb/v7e-m/fpv4-sp/softfp\libc_nano.a(lib_a-nano-mallocr.o)
 .ARM.attributes
                0x00000889       0x32 d:/simplicity_studio/developer/toolchains/gnu_arm/7.2_2017q4/bin/../lib/gcc/arm-none-eabi/7.2.1/../../../../arm-none-eabi/lib/thumb/v7e-m/fpv4-sp/softfp\libc_nano.a(lib_a-nano-svfprintf.o)
 .ARM.attributes
                0x000008bb       0x32 d:/simplicity_studio/developer/toolchains/gnu_arm/7.2_2017q4/bin/../lib/gcc/arm-none-eabi/7.2.1/../../../../arm-none-eabi/lib/thumb/v7e-m/fpv4-sp/softfp\libc_nano.a(lib_a-sbrkr.o)
 .ARM.attributes
                0x000008ed       0x32 d:/simplicity_studio/developer/toolchains/gnu_arm/7.2_2017q4/bin/../lib/gcc/arm-none-eabi/7.2.1/../../../../arm-none-eabi/lib/thumb/v7e-m/fpv4-sp/softfp\libc_nano.a(lib_a-locale.o)
 .ARM.attributes
                0x0000091f       0x32 d:/simplicity_studio/developer/toolchains/gnu_arm/7.2_2017q4/bin/../lib/gcc/arm-none-eabi/7.2.1/../../../../arm-none-eabi/lib/thumb/v7e-m/fpv4-sp/softfp\libc_nano.a(lib_a-mbtowc_r.o)
 .ARM.attributes
                0x00000951       0x32 d:/simplicity_studio/developer/toolchains/gnu_arm/7.2_2017q4/bin/../lib/gcc/arm-none-eabi/7.2.1/../../../../arm-none-eabi/lib/thumb/v7e-m/fpv4-sp/softfp\libc_nano.a(lib_a-memmove.o)
 .ARM.attributes
                0x00000983       0x32 d:/simplicity_studio/developer/toolchains/gnu_arm/7.2_2017q4/bin/../lib/gcc/arm-none-eabi/7.2.1/../../../../arm-none-eabi/lib/thumb/v7e-m/fpv4-sp/softfp\libc_nano.a(lib_a-mlock.o)
 .ARM.attributes
                0x000009b5       0x32 d:/simplicity_studio/developer/toolchains/gnu_arm/7.2_2017q4/bin/../lib/gcc/arm-none-eabi/7.2.1/../../../../arm-none-eabi/lib/thumb/v7e-m/fpv4-sp/softfp\libc_nano.a(lib_a-nano-reallocr.o)
 .ARM.attributes
                0x000009e7       0x32 d:/simplicity_studio/developer/toolchains/gnu_arm/7.2_2017q4/bin/../lib/gcc/arm-none-eabi/7.2.1/../../../../arm-none-eabi/lib/thumb/v7e-m/fpv4-sp/softfp\libc_nano.a(lib_a-reent.o)
 .ARM.attributes
                0x00000a19       0x32 d:/simplicity_studio/developer/toolchains/gnu_arm/7.2_2017q4/bin/../lib/gcc/arm-none-eabi/7.2.1/../../../../arm-none-eabi/lib/thumb/v7e-m/fpv4-sp/softfp\libc_nano.a(lib_a-wctomb_r.o)
 .ARM.attributes
                0x00000a4b       0x32 d:/simplicity_studio/developer/toolchains/gnu_arm/7.2_2017q4/bin/../lib/gcc/arm-none-eabi/7.2.1/../../../../arm-none-eabi/lib/thumb/v7e-m/fpv4-sp/softfp\libc_nano.a(lib_a-ctype_.o)
 .ARM.attributes
                0x00000a7d       0x32 d:/simplicity_studio/developer/toolchains/gnu_arm/7.2_2017q4/bin/../lib/gcc/arm-none-eabi/7.2.1/../../../../arm-none-eabi/lib/thumb/v7e-m/fpv4-sp/softfp\libc_nano.a(lib_a-nano-msizer.o)
 .ARM.attributes
                0x00000aaf       0x32 d:/simplicity_studio/developer/toolchains/gnu_arm/7.2_2017q4/bin/../lib/gcc/arm-none-eabi/7.2.1/../../../../arm-none-eabi/lib/thumb/v7e-m/fpv4-sp/softfp\libnosys.a(sbrk.o)
 .ARM.attributes
                0x00000ae1       0x32 d:/simplicity_studio/developer/toolchains/gnu_arm/7.2_2017q4/bin/../lib/gcc/arm-none-eabi/7.2.1/../../../../arm-none-eabi/lib/thumb/v7e-m/fpv4-sp/softfp\libnosys.a(_exit.o)
 .ARM.attributes
                0x00000b13       0x22 d:/simplicity_studio/developer/toolchains/gnu_arm/7.2_2017q4/bin/../lib/gcc/arm-none-eabi/7.2.1/thumb/v7e-m/fpv4-sp/softfp\libgcc.a(_arm_cmpdf2.o)
 .ARM.attributes
                0x00000b35       0x22 d:/simplicity_studio/developer/toolchains/gnu_arm/7.2_2017q4/bin/../lib/gcc/arm-none-eabi/7.2.1/thumb/v7e-m/fpv4-sp/softfp\libgcc.a(_arm_unorddf2.o)
 .ARM.attributes
                0x00000b57       0x22 d:/simplicity_studio/developer/toolchains/gnu_arm/7.2_2017q4/bin/../lib/gcc/arm-none-eabi/7.2.1/thumb/v7e-m/fpv4-sp/softfp\libgcc.a(_arm_fixdfsi.o)
 .ARM.attributes
                0x00000b79       0x32 d:/simplicity_studio/developer/toolchains/gnu_arm/7.2_2017q4/bin/../lib/gcc/arm-none-eabi/7.2.1/thumb/v7e-m/fpv4-sp/softfp/crtend.o
 .ARM.attributes
                0x00000bab       0x22 d:/simplicity_studio/developer/toolchains/gnu_arm/7.2_2017q4/bin/../lib/gcc/arm-none-eabi/7.2.1/thumb/v7e-m/fpv4-sp/softfp/crtn.o

.comment        0x00000000       0x7e
 .comment       0x00000000       0x7e ./CMSIS/EFM32PG12B/system_efm32pg12b.o
                                 0x7f (size before relaxing)
 .comment       0x0000007e       0x7f ./emlib/em_assert.o
 .comment       0x0000007e       0x7f ./emlib/em_cmu.o
 .comment       0x0000007e       0x7f ./emlib/em_emu.o
 .comment       0x0000007e       0x7f ./emlib/em_gpio.o
 .comment       0x0000007e       0x7f ./emlib/em_i2c.o
 .comment       0x0000007e       0x7f ./emlib/em_letimer.o
 .comment       0x0000007e       0x7f ./emlib/em_leuart.o
 .comment       0x0000007e       0x7f ./src/Source_files/app.o
 .comment       0x0000007e       0x7f ./src/Source_files/ble.o
 .comment       0x0000007e       0x7f ./src/Source_files/cmu.o
 .comment       0x0000007e       0x7f ./src/Source_files/gpio.o
 .comment       0x0000007e       0x7f ./src/Source_files/i2c.o
 .comment       0x0000007e       0x7f ./src/Source_files/letimer.o
 .comment       0x0000007e       0x7f ./src/Source_files/leuart.o
 .comment       0x0000007e       0x7f ./src/Source_files/scheduler.o
 .comment       0x0000007e       0x7f ./src/Source_files/si7021.o
 .comment       0x0000007e       0x7f ./src/Source_files/sleep_routines.o
 .comment       0x0000007e       0x7f ./src/main.o

.debug_line     0x00000000     0xceb8
 .debug_line    0x00000000       0x78 ./CMSIS/EFM32PG12B/startup_gcc_efm32pg12b.o
 .debug_line    0x00000078      0x84d ./CMSIS/EFM32PG12B/system_efm32pg12b.o
 .debug_line    0x000008c5      0x113 ./emlib/em_assert.o
 .debug_line    0x000009d8     0x13a5 ./emlib/em_cmu.o
 .debug_line    0x00001d7d     0x12fc ./emlib/em_emu.o
 .debug_line    0x00003079      0xc18 ./emlib/em_gpio.o
 .debug_line    0x00003c91      0xb5c ./emlib/em_i2c.o
 .debug_line    0x000047ed      0x992 ./emlib/em_letimer.o
 .debug_line    0x0000517f      0x9ae ./emlib/em_leuart.o
 .debug_line    0x00005b2d      0xc53 ./src/Source_files/app.o
 .debug_line    0x00006780      0xbc3 ./src/Source_files/ble.o
 .debug_line    0x00007343      0x86e ./src/Source_files/cmu.o
 .debug_line    0x00007bb1      0x875 ./src/Source_files/gpio.o
 .debug_line    0x00008426      0xc3c ./src/Source_files/i2c.o
 .debug_line    0x00009062      0x997 ./src/Source_files/letimer.o
 .debug_line    0x000099f9      0xcee ./src/Source_files/leuart.o
 .debug_line    0x0000a6e7      0x8c3 ./src/Source_files/scheduler.o
 .debug_line    0x0000afaa      0xa34 ./src/Source_files/si7021.o
 .debug_line    0x0000b9de      0x95d ./src/Source_files/sleep_routines.o
 .debug_line    0x0000c33b      0xb7d ./src/main.o

.debug_info     0x00000000     0xfd21
 .debug_info    0x00000000       0x26 ./CMSIS/EFM32PG12B/startup_gcc_efm32pg12b.o
 .debug_info    0x00000026      0x8f6 ./CMSIS/EFM32PG12B/system_efm32pg12b.o
 .debug_info    0x0000091c       0x7e ./emlib/em_assert.o
 .debug_info    0x0000099a     0x2409 ./emlib/em_cmu.o
 .debug_info    0x00002da3     0x2409 ./emlib/em_emu.o
 .debug_info    0x000051ac      0xa7a ./emlib/em_gpio.o
 .debug_info    0x00005c26      0xa19 ./emlib/em_i2c.o
 .debug_info    0x0000663f      0x5cd ./emlib/em_letimer.o
 .debug_info    0x00006c0c      0x8d2 ./emlib/em_leuart.o
 .debug_info    0x000074de     0x110d ./src/Source_files/app.o
 .debug_info    0x000085eb     0x12d0 ./src/Source_files/ble.o
 .debug_info    0x000098bb      0x32a ./src/Source_files/cmu.o
 .debug_info    0x00009be5      0x36f ./src/Source_files/gpio.o
 .debug_info    0x00009f54      0xe9e ./src/Source_files/i2c.o
 .debug_info    0x0000adf2      0x95a ./src/Source_files/letimer.o
 .debug_info    0x0000b74c     0x171e ./src/Source_files/leuart.o
 .debug_info    0x0000ce6a      0x1b5 ./src/Source_files/scheduler.o
 .debug_info    0x0000d01f      0xd10 ./src/Source_files/si7021.o
 .debug_info    0x0000dd2f      0x41c ./src/Source_files/sleep_routines.o
 .debug_info    0x0000e14b     0x1bd6 ./src/main.o

.debug_abbrev   0x00000000     0x258d
 .debug_abbrev  0x00000000       0x14 ./CMSIS/EFM32PG12B/startup_gcc_efm32pg12b.o
 .debug_abbrev  0x00000014      0x1b7 ./CMSIS/EFM32PG12B/system_efm32pg12b.o
 .debug_abbrev  0x000001cb       0x68 ./emlib/em_assert.o
 .debug_abbrev  0x00000233      0x31e ./emlib/em_cmu.o
 .debug_abbrev  0x00000551      0x312 ./emlib/em_emu.o
 .debug_abbrev  0x00000863      0x206 ./emlib/em_gpio.o
 .debug_abbrev  0x00000a69      0x263 ./emlib/em_i2c.o
 .debug_abbrev  0x00000ccc      0x1d1 ./emlib/em_letimer.o
 .debug_abbrev  0x00000e9d      0x205 ./emlib/em_leuart.o
 .debug_abbrev  0x000010a2      0x2aa ./src/Source_files/app.o
 .debug_abbrev  0x0000134c      0x2fe ./src/Source_files/ble.o
 .debug_abbrev  0x0000164a       0xa0 ./src/Source_files/cmu.o
 .debug_abbrev  0x000016ea       0xa0 ./src/Source_files/gpio.o
 .debug_abbrev  0x0000178a      0x2a7 ./src/Source_files/i2c.o
 .debug_abbrev  0x00001a31      0x1a0 ./src/Source_files/letimer.o
 .debug_abbrev  0x00001bd1      0x32b ./src/Source_files/leuart.o
 .debug_abbrev  0x00001efc       0xed ./src/Source_files/scheduler.o
 .debug_abbrev  0x00001fe9      0x203 ./src/Source_files/si7021.o
 .debug_abbrev  0x000021ec      0x188 ./src/Source_files/sleep_routines.o
 .debug_abbrev  0x00002374      0x219 ./src/main.o

.debug_aranges  0x00000000      0x970
 .debug_aranges
                0x00000000       0x20 ./CMSIS/EFM32PG12B/startup_gcc_efm32pg12b.o
 .debug_aranges
                0x00000020       0x68 ./CMSIS/EFM32PG12B/system_efm32pg12b.o
 .debug_aranges
                0x00000088       0x20 ./emlib/em_assert.o
 .debug_aranges
                0x000000a8      0x1b8 ./emlib/em_cmu.o
 .debug_aranges
                0x00000260      0x1a8 ./emlib/em_emu.o
 .debug_aranges
                0x00000408       0x88 ./emlib/em_gpio.o
 .debug_aranges
                0x00000490       0x80 ./emlib/em_i2c.o
 .debug_aranges
                0x00000510       0x68 ./emlib/em_letimer.o
 .debug_aranges
                0x00000578       0x88 ./emlib/em_leuart.o
 .debug_aranges
                0x00000600       0x80 ./src/Source_files/app.o
 .debug_aranges
                0x00000680       0x68 ./src/Source_files/ble.o
 .debug_aranges
                0x000006e8       0x20 ./src/Source_files/cmu.o
 .debug_aranges
                0x00000708       0x20 ./src/Source_files/gpio.o
 .debug_aranges
                0x00000728       0x90 ./src/Source_files/i2c.o
 .debug_aranges
                0x000007b8       0x38 ./src/Source_files/letimer.o
 .debug_aranges
                0x000007f0       0xa0 ./src/Source_files/leuart.o
 .debug_aranges
                0x00000890       0x38 ./src/Source_files/scheduler.o
 .debug_aranges
                0x000008c8       0x30 ./src/Source_files/si7021.o
 .debug_aranges
                0x000008f8       0x48 ./src/Source_files/sleep_routines.o
 .debug_aranges
                0x00000940       0x30 ./src/main.o

.debug_str      0x00000000   0x159c63
 .debug_str     0x00000000       0x91 ./CMSIS/EFM32PG12B/startup_gcc_efm32pg12b.o
 .debug_str     0x00000091   0x14e43d ./CMSIS/EFM32PG12B/system_efm32pg12b.o
                             0x14f314 (size before relaxing)
 .debug_str     0x0014e4ce       0xb8 ./emlib/em_assert.o
                               0x2dbe (size before relaxing)
 .debug_str     0x0014e586     0x4dc6 ./emlib/em_cmu.o
                             0x154108 (size before relaxing)
 .debug_str     0x0015334c     0x114d ./emlib/em_emu.o
                             0x154310 (size before relaxing)
 .debug_str     0x00154499      0x49c ./emlib/em_gpio.o
                             0x14fd75 (size before relaxing)
 .debug_str     0x00154935      0x51d ./emlib/em_i2c.o
                             0x1527bd (size before relaxing)
 .debug_str     0x00154e52      0x31c ./emlib/em_letimer.o
                             0x1506e6 (size before relaxing)
 .debug_str     0x0015516e      0x2fe ./emlib/em_leuart.o
                             0x150a06 (size before relaxing)
 .debug_str     0x0015546c     0x2e76 ./src/Source_files/app.o
                             0x1554d5 (size before relaxing)
 .debug_str     0x001582e2      0x283 ./src/Source_files/ble.o
                             0x1532b4 (size before relaxing)
 .debug_str     0x00158565       0x23 ./src/Source_files/cmu.o
                             0x150790 (size before relaxing)
 .debug_str     0x00158588       0x25 ./src/Source_files/gpio.o
                             0x1509fb (size before relaxing)
 .debug_str     0x001585ad      0x4cf ./src/Source_files/i2c.o
                             0x151da0 (size before relaxing)
 .debug_str     0x00158a7c       0x9f ./src/Source_files/letimer.o
                             0x1519a3 (size before relaxing)
 .debug_str     0x00158b1b      0x2bf ./src/Source_files/leuart.o
                             0x154c8b (size before relaxing)
 .debug_str     0x00158dda       0x7f ./src/Source_files/scheduler.o
                             0x14f343 (size before relaxing)
 .debug_str     0x00158e59       0x85 ./src/Source_files/si7021.o
                             0x155297 (size before relaxing)
 .debug_str     0x00158ede       0x9a ./src/Source_files/sleep_routines.o
                             0x14fc86 (size before relaxing)
 .debug_str     0x00158f78      0xceb ./src/main.o
                             0x156d2a (size before relaxing)

.debug_loc      0x00000000     0x4896
 .debug_loc     0x00000000      0x2e4 ./CMSIS/EFM32PG12B/system_efm32pg12b.o
 .debug_loc     0x000002e4       0x38 ./emlib/em_assert.o
 .debug_loc     0x0000031c     0x1010 ./emlib/em_cmu.o
 .debug_loc     0x0000132c      0xea6 ./emlib/em_emu.o
 .debug_loc     0x000021d2      0x49c ./emlib/em_gpio.o
 .debug_loc     0x0000266e      0x44c ./emlib/em_i2c.o
 .debug_loc     0x00002aba      0x338 ./emlib/em_letimer.o
 .debug_loc     0x00002df2      0x49c ./emlib/em_leuart.o
 .debug_loc     0x0000328e      0x352 ./src/Source_files/app.o
 .debug_loc     0x000035e0      0x324 ./src/Source_files/ble.o
 .debug_loc     0x00003904       0x2c ./src/Source_files/cmu.o
 .debug_loc     0x00003930       0x2c ./src/Source_files/gpio.o
 .debug_loc     0x0000395c      0x450 ./src/Source_files/i2c.o
 .debug_loc     0x00003dac      0x14c ./src/Source_files/letimer.o
 .debug_loc     0x00003ef8      0x4e6 ./src/Source_files/leuart.o
 .debug_loc     0x000043de      0x140 ./src/Source_files/scheduler.o
 .debug_loc     0x0000451e       0xe4 ./src/Source_files/si7021.o
 .debug_loc     0x00004602      0x1c8 ./src/Source_files/sleep_routines.o
 .debug_loc     0x000047ca       0xcc ./src/main.o

.debug_ranges   0x00000000      0x838
 .debug_ranges  0x00000000       0x58 ./CMSIS/EFM32PG12B/system_efm32pg12b.o
 .debug_ranges  0x00000058       0x10 ./emlib/em_assert.o
 .debug_ranges  0x00000068      0x1a8 ./emlib/em_cmu.o
 .debug_ranges  0x00000210      0x198 ./emlib/em_emu.o
 .debug_ranges  0x000003a8       0x78 ./emlib/em_gpio.o
 .debug_ranges  0x00000420       0x88 ./emlib/em_i2c.o
 .debug_ranges  0x000004a8       0x58 ./emlib/em_letimer.o
 .debug_ranges  0x00000500       0x78 ./emlib/em_leuart.o
 .debug_ranges  0x00000578       0x70 ./src/Source_files/app.o
 .debug_ranges  0x000005e8       0x58 ./src/Source_files/ble.o
 .debug_ranges  0x00000640       0x10 ./src/Source_files/cmu.o
 .debug_ranges  0x00000650       0x10 ./src/Source_files/gpio.o
 .debug_ranges  0x00000660       0x80 ./src/Source_files/i2c.o
 .debug_ranges  0x000006e0       0x28 ./src/Source_files/letimer.o
 .debug_ranges  0x00000708       0x90 ./src/Source_files/leuart.o
 .debug_ranges  0x00000798       0x28 ./src/Source_files/scheduler.o
 .debug_ranges  0x000007c0       0x20 ./src/Source_files/si7021.o
 .debug_ranges  0x000007e0       0x38 ./src/Source_files/sleep_routines.o
 .debug_ranges  0x00000818       0x20 ./src/main.o

.debug_macro    0x00000000    0x34a5a
 .debug_macro   0x00000000      0x282 ./CMSIS/EFM32PG12B/system_efm32pg12b.o
 .debug_macro   0x00000282      0xa54 ./CMSIS/EFM32PG12B/system_efm32pg12b.o
 .debug_macro   0x00000cd6       0x22 ./CMSIS/EFM32PG12B/system_efm32pg12b.o
 .debug_macro   0x00000cf8       0x4f ./CMSIS/EFM32PG12B/system_efm32pg12b.o
 .debug_macro   0x00000d47       0x51 ./CMSIS/EFM32PG12B/system_efm32pg12b.o
 .debug_macro   0x00000d98       0xef ./CMSIS/EFM32PG12B/system_efm32pg12b.o
 .debug_macro   0x00000e87       0x6a ./CMSIS/EFM32PG12B/system_efm32pg12b.o
 .debug_macro   0x00000ef1      0x1df ./CMSIS/EFM32PG12B/system_efm32pg12b.o
 .debug_macro   0x000010d0      0x4b1 ./CMSIS/EFM32PG12B/system_efm32pg12b.o
 .debug_macro   0x00001581       0x1c ./CMSIS/EFM32PG12B/system_efm32pg12b.o
 .debug_macro   0x0000159d       0x22 ./CMSIS/EFM32PG12B/system_efm32pg12b.o
 .debug_macro   0x000015bf       0xdf ./CMSIS/EFM32PG12B/system_efm32pg12b.o
 .debug_macro   0x0000169e      0xff5 ./CMSIS/EFM32PG12B/system_efm32pg12b.o
 .debug_macro   0x00002693       0xe2 ./CMSIS/EFM32PG12B/system_efm32pg12b.o
 .debug_macro   0x00002775      0xe1d ./CMSIS/EFM32PG12B/system_efm32pg12b.o
 .debug_macro   0x00003592     0x2276 ./CMSIS/EFM32PG12B/system_efm32pg12b.o
 .debug_macro   0x00005808      0x32a ./CMSIS/EFM32PG12B/system_efm32pg12b.o
 .debug_macro   0x00005b32     0x3119 ./CMSIS/EFM32PG12B/system_efm32pg12b.o
 .debug_macro   0x00008c4b     0x1bbb ./CMSIS/EFM32PG12B/system_efm32pg12b.o
 .debug_macro   0x0000a806     0x2675 ./CMSIS/EFM32PG12B/system_efm32pg12b.o
 .debug_macro   0x0000ce7b     0x1b1a ./CMSIS/EFM32PG12B/system_efm32pg12b.o
 .debug_macro   0x0000e995      0xe2c ./CMSIS/EFM32PG12B/system_efm32pg12b.o
 .debug_macro   0x0000f7c1      0x345 ./CMSIS/EFM32PG12B/system_efm32pg12b.o
 .debug_macro   0x0000fb06      0x29e ./CMSIS/EFM32PG12B/system_efm32pg12b.o
 .debug_macro   0x0000fda4     0x2764 ./CMSIS/EFM32PG12B/system_efm32pg12b.o
 .debug_macro   0x00012508     0x31cd ./CMSIS/EFM32PG12B/system_efm32pg12b.o
 .debug_macro   0x000156d5     0x136c ./CMSIS/EFM32PG12B/system_efm32pg12b.o
 .debug_macro   0x00016a41      0xde3 ./CMSIS/EFM32PG12B/system_efm32pg12b.o
 .debug_macro   0x00017824      0x249 ./CMSIS/EFM32PG12B/system_efm32pg12b.o
 .debug_macro   0x00017a6d     0x1043 ./CMSIS/EFM32PG12B/system_efm32pg12b.o
 .debug_macro   0x00018ab0     0x1606 ./CMSIS/EFM32PG12B/system_efm32pg12b.o
 .debug_macro   0x0001a0b6     0x3cb8 ./CMSIS/EFM32PG12B/system_efm32pg12b.o
 .debug_macro   0x0001dd6e     0x23fd ./CMSIS/EFM32PG12B/system_efm32pg12b.o
 .debug_macro   0x0002016b      0x70d ./CMSIS/EFM32PG12B/system_efm32pg12b.o
 .debug_macro   0x00020878     0x26f0 ./CMSIS/EFM32PG12B/system_efm32pg12b.o
 .debug_macro   0x00022f68     0x1701 ./CMSIS/EFM32PG12B/system_efm32pg12b.o
 .debug_macro   0x00024669     0x2efc ./CMSIS/EFM32PG12B/system_efm32pg12b.o
 .debug_macro   0x00027565      0xfb0 ./CMSIS/EFM32PG12B/system_efm32pg12b.o
 .debug_macro   0x00028515      0x6c4 ./CMSIS/EFM32PG12B/system_efm32pg12b.o
 .debug_macro   0x00028bd9     0x1022 ./CMSIS/EFM32PG12B/system_efm32pg12b.o
 .debug_macro   0x00029bfb      0x889 ./CMSIS/EFM32PG12B/system_efm32pg12b.o
 .debug_macro   0x0002a484      0x500 ./CMSIS/EFM32PG12B/system_efm32pg12b.o
 .debug_macro   0x0002a984     0x1bc5 ./CMSIS/EFM32PG12B/system_efm32pg12b.o
 .debug_macro   0x0002c549       0x40 ./CMSIS/EFM32PG12B/system_efm32pg12b.o
 .debug_macro   0x0002c589      0x2ce ./CMSIS/EFM32PG12B/system_efm32pg12b.o
 .debug_macro   0x0002c857      0x382 ./CMSIS/EFM32PG12B/system_efm32pg12b.o
 .debug_macro   0x0002cbd9      0x190 ./CMSIS/EFM32PG12B/system_efm32pg12b.o
 .debug_macro   0x0002cd69     0x27bf ./CMSIS/EFM32PG12B/system_efm32pg12b.o
 .debug_macro   0x0002f528      0x304 ./CMSIS/EFM32PG12B/system_efm32pg12b.o
 .debug_macro   0x0002f82c      0x304 ./CMSIS/EFM32PG12B/system_efm32pg12b.o
 .debug_macro   0x0002fb30       0x23 ./emlib/em_assert.o
 .debug_macro   0x0002fb53      0x3a5 ./emlib/em_cmu.o
 .debug_macro   0x0002fef8       0x58 ./emlib/em_cmu.o
 .debug_macro   0x0002ff50      0x34d ./emlib/em_cmu.o
 .debug_macro   0x0003029d       0x25 ./emlib/em_cmu.o
 .debug_macro   0x000302c2       0xee ./emlib/em_cmu.o
 .debug_macro   0x000303b0       0x80 ./emlib/em_cmu.o
 .debug_macro   0x00030430      0x391 ./emlib/em_emu.o
 .debug_macro   0x000307c1       0x52 ./emlib/em_emu.o
 .debug_macro   0x00030813       0x55 ./emlib/em_emu.o
 .debug_macro   0x00030868      0x353 ./emlib/em_emu.o
 .debug_macro   0x00030bbb       0xd9 ./emlib/em_emu.o
 .debug_macro   0x00030c94       0x7a ./emlib/em_emu.o
 .debug_macro   0x00030d0e      0x295 ./emlib/em_gpio.o
 .debug_macro   0x00030fa3      0x315 ./emlib/em_i2c.o
 .debug_macro   0x000312b8       0x3f ./emlib/em_i2c.o
 .debug_macro   0x000312f7      0x2b8 ./emlib/em_letimer.o
 .debug_macro   0x000315af      0x2ac ./emlib/em_leuart.o
 .debug_macro   0x0003185b      0x492 ./src/Source_files/app.o
 .debug_macro   0x00031ced       0x64 ./src/Source_files/app.o
 .debug_macro   0x00031d51       0x45 ./src/Source_files/app.o
 .debug_macro   0x00031d96       0x28 ./src/Source_files/app.o
 .debug_macro   0x00031dbe       0x16 ./src/Source_files/app.o
 .debug_macro   0x00031dd4       0x16 ./src/Source_files/app.o
 .debug_macro   0x00031dea       0x10 ./src/Source_files/app.o
 .debug_macro   0x00031dfa       0x10 ./src/Source_files/app.o
 .debug_macro   0x00031e0a       0xb6 ./src/Source_files/app.o
 .debug_macro   0x00031ec0       0x16 ./src/Source_files/app.o
 .debug_macro   0x00031ed6      0x129 ./src/Source_files/app.o
 .debug_macro   0x00031fff       0x3a ./src/Source_files/app.o
 .debug_macro   0x00032039       0x16 ./src/Source_files/app.o
 .debug_macro   0x0003204f       0x10 ./src/Source_files/app.o
 .debug_macro   0x0003205f       0x10 ./src/Source_files/app.o
 .debug_macro   0x0003206f       0x5e ./src/Source_files/app.o
 .debug_macro   0x000320cd       0x5e ./src/Source_files/app.o
 .debug_macro   0x0003212b       0x10 ./src/Source_files/app.o
 .debug_macro   0x0003213b       0x10 ./src/Source_files/app.o
 .debug_macro   0x0003214b      0x395 ./src/Source_files/ble.o
 .debug_macro   0x000324e0      0x29c ./src/Source_files/cmu.o
 .debug_macro   0x0003277c      0x2ab ./src/Source_files/gpio.o
 .debug_macro   0x00032a27      0x317 ./src/Source_files/i2c.o
 .debug_macro   0x00032d3e       0x6a ./src/Source_files/i2c.o
 .debug_macro   0x00032da8      0x2f2 ./src/Source_files/letimer.o
 .debug_macro   0x0003309a      0x3af ./src/Source_files/leuart.o
 .debug_macro   0x00033449      0x293 ./src/Source_files/scheduler.o
 .debug_macro   0x000336dc      0x47c ./src/Source_files/si7021.o
 .debug_macro   0x00033b58       0x1c ./src/Source_files/si7021.o
 .debug_macro   0x00033b74      0x2ba ./src/Source_files/sleep_routines.o
 .debug_macro   0x00033e2e      0x4e4 ./src/main.o
 .debug_macro   0x00034312       0x97 ./src/main.o
 .debug_macro   0x000343a9       0xf6 ./src/main.o
 .debug_macro   0x0003449f       0xd6 ./src/main.o
 .debug_macro   0x00034575       0x76 ./src/main.o
 .debug_macro   0x000345eb       0xf1 ./src/main.o
 .debug_macro   0x000346dc       0x3a ./src/main.o
 .debug_macro   0x00034716      0x344 ./src/main.o

.debug_frame    0x00000000     0x2df8
 .debug_frame   0x00000000      0x164 ./CMSIS/EFM32PG12B/system_efm32pg12b.o
 .debug_frame   0x00000164       0x2c ./emlib/em_assert.o
 .debug_frame   0x00000190      0x770 ./emlib/em_cmu.o
 .debug_frame   0x00000900      0x6f0 ./emlib/em_emu.o
 .debug_frame   0x00000ff0      0x21c ./emlib/em_gpio.o
 .debug_frame   0x0000120c      0x1fc ./emlib/em_i2c.o
 .debug_frame   0x00001408      0x180 ./emlib/em_letimer.o
 .debug_frame   0x00001588      0x21c ./emlib/em_leuart.o
 .debug_frame   0x000017a4      0x1c0 ./src/Source_files/app.o
 .debug_frame   0x00001964      0x184 ./src/Source_files/ble.o
 .debug_frame   0x00001ae8       0x2c ./src/Source_files/cmu.o
 .debug_frame   0x00001b14       0x2c ./src/Source_files/gpio.o
 .debug_frame   0x00001b40      0x21c ./src/Source_files/i2c.o
 .debug_frame   0x00001d5c       0xa4 ./src/Source_files/letimer.o
 .debug_frame   0x00001e00      0x270 ./src/Source_files/leuart.o
 .debug_frame   0x00002070       0xa0 ./src/Source_files/scheduler.o
 .debug_frame   0x00002110       0x80 ./src/Source_files/si7021.o
 .debug_frame   0x00002190       0xe4 ./src/Source_files/sleep_routines.o
 .debug_frame   0x00002274       0x78 ./src/main.o
 .debug_frame   0x000022ec       0xac d:/simplicity_studio/developer/toolchains/gnu_arm/7.2_2017q4/bin/../lib/gcc/arm-none-eabi/7.2.1/thumb/v7e-m/fpv4-sp/softfp\libgcc.a(_arm_addsubdf3.o)
 .debug_frame   0x00002398       0x50 d:/simplicity_studio/developer/toolchains/gnu_arm/7.2_2017q4/bin/../lib/gcc/arm-none-eabi/7.2.1/thumb/v7e-m/fpv4-sp/softfp\libgcc.a(_arm_muldivdf3.o)
 .debug_frame   0x000023e8       0x24 d:/simplicity_studio/developer/toolchains/gnu_arm/7.2_2017q4/bin/../lib/gcc/arm-none-eabi/7.2.1/thumb/v7e-m/fpv4-sp/softfp\libgcc.a(_arm_truncdfsf2.o)
 .debug_frame   0x0000240c       0x28 d:/simplicity_studio/developer/toolchains/gnu_arm/7.2_2017q4/bin/../lib/gcc/arm-none-eabi/7.2.1/../../../../arm-none-eabi/lib/thumb/v7e-m/fpv4-sp/softfp\libc_nano.a(lib_a-exit.o)
 .debug_frame   0x00002434       0x2c d:/simplicity_studio/developer/toolchains/gnu_arm/7.2_2017q4/bin/../lib/gcc/arm-none-eabi/7.2.1/../../../../arm-none-eabi/lib/thumb/v7e-m/fpv4-sp/softfp\libc_nano.a(lib_a-init.o)
 .debug_frame   0x00002460       0x28 d:/simplicity_studio/developer/toolchains/gnu_arm/7.2_2017q4/bin/../lib/gcc/arm-none-eabi/7.2.1/../../../../arm-none-eabi/lib/thumb/v7e-m/fpv4-sp/softfp\libc_nano.a(lib_a-memcpy-stub.o)
 .debug_frame   0x00002488       0x20 d:/simplicity_studio/developer/toolchains/gnu_arm/7.2_2017q4/bin/../lib/gcc/arm-none-eabi/7.2.1/../../../../arm-none-eabi/lib/thumb/v7e-m/fpv4-sp/softfp\libc_nano.a(lib_a-memset.o)
 .debug_frame   0x000024a8       0x90 d:/simplicity_studio/developer/toolchains/gnu_arm/7.2_2017q4/bin/../lib/gcc/arm-none-eabi/7.2.1/../../../../arm-none-eabi/lib/thumb/v7e-m/fpv4-sp/softfp\libc_nano.a(lib_a-nano-vfprintf_float.o)
 .debug_frame   0x00002538       0x60 d:/simplicity_studio/developer/toolchains/gnu_arm/7.2_2017q4/bin/../lib/gcc/arm-none-eabi/7.2.1/../../../../arm-none-eabi/lib/thumb/v7e-m/fpv4-sp/softfp\libc_nano.a(lib_a-nano-vfprintf_i.o)
 .debug_frame   0x00002598       0x6c d:/simplicity_studio/developer/toolchains/gnu_arm/7.2_2017q4/bin/../lib/gcc/arm-none-eabi/7.2.1/../../../../arm-none-eabi/lib/thumb/v7e-m/fpv4-sp/softfp\libc_nano.a(lib_a-sprintf.o)
 .debug_frame   0x00002604       0x20 d:/simplicity_studio/developer/toolchains/gnu_arm/7.2_2017q4/bin/../lib/gcc/arm-none-eabi/7.2.1/../../../../arm-none-eabi/lib/thumb/v7e-m/fpv4-sp/softfp\libc_nano.a(lib_a-strcmp.o)
 .debug_frame   0x00002624       0x20 d:/simplicity_studio/developer/toolchains/gnu_arm/7.2_2017q4/bin/../lib/gcc/arm-none-eabi/7.2.1/../../../../arm-none-eabi/lib/thumb/v7e-m/fpv4-sp/softfp\libc_nano.a(lib_a-strcpy.o)
 .debug_frame   0x00002644       0x6c d:/simplicity_studio/developer/toolchains/gnu_arm/7.2_2017q4/bin/../lib/gcc/arm-none-eabi/7.2.1/../../../../arm-none-eabi/lib/thumb/v7e-m/fpv4-sp/softfp\libc_nano.a(lib_a-dtoa.o)
 .debug_frame   0x000026b0       0x40 d:/simplicity_studio/developer/toolchains/gnu_arm/7.2_2017q4/bin/../lib/gcc/arm-none-eabi/7.2.1/../../../../arm-none-eabi/lib/thumb/v7e-m/fpv4-sp/softfp\libc_nano.a(lib_a-localeconv.o)
 .debug_frame   0x000026f0       0x30 d:/simplicity_studio/developer/toolchains/gnu_arm/7.2_2017q4/bin/../lib/gcc/arm-none-eabi/7.2.1/../../../../arm-none-eabi/lib/thumb/v7e-m/fpv4-sp/softfp\libc_nano.a(lib_a-malloc.o)
 .debug_frame   0x00002720      0x248 d:/simplicity_studio/developer/toolchains/gnu_arm/7.2_2017q4/bin/../lib/gcc/arm-none-eabi/7.2.1/../../../../arm-none-eabi/lib/thumb/v7e-m/fpv4-sp/softfp\libc_nano.a(lib_a-mprec.o)
 .debug_frame   0x00002968       0x2c d:/simplicity_studio/developer/toolchains/gnu_arm/7.2_2017q4/bin/../lib/gcc/arm-none-eabi/7.2.1/../../../../arm-none-eabi/lib/thumb/v7e-m/fpv4-sp/softfp\libc_nano.a(lib_a-nano-callocr.o)
 .debug_frame   0x00002994       0x38 d:/simplicity_studio/developer/toolchains/gnu_arm/7.2_2017q4/bin/../lib/gcc/arm-none-eabi/7.2.1/../../../../arm-none-eabi/lib/thumb/v7e-m/fpv4-sp/softfp\libc_nano.a(lib_a-nano-freer.o)
 .debug_frame   0x000029cc       0x2c d:/simplicity_studio/developer/toolchains/gnu_arm/7.2_2017q4/bin/../lib/gcc/arm-none-eabi/7.2.1/../../../../arm-none-eabi/lib/thumb/v7e-m/fpv4-sp/softfp\libc_nano.a(lib_a-nano-mallocr.o)
 .debug_frame   0x000029f8       0x90 d:/simplicity_studio/developer/toolchains/gnu_arm/7.2_2017q4/bin/../lib/gcc/arm-none-eabi/7.2.1/../../../../arm-none-eabi/lib/thumb/v7e-m/fpv4-sp/softfp\libc_nano.a(lib_a-nano-svfprintf.o)
 .debug_frame   0x00002a88       0x2c d:/simplicity_studio/developer/toolchains/gnu_arm/7.2_2017q4/bin/../lib/gcc/arm-none-eabi/7.2.1/../../../../arm-none-eabi/lib/thumb/v7e-m/fpv4-sp/softfp\libc_nano.a(lib_a-sbrkr.o)
 .debug_frame   0x00002ab4       0x68 d:/simplicity_studio/developer/toolchains/gnu_arm/7.2_2017q4/bin/../lib/gcc/arm-none-eabi/7.2.1/../../../../arm-none-eabi/lib/thumb/v7e-m/fpv4-sp/softfp\libc_nano.a(lib_a-locale.o)
 .debug_frame   0x00002b1c       0x48 d:/simplicity_studio/developer/toolchains/gnu_arm/7.2_2017q4/bin/../lib/gcc/arm-none-eabi/7.2.1/../../../../arm-none-eabi/lib/thumb/v7e-m/fpv4-sp/softfp\libc_nano.a(lib_a-mbtowc_r.o)